******************************************************************************
                  TI ARM Linker Unix v5.2.6                    
******************************************************************************
>> Linked Thu Mar 17 17:04:15 2016

OUTPUT FILE NAME:   <InterruptTesting.out>
ENTRY POINT SYMBOL: "_c_int00"  address: 0000046d


MEMORY CONFIGURATION

         name            origin    length      used     unused   attr    fill
----------------------  --------  ---------  --------  --------  ----  --------
  MAIN                  00000000   00040000  000005bc  0003fa44  R  X
  INFO                  00200000   00004000  00000000  00004000  R  X
  SRAM_CODE             01000000   00010000  00000000  00010000  RW X
  SRAM_DATA             20000000   00010000  00000218  0000fde8  RW  


SEGMENT ALLOCATION MAP

run origin  load origin   length   init length attrs members
----------  ----------- ---------- ----------- ----- -------
00000000    00000000    000005c0   000005c0    r-x
  00000000    00000000    00000140   00000140    r-- .intvecs
  00000140    00000140    0000045c   0000045c    r-x .text
  000005a0    000005a0    00000020   00000020    r-- .cinit
20000000    20000000    00000018   00000000    rw-
  20000000    20000000    00000018   00000000    rw- .data
2000fe00    2000fe00    00000200   00000000    rw-
  2000fe00    2000fe00    00000200   00000000    rw- .stack


SECTION ALLOCATION MAP

 output                                  attributes/
section   page    origin      length       input sections
--------  ----  ----------  ----------   ----------------
.intvecs   0    00000000    00000140     
                  00000000    00000140     msp432_startup_ccs.obj (.intvecs:retain)

.text      0    00000140    0000045c     
                  00000140    0000013c     EdgeCounter.obj (.text)
                  0000027c    0000009c     rtsv7M4_T_le_v4SPD16_eabi.lib : memcpy_t2.obj (.text)
                  00000318    0000007a                                   : memset_t2.obj (.text)
                  00000392    00000002     --HOLE-- [fill = 0]
                  00000394    0000006c                                   : autoinit.obj (.text)
                  00000400    0000006a                                   : copy_decompress_rle.obj (.text)
                  0000046a    00000002     --HOLE-- [fill = 0]
                  0000046c    00000050                                   : boot.obj (.text)
                  000004bc    0000004c                                   : cpy_tbl.obj (.text)
                  00000508    00000044                                   : exit.obj (.text)
                  0000054c    00000018                                   : args_main.obj (.text)
                  00000564    00000014                                   : _lock.obj (.text)
                  00000578    0000000e                                   : copy_decompress_none.obj (.text:decompress:none)
                  00000586    0000000c     msp432_startup_ccs.obj (.text)
                  00000592    00000006     rtsv7M4_T_le_v4SPD16_eabi.lib : copy_decompress_rle.obj (.text:decompress:rle24)
                  00000598    00000004                                   : pre_init.obj (.text)

.cinit     0    000005a0    00000020     
                  000005a0    0000000f     (.cinit..data.load) [load image, compression = rle]
                  000005af    00000001     --HOLE-- [fill = 0]
                  000005b0    00000008     (__TI_handler_table)
                  000005b8    00000008     (__TI_cinit_table)

.init_array 
*          0    00000000    00000000     UNINITIALIZED

.data      0    20000000    00000018     UNINITIALIZED
                  20000000    00000008     rtsv7M4_T_le_v4SPD16_eabi.lib : _lock.obj (.data)
                  20000008    00000008                                   : exit.obj (.data)
                  20000010    00000004     EdgeCounter.obj (.data)
                  20000014    00000004     rtsv7M4_T_le_v4SPD16_eabi.lib : stkdepth_vars.obj (.data)

.stack     0    2000fe00    00000200     UNINITIALIZED
                  2000fe00    00000200     --HOLE--

.TI.persistent 
*          0    20000000    00000000     UNINITIALIZED


LINKER GENERATED COPY TABLES

__TI_cinit_table @ 000005b8 records: 1, size/record: 8, table size: 8
	.data: load addr=000005a0, load size=0000000f bytes, run addr=20000000, run size=00000018 bytes, compression=rle


LINKER GENERATED HANDLER TABLE

__TI_handler_table @ 000005b0 records: 2, size/record: 4, table size: 8
	index: 0, handler: __TI_decompress_rle24
	index: 1, handler: __TI_decompress_none


GLOBAL SYMBOLS: SORTED ALPHABETICALLY BY Name 

address   name                    
-------   ----                    
00000509  C$$EXIT                 
00000141  EventCounterInit        
20000010  FallingEdges            
000001af  PORT1_IRQHandler        
UNDEFED   SHT$$INIT_ARRAY$$Base   
UNDEFED   SHT$$INIT_ARRAY$$Limit  
4000480c  WDTCTL_SYM              
20010000  __STACK_END             
00000200  __STACK_SIZE            
000005b8  __TI_CINIT_Base         
000005c0  __TI_CINIT_Limit        
000005b0  __TI_Handler_Table_Base 
000005b8  __TI_Handler_Table_Limit
00000395  __TI_auto_init          
20000008  __TI_cleanup_ptr        
00000579  __TI_decompress_none    
00000593  __TI_decompress_rle24   
2000000c  __TI_dtors_ptr          
00000000  __TI_static_base__      
00000319  __aeabi_memclr          
00000319  __aeabi_memclr4         
00000319  __aeabi_memclr8         
0000027d  __aeabi_memcpy          
0000027d  __aeabi_memcpy4         
0000027d  __aeabi_memcpy8         
0000031b  __aeabi_memset          
0000031b  __aeabi_memset4         
0000031b  __aeabi_memset8         
ffffffff  __binit__               
ffffffff  __c_args__              
2000fe00  __stack                 
0000054d  _args_main              
0000046d  _c_int00                
20000000  _lock                   
00000573  _nop                    
0000056b  _register_lock          
00000565  _register_unlock        
00000599  _system_pre_init        
20000004  _unlock                 
0000050d  abort                   
ffffffff  binit                   
000004bd  copy_in                 
00000515  exit                    
00000000  interruptVectors        
000001cb  main                    
20000014  main_func_sp            
0000027d  memcpy                  
00000321  memset                  


GLOBAL SYMBOLS: SORTED BY Symbol Address 

address   name                    
-------   ----                    
00000000  __TI_static_base__      
00000000  interruptVectors        
00000141  EventCounterInit        
000001af  PORT1_IRQHandler        
000001cb  main                    
00000200  __STACK_SIZE            
0000027d  __aeabi_memcpy          
0000027d  __aeabi_memcpy4         
0000027d  __aeabi_memcpy8         
0000027d  memcpy                  
00000319  __aeabi_memclr          
00000319  __aeabi_memclr4         
00000319  __aeabi_memclr8         
0000031b  __aeabi_memset          
0000031b  __aeabi_memset4         
0000031b  __aeabi_memset8         
00000321  memset                  
00000395  __TI_auto_init          
0000046d  _c_int00                
000004bd  copy_in                 
00000509  C$$EXIT                 
0000050d  abort                   
00000515  exit                    
0000054d  _args_main              
00000565  _register_unlock        
0000056b  _register_lock          
00000573  _nop                    
00000579  __TI_decompress_none    
00000593  __TI_decompress_rle24   
00000599  _system_pre_init        
000005b0  __TI_Handler_Table_Base 
000005b8  __TI_CINIT_Base         
000005b8  __TI_Handler_Table_Limit
000005c0  __TI_CINIT_Limit        
20000000  _lock                   
20000004  _unlock                 
20000008  __TI_cleanup_ptr        
2000000c  __TI_dtors_ptr          
20000010  FallingEdges            
20000014  main_func_sp            
2000fe00  __stack                 
20010000  __STACK_END             
4000480c  WDTCTL_SYM              
ffffffff  __binit__               
ffffffff  __c_args__              
ffffffff  binit                   
UNDEFED   SHT$$INIT_ARRAY$$Base   
UNDEFED   SHT$$INIT_ARRAY$$Limit  

[48 symbols]
