******************************************************************************
                  TI ARM Linker Unix v5.2.7                    
******************************************************************************
>> Linked Tue Apr 12 16:29:09 2016

OUTPUT FILE NAME:   <BOOSTXL-EDUMKII_LightSensor_MSP432P401R.out>
ENTRY POINT SYMBOL: "_c_int00"  address: 00006b2d


MEMORY CONFIGURATION

         name            origin    length      used     unused   attr    fill
----------------------  --------  ---------  --------  --------  ----  --------
  MAIN                  00000000   00040000  000075fe  00038a02  R  X
  INFO                  00200000   00004000  00000000  00004000  R  X
  SRAM_CODE             01000000   00010000  00000000  00010000  RW X
  SRAM_DATA             20000000   00010000  000004aa  0000fb56  RW  


SEGMENT ALLOCATION MAP

run origin  load origin   length   init length attrs members
----------  ----------- ---------- ----------- ----- -------
00000000    00000000    00007600   00007600    r-x
  00000000    00000000    00000140   00000140    r-- .intvecs
  00000140    00000140    00006e22   00006e22    r-x .text
  00006f64    00006f64    000005ec   000005ec    r-- .const
  00007550    00007550    000000b0   000000b0    r-- .cinit
20000000    20000000    000002ae   00000000    rw-
  20000000    20000000    000000e4   00000000    rw- .vtable
  200000e8    200000e8    00000194   00000000    rw- .data
  2000027c    2000027c    00000032   00000000    rw- .bss
2000fe00    2000fe00    00000200   00000000    rw-
  2000fe00    2000fe00    00000200   00000000    rw- .stack


SECTION ALLOCATION MAP

 output                                  attributes/
section   page    origin      length       input sections
--------  ----  ----------  ----------   ----------------
.intvecs   0    00000000    00000140     
                  00000000    00000140     startup_msp432p401r_ccs.obj (.intvecs:retain)

.text      0    00000140    00006e22     
                  00000140    000010ba     rtsv7M4_T_le_v4SPD16_eabi.lib : _printfi.obj (.text)
                  000011fa    00000002     --HOLE-- [fill = 0]
                  000011fc    00000d7c     cs.obj (.text)
                  00001f78    000008a4     spi.obj (.text)
                  0000281c    000007a8     i2c.obj (.text)
                  00002fc4    00000798     timer_a.obj (.text)
                  0000375c    00000678     Crystalfontz128x128_ST7735.obj (.text)
                  00003dd4    00000630     string.obj (.text)
                  00004404    00000490     line.obj (.text)
                  00004894    00000480     gpio.obj (.text)
                  00004d14    000003f0     interrupt.obj (.text)
                  00005104    00000328     system_msp432p401r.obj (.text)
                  0000542c    00000266     context.obj (.text)
                  00005692    00000002     --HOLE-- [fill = 0]
                  00005694    00000244     sysctl.obj (.text)
                  000058d8    000001f8     main.obj (.text)
                  00005ad0    000001f4     rtsv7M4_T_le_v4SPD16_eabi.lib : ull_div_t2.obj (.text)
                  00005cc4    000001b6                                   : fd_add_t2.obj (.text)
                  00005e7a    00000002     --HOLE-- [fill = 0]
                  00005e7c    0000013c     HAL_OPT3001.obj (.text)
                  00005fb8    00000136     rtsv7M4_T_le_v4SPD16_eabi.lib : fd_div_t2.obj (.text)
                  000060ee    00000134     display.obj (.text)
                  00006222    00000002     --HOLE-- [fill = 0]
                  00006224    00000118     HAL_I2C.obj (.text)
                  0000633c    00000110     rtsv7M4_T_le_v4SPD16_eabi.lib : xdscale.obj (.text)
                  0000644c    000000fc                                   : fd_mul_t2.obj (.text)
                  00006548    000000be                                   : xdnorm.obj (.text)
                  00006606    00000002     --HOLE-- [fill = 0]
                  00006608    000000bc     HAL_MSP_EXP432P401R_Crystalfontz128x128_ST7735.obj (.text)
                  000066c4    0000009c     rtsv7M4_T_le_v4SPD16_eabi.lib : memcpy_t2.obj (.text)
                  00006760    00000086                                   : fd_cmp_t2.obj (.text:__aeabi_cdcmple)
                  000067e6    00000086                                   : fd_cmp_t2.obj (.text:__aeabi_cdrcmple)
                  0000686c    0000007a                                   : memset_t2.obj (.text)
                  000068e6    00000002     --HOLE-- [fill = 0]
                  000068e8    0000006c                                   : autoinit.obj (.text)
                  00006954    0000006a                                   : copy_decompress_rle.obj (.text)
                  000069be    00000066                                   : xdunscal.obj (.text)
                  00006a24    00000060                                   : sprintf.obj (.text)
                  00006a84    00000056                                   : ltoa.obj (.text)
                  00006ada    00000052                                   : ldexp.obj (.text)
                  00006b2c    00000050                                   : boot.obj (.text)
                  00006b7c    0000004c                                   : atoi.obj (.text)
                  00006bc8    0000004c                                   : cpy_tbl.obj (.text)
                  00006c14    00000048                                   : fd_toi_t2.obj (.text)
                  00006c5c    00000044                                   : exit.obj (.text)
                  00006ca0    00000044                                   : fd_tou_t2.obj (.text)
                  00006ce4    00000040                                   : signal.obj (.text)
                  00006d24    0000003e     cpu.obj (.text)
                  00006d62    00000038     rtsv7M4_T_le_v4SPD16_eabi.lib : fs_tod_t2.obj (.text)
                  00006d9a    00000002     --HOLE-- [fill = 0]
                  00006d9c    00000034                                   : feraiseexcept.obj (.text)
                  00006dd0    00000030                                   : xdclass.obj (.text)
                  00006e00    00000030                                   : xferaise.obj (.text)
                  00006e30    0000002e                                   : i_tofd_t2.obj (.text)
                  00006e5e    0000002e                                   : raise.obj (.text)
                  00006e8c    0000002a                                   : frexp.obj (.text)
                  00006eb6    0000001c                                   : memccpy.obj (.text)
                  00006ed2    00000002     --HOLE-- [fill = 0]
                  00006ed4    00000018                                   : args_main.obj (.text)
                  00006eec    00000016                                   : strchr.obj (.text)
                  00006f02    00000002     --HOLE-- [fill = 0]
                  00006f04    00000014                                   : _lock.obj (.text)
                  00006f18    00000014                                   : strlen.obj (.text)
                  00006f2c    00000012     startup_msp432p401r_ccs.obj (.text)
                  00006f3e    0000000e     rtsv7M4_T_le_v4SPD16_eabi.lib : copy_decompress_none.obj (.text:decompress:none)
                  00006f4c    0000000c                                   : copy_zero_init.obj (.text:decompress:ZI)
                  00006f58    00000006                                   : copy_decompress_rle.obj (.text:decompress:rle24)
                  00006f5e    00000004                                   : pre_init.obj (.text)

.const     0    00006f64    000005ec     
                  00006f64    000002f8     fontfixed6x8.obj (.const:.string:g_pucFontFixed6x8Data)
                  0000725c    00000101     rtsv7M4_T_le_v4SPD16_eabi.lib : ctype.obj (.const:.string:_ctypes_)
                  0000735d    00000003     --HOLE-- [fill = 0]
                  00007360    000000c8     fontfixed6x8.obj (.const:g_sFontFixed6x8)
                  00007428    00000050     interrupt.obj (.const:g_pulRegs)
                  00007478    00000040     interrupt.obj (.const)
                  000074b8    0000002c     Crystalfontz128x128_ST7735.obj (.const:g_sCrystalfontz128x128)
                  000074e4    0000001c     HAL_MSP_EXP432P401R_Crystalfontz128x128_ST7735.obj (.const)
                  00007500    0000001c     gpio.obj (.const)
                  0000751c    00000018     main.obj (.const)
                  00007534    00000014     HAL_I2C.obj (.const)
                  00007548    00000008     Crystalfontz128x128_ST7735.obj (.const)

.cinit     0    00007550    000000b0     
                  00007550    0000007c     (.cinit..data.load) [load image, compression = rle]
                  000075cc    0000000c     (__TI_handler_table)
                  000075d8    00000008     (.cinit..bss.load) [load image, compression = zero_init]
                  000075e0    00000008     (.cinit..vtable.load) [load image, compression = zero_init]
                  000075e8    00000018     (__TI_cinit_table)

.init_array 
*          0    00000000    00000000     UNINITIALIZED

.vtable    0    20000000    000000e4     UNINITIALIZED
                  20000000    000000e4     interrupt.obj (.vtable)

.data      0    200000e8    00000194     UNINITIALIZED
                  200000e8    000000b0     rtsv7M4_T_le_v4SPD16_eabi.lib : signal.obj (.data:sigtable)
                  20000198    00000080                                   : xvalues.obj (.data)
                  20000218    00000030     gpio.obj (.data:GPIO_PORT_TO_BASE)
                  20000248    00000010     main.obj (.data)
                  20000258    00000008     rtsv7M4_T_le_v4SPD16_eabi.lib : _lock.obj (.data)
                  20000260    00000008                                   : exit.obj (.data)
                  20000268    00000008                                   : feraiseexcept.obj (.data)
                  20000270    00000004                                   : errno.obj (.data)
                  20000274    00000004                                   : stkdepth_vars.obj (.data)
                  20000278    00000004     system_msp432p401r.obj (.data)

.bss       0    2000027c    00000032     UNINITIALIZED
                  2000027c    0000001c     (.common:g_sContext)
                  20000298    00000004     (.common:hfxtFreq)
                  2000029c    00000004     (.common:lfxtFreq)
                  200002a0    00000004     (.common:lux)
                  200002a4    00000002     (.common:Lcd_ScreenHeigth)
                  200002a6    00000002     (.common:Lcd_ScreenWidth)
                  200002a8    00000002     (.common:Lcd_TouchTrim)
                  200002aa    00000001     (.common:Lcd_FlagRead)
                  200002ab    00000001     (.common:Lcd_FontSolid)
                  200002ac    00000001     (.common:Lcd_Orientation)
                  200002ad    00000001     (.common:Lcd_PenSolid)

.TI.persistent 
*          0    200000e8    00000000     UNINITIALIZED

.TI.noinit 
*          0    2000027c    00000000     UNINITIALIZED

.stack     0    2000fe00    00000200     UNINITIALIZED
                  2000fe00    00000200     --HOLE--


LINKER GENERATED COPY TABLES

__TI_cinit_table @ 000075e8 records: 3, size/record: 8, table size: 24
	.data: load addr=00007550, load size=0000007c bytes, run addr=200000e8, run size=00000194 bytes, compression=rle
	.bss: load addr=000075d8, load size=00000008 bytes, run addr=2000027c, run size=00000032 bytes, compression=zero_init
	.vtable: load addr=000075e0, load size=00000008 bytes, run addr=20000000, run size=000000e4 bytes, compression=zero_init


LINKER GENERATED HANDLER TABLE

__TI_handler_table @ 000075cc records: 3, size/record: 4, table size: 12
	index: 0, handler: __TI_zero_init
	index: 1, handler: __TI_decompress_rle24
	index: 2, handler: __TI_decompress_none


GLOBAL SYMBOLS: SORTED ALPHABETICALLY BY Name 

address   name                                           
-------   ----                                           
00006c5d  C$$EXIT                                        
00006d59  CPU_basepriGet                                 
00006d4b  CPU_basepriSet                                 
00006d25  CPU_cpsid                                      
00006d3b  CPU_cpsie                                      
00006d31  CPU_primask                                    
00006d47  CPU_wfi                                        
00001efd  CS_clearInterruptFlag                          
000017a5  CS_disableClockRequest                         
0000188b  CS_disableDCOExternalResistor                  
00001dd1  CS_disableFaultCounter                         
00001ebb  CS_disableInterrupt                            
0000177d  CS_enableClockRequest                          
000017ed  CS_enableDCOExternalResistor                   
00001da5  CS_enableFaultCounter                          
00001e99  CS_enableInterrupt                             
00001d3d  CS_getACLK                                     
00001cfd  CS_getBCLK                                     
00001985  CS_getDCOFrequency                             
00001ee3  CS_getEnabledInterruptStatus                   
00001d19  CS_getHSMCLK                                   
00001edd  CS_getInterruptStatus                          
00001d83  CS_getMCLK                                     
00001d61  CS_getSMCLK                                    
0000149d  CS_initClockSignal                             
00001f1f  CS_registerInterrupt                           
00001dfd  CS_resetFaultCounter                           
000018a9  CS_setDCOCenteredFrequency                     
00001815  CS_setDCOExternalResistorCalibration           
00001b25  CS_setDCOFrequency                             
00001461  CS_setExternalClockSourceFrequency             
000017c7  CS_setReferenceOscillatorFrequency             
00001e49  CS_startFaultCounter                           
000015a1  CS_startHFXT                                   
000015c5  CS_startHFXTWithTimeout                        
00001689  CS_startLFXT                                   
000016ad  CS_startLFXTWithTimeout                        
000018e1  CS_tuneDCOFrequency                            
00001f33  CS_unregisterInterrupt                         
0000375d  Crystalfontz128x128_Init                       
00003871  Crystalfontz128x128_SetDrawFrame               
0000399f  Crystalfontz128x128_SetOrientation             
000026e7  EUSCI_A_SPI_changeClockPhasePolarity           
0000279b  EUSCI_A_SPI_clearInterruptFlag                 
000027cb  EUSCI_A_SPI_disable                            
00002769  EUSCI_A_SPI_disableInterrupt                   
000027b5  EUSCI_A_SPI_enable                             
0000274f  EUSCI_A_SPI_enableInterrupt                    
00002783  EUSCI_A_SPI_getInterruptStatus                 
000027e1  EUSCI_A_SPI_getReceiveBufferAddressForDMA      
000027ef  EUSCI_A_SPI_getTransmitBufferAddressForDMA     
000027fd  EUSCI_A_SPI_isBusy                             
00002667  EUSCI_A_SPI_masterChangeClock                  
0000273f  EUSCI_A_SPI_receiveData                        
00002647  EUSCI_A_SPI_select4PinFunctionality            
0000269d  EUSCI_A_SPI_slaveInit                          
00002729  EUSCI_A_SPI_transmitData                       
00002519  EUSCI_B_SPI_changeClockPhasePolarity           
000025cd  EUSCI_B_SPI_clearInterruptFlag                 
000025fd  EUSCI_B_SPI_disable                            
0000259b  EUSCI_B_SPI_disableInterrupt                   
000025e7  EUSCI_B_SPI_enable                             
00002581  EUSCI_B_SPI_enableInterrupt                    
000025b5  EUSCI_B_SPI_getInterruptStatus                 
00002613  EUSCI_B_SPI_getReceiveBufferAddressForDMA      
00002621  EUSCI_B_SPI_getTransmitBufferAddressForDMA     
0000262f  EUSCI_B_SPI_isBusy                             
0000249d  EUSCI_B_SPI_masterChangeClock                  
00002571  EUSCI_B_SPI_receiveData                        
0000247d  EUSCI_B_SPI_select4PinFunctionality            
000024cf  EUSCI_B_SPI_slaveInit                          
0000255b  EUSCI_B_SPI_transmitData                       
00004bb7  GPIO_clearInterruptFlag                        
00004b77  GPIO_disableInterrupt                          
00004b55  GPIO_enableInterrupt                           
00004c0f  GPIO_getEnabledInterruptStatus                 
00004b27  GPIO_getInputPinValue                          
00004b99  GPIO_getInterruptStatus                        
00004bd9  GPIO_interruptEdgeSelect                       
00004ccf  GPIO_registerInterrupt                         
000048cf  GPIO_setAsInputPin                             
00004a83  GPIO_setAsInputPinWithPullDownResistor         
00004ad5  GPIO_setAsInputPinWithPullUpResistor           
00004895  GPIO_setAsOutputPin                            
00004999  GPIO_setAsPeripheralModuleFunctionInputPin     
00004915  GPIO_setAsPeripheralModuleFunctionOutputPin    
00004c8b  GPIO_setDriveStrengthHigh                      
00004cad  GPIO_setDriveStrengthLow                       
00004a1d  GPIO_setOutputHighOnPin                        
00004a3f  GPIO_setOutputLowOnPin                         
00004a61  GPIO_toggleOutputOnPin                         
00004cef  GPIO_unregisterInterrupt                       
00005619  Graphics_clearDisplay                          
0000620b  Graphics_clearDisplayOnDisplay                 
0000615d  Graphics_drawHorizontalLineOnDisplay           
00004721  Graphics_drawLine                              
00004405  Graphics_drawLineH                             
000044a1  Graphics_drawLineV                             
00006119  Graphics_drawMultiplePixelsOnDisplay           
0000562b  Graphics_drawPixel                             
000060ef  Graphics_drawPixelOnDisplay                    
00003f0f  Graphics_drawString                            
0000439d  Graphics_drawStringCentered                    
00006191  Graphics_drawVerticalLineOnDisplay             
000061c5  Graphics_fillRectangleOnDisplay                
0000560b  Graphics_flushBuffer                           
000061f9  Graphics_flushOnDisplay                        
000055ed  Graphics_getDisplayHeight                      
000055dd  Graphics_getDisplayWidth                       
0000558b  Graphics_getFontBaseline                       
000055c1  Graphics_getFontHeight                         
000055cf  Graphics_getFontMaxWidth                       
000055fd  Graphics_getHeightOfDisplay                    
0000438d  Graphics_getStringBaseline                     
000043e5  Graphics_getStringHeight                       
000043f5  Graphics_getStringMaxWidth                     
00003e15  Graphics_getStringWidth                        
00005685  Graphics_getWidthOfDisplay                     
0000542d  Graphics_initContext                           
00005541  Graphics_setBackgroundColor                    
0000555b  Graphics_setBackgroundColorTranslated          
00005477  Graphics_setClipRegion                         
00005571  Graphics_setFont                               
00005599  Graphics_setForegroundColor                    
000055af  Graphics_setForegroundColorTranslated          
000061e3  Graphics_translateColorOnDisplay               
00006609  HAL_LCD_PortInit                               
00006639  HAL_LCD_SpiInit                                
0000666f  HAL_LCD_writeCommand                           
0000669d  HAL_LCD_writeData                              
00002e7d  I2C_clearInterruptFlag                         
00002e67  I2C_disableInterrupt                           
000028cf  I2C_disableModule                              
00002e31  I2C_disableMultiMasterMode                     
00002e51  I2C_enableInterrupt                            
000028b9  I2C_enableModule                               
00002e11  I2C_enableMultiMasterMode                      
00002eab  I2C_getEnabledInterruptStatus                  
00002e93  I2C_getInterruptStatus                         
00002ebb  I2C_getMode                                    
00002db7  I2C_getReceiveBufferAddressForDMA              
00002dc5  I2C_getTransmitBufferAddressForDMA             
0000623d  I2C_init                                       
0000281d  I2C_initMaster                                 
0000287f  I2C_initSlave                                  
00002973  I2C_isBusBusy                                  
00002de5  I2C_masterIsStartSent                          
00002dd3  I2C_masterIsStopSent                           
00002cdd  I2C_masterReceiveMultiByteFinish               
00002d1b  I2C_masterReceiveMultiByteFinishWithTimeout    
00002cc5  I2C_masterReceiveMultiByteNext                 
00002d79  I2C_masterReceiveMultiByteStop                 
00002d8d  I2C_masterReceiveSingle                        
00002915  I2C_masterReceiveSingleByte                    
00002cab  I2C_masterReceiveStart                         
00002b8b  I2C_masterSendMultiByteFinish                  
00002bd9  I2C_masterSendMultiByteFinishWithTimeout       
00002b21  I2C_masterSendMultiByteNext                    
00002b4d  I2C_masterSendMultiByteNextWithTimeout         
00002a77  I2C_masterSendMultiByteStart                   
00002ac5  I2C_masterSendMultiByteStartWithTimeout        
00002c45  I2C_masterSendMultiByteStop                    
00002c6f  I2C_masterSendMultiByteStopWithTimeout         
00002985  I2C_masterSendSingleByte                       
000029eb  I2C_masterSendSingleByteWithTimeout            
00002dfd  I2C_masterSendStart                            
00006255  I2C_read16                                     
00002ed1  I2C_registerInterrupt                          
000028f9  I2C_setMode                                    
000028e5  I2C_setSlaveAddress                            
0000631f  I2C_setslave                                   
0000295f  I2C_slaveGetData                               
00002949  I2C_slavePutData                               
00002f93  I2C_slaveSendNAK                               
00002f37  I2C_unregisterInterrupt                        
000062db  I2C_write16                                    
00006225  Init_I2C_GPIO                                  
00004ed7  Interrupt_disableInterrupt                     
00004d27  Interrupt_disableMaster                        
000050d5  Interrupt_disableSleepOnIsrExit                
00004e65  Interrupt_enableInterrupt                      
00004d17  Interrupt_enableMaster                         
000050c3  Interrupt_enableSleepOnIsrExit                 
00004e3f  Interrupt_getPriority                          
00004db7  Interrupt_getPriorityGrouping                  
000050a3  Interrupt_getPriorityMask                      
000050bd  Interrupt_getVectorTableAddress                
00004f49  Interrupt_isEnabled                            
00004fd5  Interrupt_pendInterrupt                        
00004d37  Interrupt_registerInterrupt                    
00004def  Interrupt_setPriority                          
00004d9d  Interrupt_setPriorityGrouping                  
00005093  Interrupt_setPriorityMask                      
000050ad  Interrupt_setVectorTableAddress                
00005045  Interrupt_unpendInterrupt                      
00004d89  Interrupt_unregisterInterrupt                  
200002aa  Lcd_FlagRead                                   
200002ab  Lcd_FontSolid                                  
200002ac  Lcd_Orientation                                
200002ad  Lcd_PenSolid                                   
200002a4  Lcd_ScreenHeigth                               
200002a6  Lcd_ScreenWidth                                
200002a8  Lcd_TouchTrim                                  
00005ee1  OPT3001_getLux                                 
00005e7d  OPT3001_init                                   
00005eb1  OPT3001_readConfigReg                          
00005ea1  OPT3001_readDeviceId                           
00005ed1  OPT3001_readHighLimitReg                       
00005ec1  OPT3001_readLowLimitReg                        
00005e91  OPT3001_readManufacturerId                     
UNDEFED   SHT$$INIT_ARRAY$$Base                          
UNDEFED   SHT$$INIT_ARRAY$$Limit                         
0000213b  SPI_changeClockPhasePolarity                   
00002095  SPI_changeMasterClock                          
000022ed  SPI_clearInterruptFlag                         
0000226f  SPI_disableInterrupt                           
000021c9  SPI_disableModule                              
00002249  SPI_enableInterrupt                            
000021ad  SPI_enableModule                               
000022bd  SPI_getEnabledInterruptStatus                  
00002295  SPI_getInterruptStatus                         
000021e5  SPI_getReceiveBufferAddressForDMA              
00002201  SPI_getTransmitBufferAddressForDMA             
00001fa9  SPI_initMaster                                 
000020bd  SPI_initSlave                                  
0000222d  SPI_isBusy                                     
00002191  SPI_receiveData                                
00002313  SPI_registerInterrupt                          
0000206f  SPI_selectFourPinFunctionality                 
0000216b  SPI_transmitData                               
000023d1  SPI_unregisterInterrupt                        
00005887  SysCtl_disableGlitchFilter                     
00005717  SysCtl_disableNMISource                        
0000581f  SysCtl_disablePeripheralAtCPUHalt              
00005761  SysCtl_disableSRAMBank                         
000057e5  SysCtl_disableSRAMBankRetention                
0000587b  SysCtl_enableGlitchFilter                      
0000572b  SysCtl_enableNMISource                         
0000580b  SysCtl_enablePeripheralAtCPUHalt               
00005745  SysCtl_enableSRAMBank                          
000057c9  SysCtl_enableSRAMBankRetention                 
00005711  SysCtl_getFlashSize                            
0000573f  SysCtl_getNMISourceStatus                      
0000570b  SysCtl_getSRAMSize                             
00005695  SysCtl_getTLVInfo                              
00005893  SysCtl_getTempCalibrationConstant              
00005801  SysCtl_rebootDevice                            
00005857  SysCtl_setWDTPasswordViolationResetType        
00005833  SysCtl_setWDTTimeoutResetType                  
20000278  SystemCoreClock                                
00005105  SystemCoreClockUpdate                          
00005379  SystemInit                                     
0000348f  Timer_A_clearCaptureCompareInterrupt           
00003479  Timer_A_clearInterruptFlag                     
000032f7  Timer_A_clearTimer                             
0000311f  Timer_A_configureContinuousMode                
000031ad  Timer_A_configureUpDownMode                    
0000314f  Timer_A_configureUpMode                        
0000351d  Timer_A_disableCaptureCompareInterrupt         
000034cb  Timer_A_disableInterrupt                       
000034f1  Timer_A_enableCaptureCompareInterrupt          
000034b7  Timer_A_enableInterrupt                        
000033c3  Timer_A_generatePWM                            
00003369  Timer_A_getCaptureCompareCount                 
00003585  Timer_A_getCaptureCompareEnabledInterruptStatus
00003545  Timer_A_getCaptureCompareInterruptStatus       
000032ab  Timer_A_getCounterValue                        
0000356d  Timer_A_getEnabledInterruptStatus              
000034df  Timer_A_getInterruptStatus                     
0000333b  Timer_A_getOutputForOutputModeOutBitValue      
0000330b  Timer_A_getSynchronizedCaptureCompareInput     
0000320b  Timer_A_initCapture                            
0000325d  Timer_A_initCompare                            
000035c1  Timer_A_registerInterrupt                      
0000344b  Timer_A_setCompareValue                        
0000338b  Timer_A_setOutputForOutputModeOutBitValue      
00003109  Timer_A_startCounter                           
00003437  Timer_A_stopTimer                              
00003693  Timer_A_unregisterInterrupt                    
4000480c  WDTCTL_SYM                                     
00006dd1  _Dclass                                        
20000198  _Denorm                                        
00006549  _Dnorm                                         
0000633d  _Dscale                                        
000069bf  _Dunscale                                      
200001a8  _Eps                                           
20000270  _Errno                                         
20000268  _Fenv                                          
00006e01  _Feraise                                       
200001b8  _Hugeval                                       
200001c8  _Inf                                           
200001d8  _Nan                                           
200001f8  _Rteps                                         
200001e8  _Snan                                          
2000026c  _Tls_setup__Fenv                               
20000208  _Xbig                                          
20000210  _Zero                                          
20010000  __STACK_END                                    
00000200  __STACK_SIZE                                   
000075e8  __TI_CINIT_Base                                
00007600  __TI_CINIT_Limit                               
000075cc  __TI_Handler_Table_Base                        
000075d8  __TI_Handler_Table_Limit                       
000068e9  __TI_auto_init                                 
20000260  __TI_cleanup_ptr                               
00006f3f  __TI_decompress_none                           
00006f59  __TI_decompress_rle24                          
20000264  __TI_dtors_ptr                                 
00000ef5  __TI_printfi                                   
00000000  __TI_static_base__                             
00006f4d  __TI_zero_init                                 
00006761  __aeabi_cdcmpeq                                
00006761  __aeabi_cdcmple                                
000067e7  __aeabi_cdrcmple                               
00006c15  __aeabi_d2iz                                   
00006ca1  __aeabi_d2uiz                                  
00005ccf  __aeabi_dadd                                   
00005fb9  __aeabi_ddiv                                   
0000644d  __aeabi_dmul                                   
00005cc5  __aeabi_dsub                                   
00006d63  __aeabi_f2d                                    
00006e31  __aeabi_i2d                                    
0000686d  __aeabi_memclr                                 
0000686d  __aeabi_memclr4                                
0000686d  __aeabi_memclr8                                
000066c5  __aeabi_memcpy                                 
000066c5  __aeabi_memcpy4                                
000066c5  __aeabi_memcpy8                                
0000686f  __aeabi_memset                                 
0000686f  __aeabi_memset4                                
0000686f  __aeabi_memset8                                
00005ad1  __aeabi_uldivmod                               
ffffffff  __binit__                                      
ffffffff  __c_args__                                     
2000fe00  __stack                                        
00006ed5  _args_main                                     
00006b2d  _c_int00                                       
0000725c  _ctypes_                                       
20000258  _lock                                          
00006f13  _nop                                           
00006f0b  _register_lock                                 
00006f05  _register_unlock                               
00006f5f  _system_pre_init                               
2000025c  _unlock                                        
00006c61  abort                                          
00006b7d  atoi                                           
ffffffff  binit                                          
20000248  compareConfig_PWM                              
00006bc9  copy_in                                        
00006c69  exit                                           
00006d9d  feraiseexcept                                  
00006e8d  frexp                                          
20000000  g_pfnRAMVectors                                
2000027c  g_sContext                                     
000074b8  g_sCrystalfontz128x128                         
00007360  g_sFontFixed6x8                                
00007534  i2cConfig                                      
00000000  interruptVectors                               
00006adb  ldexp                                          
00006a85  ltoa                                           
200002a0  lux                                            
000058d9  main                                           
20000274  main_func_sp                                   
00006eb7  memccpy                                        
000066c5  memcpy                                         
00006875  memset                                         
00006e5f  raise                                          
00006ce5  signal                                         
00006a25  sprintf                                        
00006eed  strchr                                         
00006f19  strlen                                         
0000751c  upConfig                                       


GLOBAL SYMBOLS: SORTED BY Symbol Address 

address   name                                           
-------   ----                                           
00000000  __TI_static_base__                             
00000000  interruptVectors                               
00000200  __STACK_SIZE                                   
00000ef5  __TI_printfi                                   
00001461  CS_setExternalClockSourceFrequency             
0000149d  CS_initClockSignal                             
000015a1  CS_startHFXT                                   
000015c5  CS_startHFXTWithTimeout                        
00001689  CS_startLFXT                                   
000016ad  CS_startLFXTWithTimeout                        
0000177d  CS_enableClockRequest                          
000017a5  CS_disableClockRequest                         
000017c7  CS_setReferenceOscillatorFrequency             
000017ed  CS_enableDCOExternalResistor                   
00001815  CS_setDCOExternalResistorCalibration           
0000188b  CS_disableDCOExternalResistor                  
000018a9  CS_setDCOCenteredFrequency                     
000018e1  CS_tuneDCOFrequency                            
00001985  CS_getDCOFrequency                             
00001b25  CS_setDCOFrequency                             
00001cfd  CS_getBCLK                                     
00001d19  CS_getHSMCLK                                   
00001d3d  CS_getACLK                                     
00001d61  CS_getSMCLK                                    
00001d83  CS_getMCLK                                     
00001da5  CS_enableFaultCounter                          
00001dd1  CS_disableFaultCounter                         
00001dfd  CS_resetFaultCounter                           
00001e49  CS_startFaultCounter                           
00001e99  CS_enableInterrupt                             
00001ebb  CS_disableInterrupt                            
00001edd  CS_getInterruptStatus                          
00001ee3  CS_getEnabledInterruptStatus                   
00001efd  CS_clearInterruptFlag                          
00001f1f  CS_registerInterrupt                           
00001f33  CS_unregisterInterrupt                         
00001fa9  SPI_initMaster                                 
0000206f  SPI_selectFourPinFunctionality                 
00002095  SPI_changeMasterClock                          
000020bd  SPI_initSlave                                  
0000213b  SPI_changeClockPhasePolarity                   
0000216b  SPI_transmitData                               
00002191  SPI_receiveData                                
000021ad  SPI_enableModule                               
000021c9  SPI_disableModule                              
000021e5  SPI_getReceiveBufferAddressForDMA              
00002201  SPI_getTransmitBufferAddressForDMA             
0000222d  SPI_isBusy                                     
00002249  SPI_enableInterrupt                            
0000226f  SPI_disableInterrupt                           
00002295  SPI_getInterruptStatus                         
000022bd  SPI_getEnabledInterruptStatus                  
000022ed  SPI_clearInterruptFlag                         
00002313  SPI_registerInterrupt                          
000023d1  SPI_unregisterInterrupt                        
0000247d  EUSCI_B_SPI_select4PinFunctionality            
0000249d  EUSCI_B_SPI_masterChangeClock                  
000024cf  EUSCI_B_SPI_slaveInit                          
00002519  EUSCI_B_SPI_changeClockPhasePolarity           
0000255b  EUSCI_B_SPI_transmitData                       
00002571  EUSCI_B_SPI_receiveData                        
00002581  EUSCI_B_SPI_enableInterrupt                    
0000259b  EUSCI_B_SPI_disableInterrupt                   
000025b5  EUSCI_B_SPI_getInterruptStatus                 
000025cd  EUSCI_B_SPI_clearInterruptFlag                 
000025e7  EUSCI_B_SPI_enable                             
000025fd  EUSCI_B_SPI_disable                            
00002613  EUSCI_B_SPI_getReceiveBufferAddressForDMA      
00002621  EUSCI_B_SPI_getTransmitBufferAddressForDMA     
0000262f  EUSCI_B_SPI_isBusy                             
00002647  EUSCI_A_SPI_select4PinFunctionality            
00002667  EUSCI_A_SPI_masterChangeClock                  
0000269d  EUSCI_A_SPI_slaveInit                          
000026e7  EUSCI_A_SPI_changeClockPhasePolarity           
00002729  EUSCI_A_SPI_transmitData                       
0000273f  EUSCI_A_SPI_receiveData                        
0000274f  EUSCI_A_SPI_enableInterrupt                    
00002769  EUSCI_A_SPI_disableInterrupt                   
00002783  EUSCI_A_SPI_getInterruptStatus                 
0000279b  EUSCI_A_SPI_clearInterruptFlag                 
000027b5  EUSCI_A_SPI_enable                             
000027cb  EUSCI_A_SPI_disable                            
000027e1  EUSCI_A_SPI_getReceiveBufferAddressForDMA      
000027ef  EUSCI_A_SPI_getTransmitBufferAddressForDMA     
000027fd  EUSCI_A_SPI_isBusy                             
0000281d  I2C_initMaster                                 
0000287f  I2C_initSlave                                  
000028b9  I2C_enableModule                               
000028cf  I2C_disableModule                              
000028e5  I2C_setSlaveAddress                            
000028f9  I2C_setMode                                    
00002915  I2C_masterReceiveSingleByte                    
00002949  I2C_slavePutData                               
0000295f  I2C_slaveGetData                               
00002973  I2C_isBusBusy                                  
00002985  I2C_masterSendSingleByte                       
000029eb  I2C_masterSendSingleByteWithTimeout            
00002a77  I2C_masterSendMultiByteStart                   
00002ac5  I2C_masterSendMultiByteStartWithTimeout        
00002b21  I2C_masterSendMultiByteNext                    
00002b4d  I2C_masterSendMultiByteNextWithTimeout         
00002b8b  I2C_masterSendMultiByteFinish                  
00002bd9  I2C_masterSendMultiByteFinishWithTimeout       
00002c45  I2C_masterSendMultiByteStop                    
00002c6f  I2C_masterSendMultiByteStopWithTimeout         
00002cab  I2C_masterReceiveStart                         
00002cc5  I2C_masterReceiveMultiByteNext                 
00002cdd  I2C_masterReceiveMultiByteFinish               
00002d1b  I2C_masterReceiveMultiByteFinishWithTimeout    
00002d79  I2C_masterReceiveMultiByteStop                 
00002d8d  I2C_masterReceiveSingle                        
00002db7  I2C_getReceiveBufferAddressForDMA              
00002dc5  I2C_getTransmitBufferAddressForDMA             
00002dd3  I2C_masterIsStopSent                           
00002de5  I2C_masterIsStartSent                          
00002dfd  I2C_masterSendStart                            
00002e11  I2C_enableMultiMasterMode                      
00002e31  I2C_disableMultiMasterMode                     
00002e51  I2C_enableInterrupt                            
00002e67  I2C_disableInterrupt                           
00002e7d  I2C_clearInterruptFlag                         
00002e93  I2C_getInterruptStatus                         
00002eab  I2C_getEnabledInterruptStatus                  
00002ebb  I2C_getMode                                    
00002ed1  I2C_registerInterrupt                          
00002f37  I2C_unregisterInterrupt                        
00002f93  I2C_slaveSendNAK                               
00003109  Timer_A_startCounter                           
0000311f  Timer_A_configureContinuousMode                
0000314f  Timer_A_configureUpMode                        
000031ad  Timer_A_configureUpDownMode                    
0000320b  Timer_A_initCapture                            
0000325d  Timer_A_initCompare                            
000032ab  Timer_A_getCounterValue                        
000032f7  Timer_A_clearTimer                             
0000330b  Timer_A_getSynchronizedCaptureCompareInput     
0000333b  Timer_A_getOutputForOutputModeOutBitValue      
00003369  Timer_A_getCaptureCompareCount                 
0000338b  Timer_A_setOutputForOutputModeOutBitValue      
000033c3  Timer_A_generatePWM                            
00003437  Timer_A_stopTimer                              
0000344b  Timer_A_setCompareValue                        
00003479  Timer_A_clearInterruptFlag                     
0000348f  Timer_A_clearCaptureCompareInterrupt           
000034b7  Timer_A_enableInterrupt                        
000034cb  Timer_A_disableInterrupt                       
000034df  Timer_A_getInterruptStatus                     
000034f1  Timer_A_enableCaptureCompareInterrupt          
0000351d  Timer_A_disableCaptureCompareInterrupt         
00003545  Timer_A_getCaptureCompareInterruptStatus       
0000356d  Timer_A_getEnabledInterruptStatus              
00003585  Timer_A_getCaptureCompareEnabledInterruptStatus
000035c1  Timer_A_registerInterrupt                      
00003693  Timer_A_unregisterInterrupt                    
0000375d  Crystalfontz128x128_Init                       
00003871  Crystalfontz128x128_SetDrawFrame               
0000399f  Crystalfontz128x128_SetOrientation             
00003e15  Graphics_getStringWidth                        
00003f0f  Graphics_drawString                            
0000438d  Graphics_getStringBaseline                     
0000439d  Graphics_drawStringCentered                    
000043e5  Graphics_getStringHeight                       
000043f5  Graphics_getStringMaxWidth                     
00004405  Graphics_drawLineH                             
000044a1  Graphics_drawLineV                             
00004721  Graphics_drawLine                              
00004895  GPIO_setAsOutputPin                            
000048cf  GPIO_setAsInputPin                             
00004915  GPIO_setAsPeripheralModuleFunctionOutputPin    
00004999  GPIO_setAsPeripheralModuleFunctionInputPin     
00004a1d  GPIO_setOutputHighOnPin                        
00004a3f  GPIO_setOutputLowOnPin                         
00004a61  GPIO_toggleOutputOnPin                         
00004a83  GPIO_setAsInputPinWithPullDownResistor         
00004ad5  GPIO_setAsInputPinWithPullUpResistor           
00004b27  GPIO_getInputPinValue                          
00004b55  GPIO_enableInterrupt                           
00004b77  GPIO_disableInterrupt                          
00004b99  GPIO_getInterruptStatus                        
00004bb7  GPIO_clearInterruptFlag                        
00004bd9  GPIO_interruptEdgeSelect                       
00004c0f  GPIO_getEnabledInterruptStatus                 
00004c8b  GPIO_setDriveStrengthHigh                      
00004cad  GPIO_setDriveStrengthLow                       
00004ccf  GPIO_registerInterrupt                         
00004cef  GPIO_unregisterInterrupt                       
00004d17  Interrupt_enableMaster                         
00004d27  Interrupt_disableMaster                        
00004d37  Interrupt_registerInterrupt                    
00004d89  Interrupt_unregisterInterrupt                  
00004d9d  Interrupt_setPriorityGrouping                  
00004db7  Interrupt_getPriorityGrouping                  
00004def  Interrupt_setPriority                          
00004e3f  Interrupt_getPriority                          
00004e65  Interrupt_enableInterrupt                      
00004ed7  Interrupt_disableInterrupt                     
00004f49  Interrupt_isEnabled                            
00004fd5  Interrupt_pendInterrupt                        
00005045  Interrupt_unpendInterrupt                      
00005093  Interrupt_setPriorityMask                      
000050a3  Interrupt_getPriorityMask                      
000050ad  Interrupt_setVectorTableAddress                
000050bd  Interrupt_getVectorTableAddress                
000050c3  Interrupt_enableSleepOnIsrExit                 
000050d5  Interrupt_disableSleepOnIsrExit                
00005105  SystemCoreClockUpdate                          
00005379  SystemInit                                     
0000542d  Graphics_initContext                           
00005477  Graphics_setClipRegion                         
00005541  Graphics_setBackgroundColor                    
0000555b  Graphics_setBackgroundColorTranslated          
00005571  Graphics_setFont                               
0000558b  Graphics_getFontBaseline                       
00005599  Graphics_setForegroundColor                    
000055af  Graphics_setForegroundColorTranslated          
000055c1  Graphics_getFontHeight                         
000055cf  Graphics_getFontMaxWidth                       
000055dd  Graphics_getDisplayWidth                       
000055ed  Graphics_getDisplayHeight                      
000055fd  Graphics_getHeightOfDisplay                    
0000560b  Graphics_flushBuffer                           
00005619  Graphics_clearDisplay                          
0000562b  Graphics_drawPixel                             
00005685  Graphics_getWidthOfDisplay                     
00005695  SysCtl_getTLVInfo                              
0000570b  SysCtl_getSRAMSize                             
00005711  SysCtl_getFlashSize                            
00005717  SysCtl_disableNMISource                        
0000572b  SysCtl_enableNMISource                         
0000573f  SysCtl_getNMISourceStatus                      
00005745  SysCtl_enableSRAMBank                          
00005761  SysCtl_disableSRAMBank                         
000057c9  SysCtl_enableSRAMBankRetention                 
000057e5  SysCtl_disableSRAMBankRetention                
00005801  SysCtl_rebootDevice                            
0000580b  SysCtl_enablePeripheralAtCPUHalt               
0000581f  SysCtl_disablePeripheralAtCPUHalt              
00005833  SysCtl_setWDTTimeoutResetType                  
00005857  SysCtl_setWDTPasswordViolationResetType        
0000587b  SysCtl_enableGlitchFilter                      
00005887  SysCtl_disableGlitchFilter                     
00005893  SysCtl_getTempCalibrationConstant              
000058d9  main                                           
00005ad1  __aeabi_uldivmod                               
00005cc5  __aeabi_dsub                                   
00005ccf  __aeabi_dadd                                   
00005e7d  OPT3001_init                                   
00005e91  OPT3001_readManufacturerId                     
00005ea1  OPT3001_readDeviceId                           
00005eb1  OPT3001_readConfigReg                          
00005ec1  OPT3001_readLowLimitReg                        
00005ed1  OPT3001_readHighLimitReg                       
00005ee1  OPT3001_getLux                                 
00005fb9  __aeabi_ddiv                                   
000060ef  Graphics_drawPixelOnDisplay                    
00006119  Graphics_drawMultiplePixelsOnDisplay           
0000615d  Graphics_drawHorizontalLineOnDisplay           
00006191  Graphics_drawVerticalLineOnDisplay             
000061c5  Graphics_fillRectangleOnDisplay                
000061e3  Graphics_translateColorOnDisplay               
000061f9  Graphics_flushOnDisplay                        
0000620b  Graphics_clearDisplayOnDisplay                 
00006225  Init_I2C_GPIO                                  
0000623d  I2C_init                                       
00006255  I2C_read16                                     
000062db  I2C_write16                                    
0000631f  I2C_setslave                                   
0000633d  _Dscale                                        
0000644d  __aeabi_dmul                                   
00006549  _Dnorm                                         
00006609  HAL_LCD_PortInit                               
00006639  HAL_LCD_SpiInit                                
0000666f  HAL_LCD_writeCommand                           
0000669d  HAL_LCD_writeData                              
000066c5  __aeabi_memcpy                                 
000066c5  __aeabi_memcpy4                                
000066c5  __aeabi_memcpy8                                
000066c5  memcpy                                         
00006761  __aeabi_cdcmpeq                                
00006761  __aeabi_cdcmple                                
000067e7  __aeabi_cdrcmple                               
0000686d  __aeabi_memclr                                 
0000686d  __aeabi_memclr4                                
0000686d  __aeabi_memclr8                                
0000686f  __aeabi_memset                                 
0000686f  __aeabi_memset4                                
0000686f  __aeabi_memset8                                
00006875  memset                                         
000068e9  __TI_auto_init                                 
000069bf  _Dunscale                                      
00006a25  sprintf                                        
00006a85  ltoa                                           
00006adb  ldexp                                          
00006b2d  _c_int00                                       
00006b7d  atoi                                           
00006bc9  copy_in                                        
00006c15  __aeabi_d2iz                                   
00006c5d  C$$EXIT                                        
00006c61  abort                                          
00006c69  exit                                           
00006ca1  __aeabi_d2uiz                                  
00006ce5  signal                                         
00006d25  CPU_cpsid                                      
00006d31  CPU_primask                                    
00006d3b  CPU_cpsie                                      
00006d47  CPU_wfi                                        
00006d4b  CPU_basepriSet                                 
00006d59  CPU_basepriGet                                 
00006d63  __aeabi_f2d                                    
00006d9d  feraiseexcept                                  
00006dd1  _Dclass                                        
00006e01  _Feraise                                       
00006e31  __aeabi_i2d                                    
00006e5f  raise                                          
00006e8d  frexp                                          
00006eb7  memccpy                                        
00006ed5  _args_main                                     
00006eed  strchr                                         
00006f05  _register_unlock                               
00006f0b  _register_lock                                 
00006f13  _nop                                           
00006f19  strlen                                         
00006f3f  __TI_decompress_none                           
00006f4d  __TI_zero_init                                 
00006f59  __TI_decompress_rle24                          
00006f5f  _system_pre_init                               
0000725c  _ctypes_                                       
00007360  g_sFontFixed6x8                                
000074b8  g_sCrystalfontz128x128                         
0000751c  upConfig                                       
00007534  i2cConfig                                      
000075cc  __TI_Handler_Table_Base                        
000075d8  __TI_Handler_Table_Limit                       
000075e8  __TI_CINIT_Base                                
00007600  __TI_CINIT_Limit                               
20000000  g_pfnRAMVectors                                
20000198  _Denorm                                        
200001a8  _Eps                                           
200001b8  _Hugeval                                       
200001c8  _Inf                                           
200001d8  _Nan                                           
200001e8  _Snan                                          
200001f8  _Rteps                                         
20000208  _Xbig                                          
20000210  _Zero                                          
20000248  compareConfig_PWM                              
20000258  _lock                                          
2000025c  _unlock                                        
20000260  __TI_cleanup_ptr                               
20000264  __TI_dtors_ptr                                 
20000268  _Fenv                                          
2000026c  _Tls_setup__Fenv                               
20000270  _Errno                                         
20000274  main_func_sp                                   
20000278  SystemCoreClock                                
2000027c  g_sContext                                     
200002a0  lux                                            
200002a4  Lcd_ScreenHeigth                               
200002a6  Lcd_ScreenWidth                                
200002a8  Lcd_TouchTrim                                  
200002aa  Lcd_FlagRead                                   
200002ab  Lcd_FontSolid                                  
200002ac  Lcd_Orientation                                
200002ad  Lcd_PenSolid                                   
2000fe00  __stack                                        
20010000  __STACK_END                                    
4000480c  WDTCTL_SYM                                     
ffffffff  __binit__                                      
ffffffff  __c_args__                                     
ffffffff  binit                                          
UNDEFED   SHT$$INIT_ARRAY$$Base                          
UNDEFED   SHT$$INIT_ARRAY$$Limit                         

[372 symbols]
