******************************************************************************
                  TI ARM Linker Unix v5.2.6                    
******************************************************************************
>> Linked Thu Mar  3 16:53:49 2016

OUTPUT FILE NAME:   <buttonExample.out>
ENTRY POINT SYMBOL: "_c_int00"  address: 00000499


MEMORY CONFIGURATION

         name            origin    length      used     unused   attr    fill
----------------------  --------  ---------  --------  --------  ----  --------
  MAIN                  00000000   00040000  000005e8  0003fa18  R  X
  INFO                  00200000   00004000  00000000  00004000  R  X
  SRAM_CODE             01000000   00010000  00000000  00010000  RW X
  SRAM_DATA             20000000   00010000  00000214  0000fdec  RW  


SEGMENT ALLOCATION MAP

run origin  load origin   length   init length attrs members
----------  ----------- ---------- ----------- ----- -------
00000000    00000000    000005e8   000005e8    r-x
  00000000    00000000    00000140   00000140    r-- .intvecs
  00000140    00000140    00000488   00000488    r-x .text
  000005c8    000005c8    00000020   00000020    r-- .cinit
20000000    20000000    00000014   00000000    rw-
  20000000    20000000    00000014   00000000    rw- .data
2000fe00    2000fe00    00000200   00000000    rw-
  2000fe00    2000fe00    00000200   00000000    rw- .stack


SECTION ALLOCATION MAP

 output                                  attributes/
section   page    origin      length       input sections
--------  ----  ----------  ----------   ----------------
.intvecs   0    00000000    00000140     
                  00000000    00000140     msp432_startup_ccs.obj (.intvecs:retain)

.text      0    00000140    00000488     
                  00000140    00000168     main.obj (.text)
                  000002a8    0000009c     rtsv7M4_T_le_v4SPD16_eabi.lib : memcpy_t2.obj (.text)
                  00000344    0000007a                                   : memset_t2.obj (.text)
                  000003be    00000002     --HOLE-- [fill = 0]
                  000003c0    0000006c                                   : autoinit.obj (.text)
                  0000042c    0000006a                                   : copy_decompress_rle.obj (.text)
                  00000496    00000002     --HOLE-- [fill = 0]
                  00000498    00000050                                   : boot.obj (.text)
                  000004e8    0000004c                                   : cpy_tbl.obj (.text)
                  00000534    00000044                                   : exit.obj (.text)
                  00000578    00000018                                   : args_main.obj (.text)
                  00000590    00000014                                   : _lock.obj (.text)
                  000005a4    0000000e                                   : copy_decompress_none.obj (.text:decompress:none)
                  000005b2    0000000c     msp432_startup_ccs.obj (.text)
                  000005be    00000006     rtsv7M4_T_le_v4SPD16_eabi.lib : copy_decompress_rle.obj (.text:decompress:rle24)
                  000005c4    00000004                                   : pre_init.obj (.text)

.cinit     0    000005c8    00000020     
                  000005c8    0000000f     (.cinit..data.load) [load image, compression = rle]
                  000005d7    00000001     --HOLE-- [fill = 0]
                  000005d8    00000008     (__TI_handler_table)
                  000005e0    00000008     (__TI_cinit_table)

.init_array 
*          0    00000000    00000000     UNINITIALIZED

.data      0    20000000    00000014     UNINITIALIZED
                  20000000    00000008     rtsv7M4_T_le_v4SPD16_eabi.lib : _lock.obj (.data)
                  20000008    00000008                                   : exit.obj (.data)
                  20000010    00000004                                   : stkdepth_vars.obj (.data)

.stack     0    2000fe00    00000200     UNINITIALIZED
                  2000fe00    00000200     --HOLE--

.TI.persistent 
*          0    20000000    00000000     UNINITIALIZED


LINKER GENERATED COPY TABLES

__TI_cinit_table @ 000005e0 records: 1, size/record: 8, table size: 8
	.data: load addr=000005c8, load size=0000000f bytes, run addr=20000000, run size=00000014 bytes, compression=rle


LINKER GENERATED HANDLER TABLE

__TI_handler_table @ 000005d8 records: 2, size/record: 4, table size: 8
	index: 0, handler: __TI_decompress_rle24
	index: 1, handler: __TI_decompress_none


GLOBAL SYMBOLS: SORTED ALPHABETICALLY BY Name 

address   name                    
-------   ----                    
00000535  C$$EXIT                 
UNDEFED   SHT$$INIT_ARRAY$$Base   
UNDEFED   SHT$$INIT_ARRAY$$Limit  
4000480c  WDTCTL_SYM              
20010000  __STACK_END             
00000200  __STACK_SIZE            
000005e0  __TI_CINIT_Base         
000005e8  __TI_CINIT_Limit        
000005d8  __TI_Handler_Table_Base 
000005e0  __TI_Handler_Table_Limit
000003c1  __TI_auto_init          
20000008  __TI_cleanup_ptr        
000005a5  __TI_decompress_none    
000005bf  __TI_decompress_rle24   
2000000c  __TI_dtors_ptr          
00000000  __TI_static_base__      
00000345  __aeabi_memclr          
00000345  __aeabi_memclr4         
00000345  __aeabi_memclr8         
000002a9  __aeabi_memcpy          
000002a9  __aeabi_memcpy4         
000002a9  __aeabi_memcpy8         
00000347  __aeabi_memset          
00000347  __aeabi_memset4         
00000347  __aeabi_memset8         
ffffffff  __binit__               
ffffffff  __c_args__              
2000fe00  __stack                 
00000579  _args_main              
00000499  _c_int00                
20000000  _lock                   
0000059f  _nop                    
00000597  _register_lock          
00000591  _register_unlock        
000005c5  _system_pre_init        
20000004  _unlock                 
00000539  abort                   
ffffffff  binit                   
000004e9  copy_in                 
00000541  exit                    
00000000  interruptVectors        
00000141  ledInit                 
0000016d  ledOff                  
0000019f  ledOff2                 
00000161  ledOn                   
00000197  ledOn2                  
00000179  ledOutput               
000001a7  ledOutput2              
000001fb  main                    
20000010  main_func_sp            
000002a9  memcpy                  
0000034d  memset                  
000001bb  port1Init               
000001db  port2Init               


GLOBAL SYMBOLS: SORTED BY Symbol Address 

address   name                    
-------   ----                    
00000000  __TI_static_base__      
00000000  interruptVectors        
00000141  ledInit                 
00000161  ledOn                   
0000016d  ledOff                  
00000179  ledOutput               
00000197  ledOn2                  
0000019f  ledOff2                 
000001a7  ledOutput2              
000001bb  port1Init               
000001db  port2Init               
000001fb  main                    
00000200  __STACK_SIZE            
000002a9  __aeabi_memcpy          
000002a9  __aeabi_memcpy4         
000002a9  __aeabi_memcpy8         
000002a9  memcpy                  
00000345  __aeabi_memclr          
00000345  __aeabi_memclr4         
00000345  __aeabi_memclr8         
00000347  __aeabi_memset          
00000347  __aeabi_memset4         
00000347  __aeabi_memset8         
0000034d  memset                  
000003c1  __TI_auto_init          
00000499  _c_int00                
000004e9  copy_in                 
00000535  C$$EXIT                 
00000539  abort                   
00000541  exit                    
00000579  _args_main              
00000591  _register_unlock        
00000597  _register_lock          
0000059f  _nop                    
000005a5  __TI_decompress_none    
000005bf  __TI_decompress_rle24   
000005c5  _system_pre_init        
000005d8  __TI_Handler_Table_Base 
000005e0  __TI_CINIT_Base         
000005e0  __TI_Handler_Table_Limit
000005e8  __TI_CINIT_Limit        
20000000  _lock                   
20000004  _unlock                 
20000008  __TI_cleanup_ptr        
2000000c  __TI_dtors_ptr          
20000010  main_func_sp            
2000fe00  __stack                 
20010000  __STACK_END             
4000480c  WDTCTL_SYM              
ffffffff  __binit__               
ffffffff  __c_args__              
ffffffff  binit                   
UNDEFED   SHT$$INIT_ARRAY$$Base   
UNDEFED   SHT$$INIT_ARRAY$$Limit  

[54 symbols]
