******************************************************************************
                  TI ARM Linker PC v5.2.7                      
******************************************************************************
>> Linked Wed Mar 16 14:59:57 2016

OUTPUT FILE NAME:   <newblink.out>
ENTRY POINT SYMBOL: "_c_int00"  address: 00000bb9


MEMORY CONFIGURATION

         name            origin    length      used     unused   attr    fill
----------------------  --------  ---------  --------  --------  ----  --------
  MAIN                  00000000   00040000  00000d8a  0003f276  R  X
  INFO                  00200000   00004000  00000000  00004000  R  X
  SRAM_CODE             01000000   00010000  00000000  00010000  RW X
  SRAM_DATA             20000000   00010000  0000021c  0000fde4  RW  


SEGMENT ALLOCATION MAP

run origin  load origin   length   init length attrs members
----------  ----------- ---------- ----------- ----- -------
00000000    00000000    00000d8c   00000d8c    r-x
  00000000    00000000    00000140   00000140    r-- .intvecs
  00000140    00000140    00000c26   00000c26    r-x .text
  00000d68    00000d68    00000024   00000024    r-- .cinit
20000000    20000000    0000001c   00000000    rw-
  20000000    20000000    0000001c   00000000    rw- .data
2000fe00    2000fe00    00000200   00000000    rw-
  2000fe00    2000fe00    00000200   00000000    rw- .stack


SECTION ALLOCATION MAP

 output                                  attributes/
section   page    origin      length       input sections
--------  ----  ----------  ----------   ----------------
.intvecs   0    00000000    00000140     
                  00000000    00000140     startup_msp432p401r_ccs.obj (.intvecs:retain)

.text      0    00000140    00000c26     
                  00000140    00000330     main.obj (.text)
                  00000470    00000328     system_msp432p401r.obj (.text)
                  00000798    00000136     rtsv7M4_T_le_v4SPD16_eabi.lib : fd_div_t2.obj (.text)
                  000008ce    000000fc                                   : fd_mul_t2.obj (.text)
                  000009ca    0000009c                                   : memcpy_t2.obj (.text)
                  00000a66    0000007a                                   : memset_t2.obj (.text)
                  00000ae0    0000006c                                   : autoinit.obj (.text)
                  00000b4c    0000006a                                   : copy_decompress_rle.obj (.text)
                  00000bb6    00000002     --HOLE-- [fill = 0]
                  00000bb8    00000050                                   : boot.obj (.text)
                  00000c08    0000004c                                   : cpy_tbl.obj (.text)
                  00000c54    00000048                                   : fd_toi_t2.obj (.text)
                  00000c9c    00000044                                   : exit.obj (.text)
                  00000ce0    0000002e                                   : i_tofd_t2.obj (.text)
                  00000d0e    00000002     --HOLE-- [fill = 0]
                  00000d10    00000018                                   : args_main.obj (.text)
                  00000d28    00000014                                   : _lock.obj (.text)
                  00000d3c    00000012     startup_msp432p401r_ccs.obj (.text)
                  00000d4e    0000000e     rtsv7M4_T_le_v4SPD16_eabi.lib : copy_decompress_none.obj (.text:decompress:none)
                  00000d5c    00000006                                   : copy_decompress_rle.obj (.text:decompress:rle24)
                  00000d62    00000004                                   : pre_init.obj (.text)

.cinit     0    00000d68    00000024     
                  00000d68    00000013     (.cinit..data.load) [load image, compression = rle]
                  00000d7b    00000001     --HOLE-- [fill = 0]
                  00000d7c    00000008     (__TI_handler_table)
                  00000d84    00000008     (__TI_cinit_table)

.init_array 
*          0    00000000    00000000     UNINITIALIZED

.data      0    20000000    0000001c     UNINITIALIZED
                  20000000    00000008     rtsv7M4_T_le_v4SPD16_eabi.lib : _lock.obj (.data)
                  20000008    00000008                                   : exit.obj (.data)
                  20000010    00000004     main.obj (.data)
                  20000014    00000004     rtsv7M4_T_le_v4SPD16_eabi.lib : stkdepth_vars.obj (.data)
                  20000018    00000004     system_msp432p401r.obj (.data)

.TI.persistent 
*          0    20000000    00000000     UNINITIALIZED

.stack     0    2000fe00    00000200     UNINITIALIZED
                  2000fe00    00000200     --HOLE--


LINKER GENERATED COPY TABLES

__TI_cinit_table @ 00000d84 records: 1, size/record: 8, table size: 8
	.data: load addr=00000d68, load size=00000013 bytes, run addr=20000000, run size=0000001c bytes, compression=rle


LINKER GENERATED HANDLER TABLE

__TI_handler_table @ 00000d7c records: 2, size/record: 4, table size: 8
	index: 0, handler: __TI_decompress_rle24
	index: 1, handler: __TI_decompress_none


GLOBAL SYMBOLS: SORTED ALPHABETICALLY BY Name 

address   name                    
-------   ----                    
00000c9d  C$$EXIT                 
UNDEFED   SHT$$INIT_ARRAY$$Base   
UNDEFED   SHT$$INIT_ARRAY$$Limit  
00000273  SysTick_Init            
20000018  SystemCoreClock         
00000471  SystemCoreClockUpdate   
000006e5  SystemInit              
4000480c  WDTCTL_SYM              
20010000  __STACK_END             
00000200  __STACK_SIZE            
00000d84  __TI_CINIT_Base         
00000d8c  __TI_CINIT_Limit        
00000d7c  __TI_Handler_Table_Base 
00000d84  __TI_Handler_Table_Limit
00000ae1  __TI_auto_init          
20000008  __TI_cleanup_ptr        
00000d4f  __TI_decompress_none    
00000d5d  __TI_decompress_rle24   
2000000c  __TI_dtors_ptr          
00000000  __TI_static_base__      
00000c55  __aeabi_d2iz            
00000799  __aeabi_ddiv            
000008cf  __aeabi_dmul            
00000ce1  __aeabi_i2d             
00000a67  __aeabi_memclr          
00000a67  __aeabi_memclr4         
00000a67  __aeabi_memclr8         
000009cb  __aeabi_memcpy          
000009cb  __aeabi_memcpy4         
000009cb  __aeabi_memcpy8         
00000a69  __aeabi_memset          
00000a69  __aeabi_memset4         
00000a69  __aeabi_memset8         
ffffffff  __binit__               
ffffffff  __c_args__              
2000fe00  __stack                 
00000d11  _args_main              
00000bb9  _c_int00                
20000000  _lock                   
00000d37  _nop                    
00000d2f  _register_lock          
00000d29  _register_unlock        
00000d63  _system_pre_init        
20000004  _unlock                 
00000ca1  abort                   
ffffffff  binit                   
00000c09  copy_in                 
00000ca9  exit                    
00000000  interruptVectors        
00000309  main                    
20000014  main_func_sp            
000009cb  memcpy                  
00000a6f  memset                  
000002b9  myDebounce              
00000171  setP1                   
000001a9  setP2                   
000001e1  setP3P4P5P6P7P8P9P20    
00000141  setup                   


GLOBAL SYMBOLS: SORTED BY Symbol Address 

address   name                    
-------   ----                    
00000000  __TI_static_base__      
00000000  interruptVectors        
00000141  setup                   
00000171  setP1                   
000001a9  setP2                   
000001e1  setP3P4P5P6P7P8P9P20    
00000200  __STACK_SIZE            
00000273  SysTick_Init            
000002b9  myDebounce              
00000309  main                    
00000471  SystemCoreClockUpdate   
000006e5  SystemInit              
00000799  __aeabi_ddiv            
000008cf  __aeabi_dmul            
000009cb  __aeabi_memcpy          
000009cb  __aeabi_memcpy4         
000009cb  __aeabi_memcpy8         
000009cb  memcpy                  
00000a67  __aeabi_memclr          
00000a67  __aeabi_memclr4         
00000a67  __aeabi_memclr8         
00000a69  __aeabi_memset          
00000a69  __aeabi_memset4         
00000a69  __aeabi_memset8         
00000a6f  memset                  
00000ae1  __TI_auto_init          
00000bb9  _c_int00                
00000c09  copy_in                 
00000c55  __aeabi_d2iz            
00000c9d  C$$EXIT                 
00000ca1  abort                   
00000ca9  exit                    
00000ce1  __aeabi_i2d             
00000d11  _args_main              
00000d29  _register_unlock        
00000d2f  _register_lock          
00000d37  _nop                    
00000d4f  __TI_decompress_none    
00000d5d  __TI_decompress_rle24   
00000d63  _system_pre_init        
00000d7c  __TI_Handler_Table_Base 
00000d84  __TI_CINIT_Base         
00000d84  __TI_Handler_Table_Limit
00000d8c  __TI_CINIT_Limit        
20000000  _lock                   
20000004  _unlock                 
20000008  __TI_cleanup_ptr        
2000000c  __TI_dtors_ptr          
20000014  main_func_sp            
20000018  SystemCoreClock         
2000fe00  __stack                 
20010000  __STACK_END             
4000480c  WDTCTL_SYM              
ffffffff  __binit__               
ffffffff  __c_args__              
ffffffff  binit                   
UNDEFED   SHT$$INIT_ARRAY$$Base   
UNDEFED   SHT$$INIT_ARRAY$$Limit  

[58 symbols]
