Archive member included because of file (symbol)

/home/cheeto/programs/ti/ccsv6/tools/compiler/gcc-arm-none-eabi-4_8-2014q3/bin/../lib/gcc/arm-none-eabi/4.8.4/../../../../arm-none-eabi/lib/armv7e-m/fpu/libc.a(lib_a-exit.o)
                              /home/cheeto/programs/ti/ccsv6/tools/compiler/gcc-arm-none-eabi-4_8-2014q3/bin/../lib/gcc/arm-none-eabi/4.8.4/../../../../arm-none-eabi/lib/armv7e-m/fpu/crt0.o (exit)
/home/cheeto/programs/ti/ccsv6/tools/compiler/gcc-arm-none-eabi-4_8-2014q3/bin/../lib/gcc/arm-none-eabi/4.8.4/../../../../arm-none-eabi/lib/armv7e-m/fpu/libc.a(lib_a-impure.o)
                              /home/cheeto/programs/ti/ccsv6/tools/compiler/gcc-arm-none-eabi-4_8-2014q3/bin/../lib/gcc/arm-none-eabi/4.8.4/../../../../arm-none-eabi/lib/armv7e-m/fpu/libc.a(lib_a-exit.o) (_global_impure_ptr)
/home/cheeto/programs/ti/ccsv6/tools/compiler/gcc-arm-none-eabi-4_8-2014q3/bin/../lib/gcc/arm-none-eabi/4.8.4/../../../../arm-none-eabi/lib/armv7e-m/fpu/libc.a(lib_a-init.o)
                              /home/cheeto/programs/ti/ccsv6/tools/compiler/gcc-arm-none-eabi-4_8-2014q3/bin/../lib/gcc/arm-none-eabi/4.8.4/../../../../arm-none-eabi/lib/armv7e-m/fpu/crt0.o (__libc_init_array)
/home/cheeto/programs/ti/ccsv6/tools/compiler/gcc-arm-none-eabi-4_8-2014q3/bin/../lib/gcc/arm-none-eabi/4.8.4/../../../../arm-none-eabi/lib/armv7e-m/fpu/libc.a(lib_a-memset.o)
                              /home/cheeto/programs/ti/ccsv6/tools/compiler/gcc-arm-none-eabi-4_8-2014q3/bin/../lib/gcc/arm-none-eabi/4.8.4/../../../../arm-none-eabi/lib/armv7e-m/fpu/crt0.o (memset)
/home/cheeto/programs/ti/ccsv6/tools/compiler/gcc-arm-none-eabi-4_8-2014q3/bin/../lib/gcc/arm-none-eabi/4.8.4/../../../../arm-none-eabi/lib/armv7e-m/fpu/libc.a(lib_a-__call_atexit.o)
                              /home/cheeto/programs/ti/ccsv6/tools/compiler/gcc-arm-none-eabi-4_8-2014q3/bin/../lib/gcc/arm-none-eabi/4.8.4/../../../../arm-none-eabi/lib/armv7e-m/fpu/libc.a(lib_a-exit.o) (__call_exitprocs)
/home/cheeto/programs/ti/ccsv6/tools/compiler/gcc-arm-none-eabi-4_8-2014q3/bin/../lib/gcc/arm-none-eabi/4.8.4/../../../../arm-none-eabi/lib/armv7e-m/fpu/libc.a(lib_a-atexit.o)
                              /home/cheeto/programs/ti/ccsv6/tools/compiler/gcc-arm-none-eabi-4_8-2014q3/bin/../lib/gcc/arm-none-eabi/4.8.4/../../../../arm-none-eabi/lib/armv7e-m/fpu/libc.a(lib_a-__call_atexit.o) (atexit)
/home/cheeto/programs/ti/ccsv6/tools/compiler/gcc-arm-none-eabi-4_8-2014q3/bin/../lib/gcc/arm-none-eabi/4.8.4/../../../../arm-none-eabi/lib/armv7e-m/fpu/libc.a(lib_a-fini.o)
                              /home/cheeto/programs/ti/ccsv6/tools/compiler/gcc-arm-none-eabi-4_8-2014q3/bin/../lib/gcc/arm-none-eabi/4.8.4/../../../../arm-none-eabi/lib/armv7e-m/fpu/libc.a(lib_a-__call_atexit.o) (__libc_fini_array)
/home/cheeto/programs/ti/ccsv6/tools/compiler/gcc-arm-none-eabi-4_8-2014q3/bin/../lib/gcc/arm-none-eabi/4.8.4/../../../../arm-none-eabi/lib/armv7e-m/fpu/libc.a(lib_a-__atexit.o)
                              /home/cheeto/programs/ti/ccsv6/tools/compiler/gcc-arm-none-eabi-4_8-2014q3/bin/../lib/gcc/arm-none-eabi/4.8.4/../../../../arm-none-eabi/lib/armv7e-m/fpu/libc.a(lib_a-atexit.o) (__register_exitproc)
/home/cheeto/programs/ti/ccsv6/tools/compiler/gcc-arm-none-eabi-4_8-2014q3/bin/../lib/gcc/arm-none-eabi/4.8.4/armv7e-m/fpu/libgcc.a(_arm_addsubdf3.o)
                              ./main.o (__aeabi_i2d)
/home/cheeto/programs/ti/ccsv6/tools/compiler/gcc-arm-none-eabi-4_8-2014q3/bin/../lib/gcc/arm-none-eabi/4.8.4/armv7e-m/fpu/libgcc.a(_arm_muldivdf3.o)
                              ./main.o (__aeabi_dmul)
/home/cheeto/programs/ti/ccsv6/tools/compiler/gcc-arm-none-eabi-4_8-2014q3/bin/../lib/gcc/arm-none-eabi/4.8.4/armv7e-m/fpu/libgcc.a(_arm_fixdfsi.o)
                              ./main.o (__aeabi_d2iz)

Memory Configuration

Name             Origin             Length             Attributes
MAIN_FLASH       0x00000000         0x00040000         xr
INFO_FLASH       0x00200000         0x00004000         xr
SRAM_CODE        0x01000000         0x00010000         xrw
SRAM_DATA        0x20000000         0x00010000         rw
*default*        0x00000000         0xffffffff

Linker script and memory map

LOAD /home/cheeto/programs/ti/ccsv6/tools/compiler/gcc-arm-none-eabi-4_8-2014q3/bin/../lib/gcc/arm-none-eabi/4.8.4/armv7e-m/fpu/crti.o
LOAD /home/cheeto/programs/ti/ccsv6/tools/compiler/gcc-arm-none-eabi-4_8-2014q3/bin/../lib/gcc/arm-none-eabi/4.8.4/armv7e-m/fpu/crtbegin.o
LOAD /home/cheeto/programs/ti/ccsv6/tools/compiler/gcc-arm-none-eabi-4_8-2014q3/bin/../lib/gcc/arm-none-eabi/4.8.4/../../../../arm-none-eabi/lib/armv7e-m/fpu/crt0.o
LOAD ./main.o
LOAD ./msp432_startup_ccs_gcc.o
LOAD ./sysTick.o
                0x00000000                PROVIDE (_intvecs_base_address, DEFINED (_intvecs_base_address)?_intvecs_base_address:0x0)

.intvecs        0x00000000      0x140
 *(.intvecs)
 .intvecs       0x00000000      0x140 ./msp432_startup_ccs_gcc.o
                0x00000000                interruptVectors
                0x20000000                PROVIDE (_vtable_base_address, DEFINED (_vtable_base_address)?_vtable_base_address:0x20000000)

.vtable
 *(.vtable)

.text           0x00000140      0xdcc
 CREATE_OBJECT_SYMBOLS
 *(.text)
 .text          0x00000140        0x0 /home/cheeto/programs/ti/ccsv6/tools/compiler/gcc-arm-none-eabi-4_8-2014q3/bin/../lib/gcc/arm-none-eabi/4.8.4/armv7e-m/fpu/crti.o
 .text          0x00000140       0x54 /home/cheeto/programs/ti/ccsv6/tools/compiler/gcc-arm-none-eabi-4_8-2014q3/bin/../lib/gcc/arm-none-eabi/4.8.4/armv7e-m/fpu/crtbegin.o
 .text          0x00000194       0x74 /home/cheeto/programs/ti/ccsv6/tools/compiler/gcc-arm-none-eabi-4_8-2014q3/bin/../lib/gcc/arm-none-eabi/4.8.4/../../../../arm-none-eabi/lib/armv7e-m/fpu/crt0.o
                0x00000194                _mainCRTStartup
                0x00000194                _start
 .text          0x00000208      0x19c ./main.o
                0x00000208                main
                0x000002a4                SysTick_Init
                0x00000330                debounce
 .text          0x000003a4       0x74 ./msp432_startup_ccs_gcc.o
 .text          0x00000418        0x0 ./sysTick.o
 .text          0x00000418        0x0 /home/cheeto/programs/ti/ccsv6/tools/compiler/gcc-arm-none-eabi-4_8-2014q3/bin/../lib/gcc/arm-none-eabi/4.8.4/../../../../arm-none-eabi/lib/armv7e-m/fpu/libc.a(lib_a-exit.o)
 .text          0x00000418        0x0 /home/cheeto/programs/ti/ccsv6/tools/compiler/gcc-arm-none-eabi-4_8-2014q3/bin/../lib/gcc/arm-none-eabi/4.8.4/../../../../arm-none-eabi/lib/armv7e-m/fpu/libc.a(lib_a-impure.o)
 .text          0x00000418        0x0 /home/cheeto/programs/ti/ccsv6/tools/compiler/gcc-arm-none-eabi-4_8-2014q3/bin/../lib/gcc/arm-none-eabi/4.8.4/../../../../arm-none-eabi/lib/armv7e-m/fpu/libc.a(lib_a-init.o)
 .text          0x00000418        0x0 /home/cheeto/programs/ti/ccsv6/tools/compiler/gcc-arm-none-eabi-4_8-2014q3/bin/../lib/gcc/arm-none-eabi/4.8.4/../../../../arm-none-eabi/lib/armv7e-m/fpu/libc.a(lib_a-memset.o)
 .text          0x00000418        0x0 /home/cheeto/programs/ti/ccsv6/tools/compiler/gcc-arm-none-eabi-4_8-2014q3/bin/../lib/gcc/arm-none-eabi/4.8.4/../../../../arm-none-eabi/lib/armv7e-m/fpu/libc.a(lib_a-__call_atexit.o)
 .text          0x00000418        0x0 /home/cheeto/programs/ti/ccsv6/tools/compiler/gcc-arm-none-eabi-4_8-2014q3/bin/../lib/gcc/arm-none-eabi/4.8.4/../../../../arm-none-eabi/lib/armv7e-m/fpu/libc.a(lib_a-atexit.o)
 .text          0x00000418        0x0 /home/cheeto/programs/ti/ccsv6/tools/compiler/gcc-arm-none-eabi-4_8-2014q3/bin/../lib/gcc/arm-none-eabi/4.8.4/../../../../arm-none-eabi/lib/armv7e-m/fpu/libc.a(lib_a-fini.o)
 .text          0x00000418        0x0 /home/cheeto/programs/ti/ccsv6/tools/compiler/gcc-arm-none-eabi-4_8-2014q3/bin/../lib/gcc/arm-none-eabi/4.8.4/../../../../arm-none-eabi/lib/armv7e-m/fpu/libc.a(lib_a-__atexit.o)
 .text          0x00000418      0x370 /home/cheeto/programs/ti/ccsv6/tools/compiler/gcc-arm-none-eabi-4_8-2014q3/bin/../lib/gcc/arm-none-eabi/4.8.4/armv7e-m/fpu/libgcc.a(_arm_addsubdf3.o)
                0x00000418                __aeabi_drsub
                0x00000420                __aeabi_dsub
                0x00000420                __subdf3
                0x00000424                __adddf3
                0x00000424                __aeabi_dadd
                0x0000069c                __aeabi_ui2d
                0x0000069c                __floatunsidf
                0x000006bc                __floatsidf
                0x000006bc                __aeabi_i2d
                0x000006e0                __extendsfdf2
                0x000006e0                __aeabi_f2d
                0x0000071c                __aeabi_ul2d
                0x0000071c                __floatundidf
                0x0000072c                __floatdidf
                0x0000072c                __aeabi_l2d
 .text          0x00000788      0x424 /home/cheeto/programs/ti/ccsv6/tools/compiler/gcc-arm-none-eabi-4_8-2014q3/bin/../lib/gcc/arm-none-eabi/4.8.4/armv7e-m/fpu/libgcc.a(_arm_muldivdf3.o)
                0x00000788                __aeabi_dmul
                0x00000788                __muldf3
                0x000009dc                __aeabi_ddiv
                0x000009dc                __divdf3
 .text          0x00000bac       0x50 /home/cheeto/programs/ti/ccsv6/tools/compiler/gcc-arm-none-eabi-4_8-2014q3/bin/../lib/gcc/arm-none-eabi/4.8.4/armv7e-m/fpu/libgcc.a(_arm_fixdfsi.o)
                0x00000bac                __fixdfsi
                0x00000bac                __aeabi_d2iz
 .text          0x00000bfc        0x0 /home/cheeto/programs/ti/ccsv6/tools/compiler/gcc-arm-none-eabi-4_8-2014q3/bin/../lib/gcc/arm-none-eabi/4.8.4/armv7e-m/fpu/crtend.o
 .text          0x00000bfc        0x0 /home/cheeto/programs/ti/ccsv6/tools/compiler/gcc-arm-none-eabi-4_8-2014q3/bin/../lib/gcc/arm-none-eabi/4.8.4/armv7e-m/fpu/crtn.o
 *(.text.*)
 .text.exit     0x00000bfc       0x20 /home/cheeto/programs/ti/ccsv6/tools/compiler/gcc-arm-none-eabi-4_8-2014q3/bin/../lib/gcc/arm-none-eabi/4.8.4/../../../../arm-none-eabi/lib/armv7e-m/fpu/libc.a(lib_a-exit.o)
                0x00000bfc                exit
 .text.__libc_init_array
                0x00000c1c       0x50 /home/cheeto/programs/ti/ccsv6/tools/compiler/gcc-arm-none-eabi-4_8-2014q3/bin/../lib/gcc/arm-none-eabi/4.8.4/../../../../arm-none-eabi/lib/armv7e-m/fpu/libc.a(lib_a-init.o)
                0x00000c1c                __libc_init_array
 .text.memset   0x00000c6c       0x94 /home/cheeto/programs/ti/ccsv6/tools/compiler/gcc-arm-none-eabi-4_8-2014q3/bin/../lib/gcc/arm-none-eabi/4.8.4/../../../../arm-none-eabi/lib/armv7e-m/fpu/libc.a(lib_a-memset.o)
                0x00000c6c                memset
 .text.startup.register_fini
                0x00000d00       0x14 /home/cheeto/programs/ti/ccsv6/tools/compiler/gcc-arm-none-eabi-4_8-2014q3/bin/../lib/gcc/arm-none-eabi/4.8.4/../../../../arm-none-eabi/lib/armv7e-m/fpu/libc.a(lib_a-__call_atexit.o)
 .text.__call_exitprocs
                0x00000d14       0xf0 /home/cheeto/programs/ti/ccsv6/tools/compiler/gcc-arm-none-eabi-4_8-2014q3/bin/../lib/gcc/arm-none-eabi/4.8.4/../../../../arm-none-eabi/lib/armv7e-m/fpu/libc.a(lib_a-__call_atexit.o)
                0x00000d14                __call_exitprocs
 .text.atexit   0x00000e04        0xc /home/cheeto/programs/ti/ccsv6/tools/compiler/gcc-arm-none-eabi-4_8-2014q3/bin/../lib/gcc/arm-none-eabi/4.8.4/../../../../arm-none-eabi/lib/armv7e-m/fpu/libc.a(lib_a-atexit.o)
                0x00000e04                atexit
 .text.__libc_fini_array
                0x00000e10       0x30 /home/cheeto/programs/ti/ccsv6/tools/compiler/gcc-arm-none-eabi-4_8-2014q3/bin/../lib/gcc/arm-none-eabi/4.8.4/../../../../arm-none-eabi/lib/armv7e-m/fpu/libc.a(lib_a-fini.o)
                0x00000e10                __libc_fini_array
 .text.__register_exitproc
                0x00000e40       0xa8 /home/cheeto/programs/ti/ccsv6/tools/compiler/gcc-arm-none-eabi-4_8-2014q3/bin/../lib/gcc/arm-none-eabi/4.8.4/../../../../arm-none-eabi/lib/armv7e-m/fpu/libc.a(lib_a-__atexit.o)
                0x00000e40                __register_exitproc
                0x00000ee8                . = ALIGN (0x4)
 *(.ctors)
                0x00000ee8                . = ALIGN (0x4)
 *(.dtors)
                0x00000ee8                . = ALIGN (0x4)
                0x00000ee8                __init_array_start = .
 *(.init_array*)
 .init_array    0x00000ee8        0x4 /home/cheeto/programs/ti/ccsv6/tools/compiler/gcc-arm-none-eabi-4_8-2014q3/bin/../lib/gcc/arm-none-eabi/4.8.4/armv7e-m/fpu/crtbegin.o
 .init_array.00000
                0x00000eec        0x4 /home/cheeto/programs/ti/ccsv6/tools/compiler/gcc-arm-none-eabi-4_8-2014q3/bin/../lib/gcc/arm-none-eabi/4.8.4/../../../../arm-none-eabi/lib/armv7e-m/fpu/libc.a(lib_a-__call_atexit.o)
                0x00000ef0                __init_array_end = .
 *(.init)
 .init          0x00000ef0        0x4 /home/cheeto/programs/ti/ccsv6/tools/compiler/gcc-arm-none-eabi-4_8-2014q3/bin/../lib/gcc/arm-none-eabi/4.8.4/armv7e-m/fpu/crti.o
                0x00000ef0                _init
 .init          0x00000ef4        0x8 /home/cheeto/programs/ti/ccsv6/tools/compiler/gcc-arm-none-eabi-4_8-2014q3/bin/../lib/gcc/arm-none-eabi/4.8.4/armv7e-m/fpu/crtn.o
 *(.fini*)
 .fini          0x00000efc        0x4 /home/cheeto/programs/ti/ccsv6/tools/compiler/gcc-arm-none-eabi-4_8-2014q3/bin/../lib/gcc/arm-none-eabi/4.8.4/armv7e-m/fpu/crti.o
                0x00000efc                _fini
 .fini_array    0x00000f00        0x4 /home/cheeto/programs/ti/ccsv6/tools/compiler/gcc-arm-none-eabi-4_8-2014q3/bin/../lib/gcc/arm-none-eabi/4.8.4/armv7e-m/fpu/crtbegin.o
 .fini          0x00000f04        0x8 /home/cheeto/programs/ti/ccsv6/tools/compiler/gcc-arm-none-eabi-4_8-2014q3/bin/../lib/gcc/arm-none-eabi/4.8.4/armv7e-m/fpu/crtn.o

.glue_7         0x00000f0c        0x0
 .glue_7        0x00000000        0x0 linker stubs

.glue_7t        0x00000f0c        0x0
 .glue_7t       0x00000000        0x0 linker stubs

.vfp11_veneer   0x00000f0c        0x0
 .vfp11_veneer  0x00000000        0x0 linker stubs

.v4_bx          0x00000f0c        0x0
 .v4_bx         0x00000000        0x0 linker stubs

.iplt           0x00000f0c        0x0
 .iplt          0x00000000        0x0 /home/cheeto/programs/ti/ccsv6/tools/compiler/gcc-arm-none-eabi-4_8-2014q3/bin/../lib/gcc/arm-none-eabi/4.8.4/armv7e-m/fpu/crtbegin.o

.rodata         0x00000f0c        0x8
 *(.rodata)
 *(.rodata.*)
 .rodata.str1.4
                0x00000f0c        0x4 /home/cheeto/programs/ti/ccsv6/tools/compiler/gcc-arm-none-eabi-4_8-2014q3/bin/../lib/gcc/arm-none-eabi/4.8.4/../../../../arm-none-eabi/lib/armv7e-m/fpu/libc.a(lib_a-impure.o)
 .rodata._global_impure_ptr
                0x00000f10        0x4 /home/cheeto/programs/ti/ccsv6/tools/compiler/gcc-arm-none-eabi-4_8-2014q3/bin/../lib/gcc/arm-none-eabi/4.8.4/../../../../arm-none-eabi/lib/armv7e-m/fpu/libc.a(lib_a-impure.o)
                0x00000f10                _global_impure_ptr

.eh_frame       0x00000f14        0x4
 .eh_frame      0x00000f14        0x0 /home/cheeto/programs/ti/ccsv6/tools/compiler/gcc-arm-none-eabi-4_8-2014q3/bin/../lib/gcc/arm-none-eabi/4.8.4/armv7e-m/fpu/crtbegin.o
 .eh_frame      0x00000f14        0x4 /home/cheeto/programs/ti/ccsv6/tools/compiler/gcc-arm-none-eabi-4_8-2014q3/bin/../lib/gcc/arm-none-eabi/4.8.4/armv7e-m/fpu/crtend.o

.ARM.exidx      0x00000f18        0x8
                0x00000f18                __exidx_start = .
 *(.ARM.exidx* .gnu.linkonce.armexidx.*)
 .ARM.exidx     0x00000f18        0x8 /home/cheeto/programs/ti/ccsv6/tools/compiler/gcc-arm-none-eabi-4_8-2014q3/bin/../lib/gcc/arm-none-eabi/4.8.4/../../../../arm-none-eabi/lib/armv7e-m/fpu/crt0.o
                0x00000f20                __exidx_end = .

.ARM.extab      0x00000f20        0x0
 *(.ARM.extab* .gnu.linkonce.armextab.*)
 .ARM.extab     0x00000f20        0x0 /home/cheeto/programs/ti/ccsv6/tools/compiler/gcc-arm-none-eabi-4_8-2014q3/bin/../lib/gcc/arm-none-eabi/4.8.4/../../../../arm-none-eabi/lib/armv7e-m/fpu/crt0.o
                0x00000f20                __etext = .

.rel.dyn        0x00000f20        0x0
 .rel.iplt      0x00000000        0x0 /home/cheeto/programs/ti/ccsv6/tools/compiler/gcc-arm-none-eabi-4_8-2014q3/bin/../lib/gcc/arm-none-eabi/4.8.4/armv7e-m/fpu/crtbegin.o

.data           0x20000000      0x434 load address 0x00000f20
                0x00000f20                __data_load__ = LOADADDR (.data)
                0x20000000                __data_start__ = .
 *(.data)
 .data          0x20000000        0x0 /home/cheeto/programs/ti/ccsv6/tools/compiler/gcc-arm-none-eabi-4_8-2014q3/bin/../lib/gcc/arm-none-eabi/4.8.4/armv7e-m/fpu/crti.o
 .data          0x20000000        0x4 /home/cheeto/programs/ti/ccsv6/tools/compiler/gcc-arm-none-eabi-4_8-2014q3/bin/../lib/gcc/arm-none-eabi/4.8.4/armv7e-m/fpu/crtbegin.o
                0x20000000                __dso_handle
 .data          0x20000004        0x0 /home/cheeto/programs/ti/ccsv6/tools/compiler/gcc-arm-none-eabi-4_8-2014q3/bin/../lib/gcc/arm-none-eabi/4.8.4/../../../../arm-none-eabi/lib/armv7e-m/fpu/crt0.o
 .data          0x20000004        0x0 ./main.o
 .data          0x20000004        0x0 ./msp432_startup_ccs_gcc.o
 .data          0x20000004        0x0 ./sysTick.o
 .data          0x20000004        0x0 /home/cheeto/programs/ti/ccsv6/tools/compiler/gcc-arm-none-eabi-4_8-2014q3/bin/../lib/gcc/arm-none-eabi/4.8.4/../../../../arm-none-eabi/lib/armv7e-m/fpu/libc.a(lib_a-exit.o)
 .data          0x20000004        0x0 /home/cheeto/programs/ti/ccsv6/tools/compiler/gcc-arm-none-eabi-4_8-2014q3/bin/../lib/gcc/arm-none-eabi/4.8.4/../../../../arm-none-eabi/lib/armv7e-m/fpu/libc.a(lib_a-impure.o)
 .data          0x20000004        0x0 /home/cheeto/programs/ti/ccsv6/tools/compiler/gcc-arm-none-eabi-4_8-2014q3/bin/../lib/gcc/arm-none-eabi/4.8.4/../../../../arm-none-eabi/lib/armv7e-m/fpu/libc.a(lib_a-init.o)
 .data          0x20000004        0x0 /home/cheeto/programs/ti/ccsv6/tools/compiler/gcc-arm-none-eabi-4_8-2014q3/bin/../lib/gcc/arm-none-eabi/4.8.4/../../../../arm-none-eabi/lib/armv7e-m/fpu/libc.a(lib_a-memset.o)
 .data          0x20000004        0x0 /home/cheeto/programs/ti/ccsv6/tools/compiler/gcc-arm-none-eabi-4_8-2014q3/bin/../lib/gcc/arm-none-eabi/4.8.4/../../../../arm-none-eabi/lib/armv7e-m/fpu/libc.a(lib_a-__call_atexit.o)
 .data          0x20000004        0x0 /home/cheeto/programs/ti/ccsv6/tools/compiler/gcc-arm-none-eabi-4_8-2014q3/bin/../lib/gcc/arm-none-eabi/4.8.4/../../../../arm-none-eabi/lib/armv7e-m/fpu/libc.a(lib_a-atexit.o)
 .data          0x20000004        0x0 /home/cheeto/programs/ti/ccsv6/tools/compiler/gcc-arm-none-eabi-4_8-2014q3/bin/../lib/gcc/arm-none-eabi/4.8.4/../../../../arm-none-eabi/lib/armv7e-m/fpu/libc.a(lib_a-fini.o)
 .data          0x20000004        0x0 /home/cheeto/programs/ti/ccsv6/tools/compiler/gcc-arm-none-eabi-4_8-2014q3/bin/../lib/gcc/arm-none-eabi/4.8.4/../../../../arm-none-eabi/lib/armv7e-m/fpu/libc.a(lib_a-__atexit.o)
 .data          0x20000004        0x0 /home/cheeto/programs/ti/ccsv6/tools/compiler/gcc-arm-none-eabi-4_8-2014q3/bin/../lib/gcc/arm-none-eabi/4.8.4/armv7e-m/fpu/libgcc.a(_arm_addsubdf3.o)
 .data          0x20000004        0x0 /home/cheeto/programs/ti/ccsv6/tools/compiler/gcc-arm-none-eabi-4_8-2014q3/bin/../lib/gcc/arm-none-eabi/4.8.4/armv7e-m/fpu/libgcc.a(_arm_muldivdf3.o)
 .data          0x20000004        0x0 /home/cheeto/programs/ti/ccsv6/tools/compiler/gcc-arm-none-eabi-4_8-2014q3/bin/../lib/gcc/arm-none-eabi/4.8.4/armv7e-m/fpu/libgcc.a(_arm_fixdfsi.o)
 .data          0x20000004        0x0 /home/cheeto/programs/ti/ccsv6/tools/compiler/gcc-arm-none-eabi-4_8-2014q3/bin/../lib/gcc/arm-none-eabi/4.8.4/armv7e-m/fpu/crtend.o
 .data          0x20000004        0x0 /home/cheeto/programs/ti/ccsv6/tools/compiler/gcc-arm-none-eabi-4_8-2014q3/bin/../lib/gcc/arm-none-eabi/4.8.4/armv7e-m/fpu/crtn.o
 *(.data*)
 *fill*         0x20000004        0x4 
 .data.impure_data
                0x20000008      0x428 /home/cheeto/programs/ti/ccsv6/tools/compiler/gcc-arm-none-eabi-4_8-2014q3/bin/../lib/gcc/arm-none-eabi/4.8.4/../../../../arm-none-eabi/lib/armv7e-m/fpu/libc.a(lib_a-impure.o)
 .data._impure_ptr
                0x20000430        0x4 /home/cheeto/programs/ti/ccsv6/tools/compiler/gcc-arm-none-eabi-4_8-2014q3/bin/../lib/gcc/arm-none-eabi/4.8.4/../../../../arm-none-eabi/lib/armv7e-m/fpu/libc.a(lib_a-impure.o)
                0x20000430                _impure_ptr
                0x20000434                . = ALIGN (0x4)
                0x20000434                __data_end__ = .

.jcr            0x20000434        0x4 load address 0x00001354
 .jcr           0x20000434        0x0 /home/cheeto/programs/ti/ccsv6/tools/compiler/gcc-arm-none-eabi-4_8-2014q3/bin/../lib/gcc/arm-none-eabi/4.8.4/armv7e-m/fpu/crtbegin.o
 .jcr           0x20000434        0x4 /home/cheeto/programs/ti/ccsv6/tools/compiler/gcc-arm-none-eabi-4_8-2014q3/bin/../lib/gcc/arm-none-eabi/4.8.4/armv7e-m/fpu/crtend.o

.igot.plt       0x20000438        0x0 load address 0x00001358
 .igot.plt      0x00000000        0x0 /home/cheeto/programs/ti/ccsv6/tools/compiler/gcc-arm-none-eabi-4_8-2014q3/bin/../lib/gcc/arm-none-eabi/4.8.4/armv7e-m/fpu/crtbegin.o

.bss            0x20000438       0x20
                0x20000438                __bss_start__ = .
 *(.shbss)
 *(.bss)
 .bss           0x20000438        0x0 /home/cheeto/programs/ti/ccsv6/tools/compiler/gcc-arm-none-eabi-4_8-2014q3/bin/../lib/gcc/arm-none-eabi/4.8.4/armv7e-m/fpu/crti.o
 .bss           0x20000438       0x1c /home/cheeto/programs/ti/ccsv6/tools/compiler/gcc-arm-none-eabi-4_8-2014q3/bin/../lib/gcc/arm-none-eabi/4.8.4/armv7e-m/fpu/crtbegin.o
 .bss           0x20000454        0x0 /home/cheeto/programs/ti/ccsv6/tools/compiler/gcc-arm-none-eabi-4_8-2014q3/bin/../lib/gcc/arm-none-eabi/4.8.4/../../../../arm-none-eabi/lib/armv7e-m/fpu/crt0.o
 .bss           0x20000454        0x4 ./main.o
 .bss           0x20000458        0x0 ./msp432_startup_ccs_gcc.o
 .bss           0x20000458        0x0 ./sysTick.o
 .bss           0x20000458        0x0 /home/cheeto/programs/ti/ccsv6/tools/compiler/gcc-arm-none-eabi-4_8-2014q3/bin/../lib/gcc/arm-none-eabi/4.8.4/../../../../arm-none-eabi/lib/armv7e-m/fpu/libc.a(lib_a-exit.o)
 .bss           0x20000458        0x0 /home/cheeto/programs/ti/ccsv6/tools/compiler/gcc-arm-none-eabi-4_8-2014q3/bin/../lib/gcc/arm-none-eabi/4.8.4/../../../../arm-none-eabi/lib/armv7e-m/fpu/libc.a(lib_a-impure.o)
 .bss           0x20000458        0x0 /home/cheeto/programs/ti/ccsv6/tools/compiler/gcc-arm-none-eabi-4_8-2014q3/bin/../lib/gcc/arm-none-eabi/4.8.4/../../../../arm-none-eabi/lib/armv7e-m/fpu/libc.a(lib_a-init.o)
 .bss           0x20000458        0x0 /home/cheeto/programs/ti/ccsv6/tools/compiler/gcc-arm-none-eabi-4_8-2014q3/bin/../lib/gcc/arm-none-eabi/4.8.4/../../../../arm-none-eabi/lib/armv7e-m/fpu/libc.a(lib_a-memset.o)
 .bss           0x20000458        0x0 /home/cheeto/programs/ti/ccsv6/tools/compiler/gcc-arm-none-eabi-4_8-2014q3/bin/../lib/gcc/arm-none-eabi/4.8.4/../../../../arm-none-eabi/lib/armv7e-m/fpu/libc.a(lib_a-__call_atexit.o)
 .bss           0x20000458        0x0 /home/cheeto/programs/ti/ccsv6/tools/compiler/gcc-arm-none-eabi-4_8-2014q3/bin/../lib/gcc/arm-none-eabi/4.8.4/../../../../arm-none-eabi/lib/armv7e-m/fpu/libc.a(lib_a-atexit.o)
 .bss           0x20000458        0x0 /home/cheeto/programs/ti/ccsv6/tools/compiler/gcc-arm-none-eabi-4_8-2014q3/bin/../lib/gcc/arm-none-eabi/4.8.4/../../../../arm-none-eabi/lib/armv7e-m/fpu/libc.a(lib_a-fini.o)
 .bss           0x20000458        0x0 /home/cheeto/programs/ti/ccsv6/tools/compiler/gcc-arm-none-eabi-4_8-2014q3/bin/../lib/gcc/arm-none-eabi/4.8.4/../../../../arm-none-eabi/lib/armv7e-m/fpu/libc.a(lib_a-__atexit.o)
 .bss           0x20000458        0x0 /home/cheeto/programs/ti/ccsv6/tools/compiler/gcc-arm-none-eabi-4_8-2014q3/bin/../lib/gcc/arm-none-eabi/4.8.4/armv7e-m/fpu/libgcc.a(_arm_addsubdf3.o)
 .bss           0x20000458        0x0 /home/cheeto/programs/ti/ccsv6/tools/compiler/gcc-arm-none-eabi-4_8-2014q3/bin/../lib/gcc/arm-none-eabi/4.8.4/armv7e-m/fpu/libgcc.a(_arm_muldivdf3.o)
 .bss           0x20000458        0x0 /home/cheeto/programs/ti/ccsv6/tools/compiler/gcc-arm-none-eabi-4_8-2014q3/bin/../lib/gcc/arm-none-eabi/4.8.4/armv7e-m/fpu/libgcc.a(_arm_fixdfsi.o)
 .bss           0x20000458        0x0 /home/cheeto/programs/ti/ccsv6/tools/compiler/gcc-arm-none-eabi-4_8-2014q3/bin/../lib/gcc/arm-none-eabi/4.8.4/armv7e-m/fpu/crtend.o
 .bss           0x20000458        0x0 /home/cheeto/programs/ti/ccsv6/tools/compiler/gcc-arm-none-eabi-4_8-2014q3/bin/../lib/gcc/arm-none-eabi/4.8.4/armv7e-m/fpu/crtn.o
 *(.bss.*)
 *(COMMON)
                0x20000458                . = ALIGN (0x4)
                0x20000458                __bss_end__ = .

.heap           0x20000458        0x0
                0x20000458                __heap_start__ = .
                0x20000458                end = __heap_start__
                0x20000458                _end = end
                0x20000458                __end = end
 *(.heap)
                0x20000458                __heap_end__ = .
                0x20000458                __HeapLimit = __heap_end__

.stack          0x20000458        0x0
                0x20000458                _stack = .
                0x20000458                __stack = .
 *(.stack)
START GROUP
LOAD /home/cheeto/programs/ti/ccsv6/tools/compiler/gcc-arm-none-eabi-4_8-2014q3/bin/../lib/gcc/arm-none-eabi/4.8.4/../../../../arm-none-eabi/lib/armv7e-m/fpu/libc.a
END GROUP
START GROUP
LOAD /home/cheeto/programs/ti/ccsv6/tools/compiler/gcc-arm-none-eabi-4_8-2014q3/bin/../lib/gcc/arm-none-eabi/4.8.4/armv7e-m/fpu/libgcc.a
LOAD /home/cheeto/programs/ti/ccsv6/tools/compiler/gcc-arm-none-eabi-4_8-2014q3/bin/../lib/gcc/arm-none-eabi/4.8.4/../../../../arm-none-eabi/lib/armv7e-m/fpu/libg.a
LOAD /home/cheeto/programs/ti/ccsv6/tools/compiler/gcc-arm-none-eabi-4_8-2014q3/bin/../lib/gcc/arm-none-eabi/4.8.4/../../../../arm-none-eabi/lib/armv7e-m/fpu/libc.a
END GROUP
LOAD /home/cheeto/programs/ti/ccsv6/tools/compiler/gcc-arm-none-eabi-4_8-2014q3/bin/../lib/gcc/arm-none-eabi/4.8.4/armv7e-m/fpu/crtend.o
LOAD /home/cheeto/programs/ti/ccsv6/tools/compiler/gcc-arm-none-eabi-4_8-2014q3/bin/../lib/gcc/arm-none-eabi/4.8.4/armv7e-m/fpu/crtn.o
OUTPUT(groupProject.out elf32-littlearm)

.ARM.attributes
                0x00000000       0x30
 .ARM.attributes
                0x00000000       0x22 /home/cheeto/programs/ti/ccsv6/tools/compiler/gcc-arm-none-eabi-4_8-2014q3/bin/../lib/gcc/arm-none-eabi/4.8.4/armv7e-m/fpu/crti.o
 .ARM.attributes
                0x00000022       0x34 /home/cheeto/programs/ti/ccsv6/tools/compiler/gcc-arm-none-eabi-4_8-2014q3/bin/../lib/gcc/arm-none-eabi/4.8.4/armv7e-m/fpu/crtbegin.o
 .ARM.attributes
                0x00000056       0x20 /home/cheeto/programs/ti/ccsv6/tools/compiler/gcc-arm-none-eabi-4_8-2014q3/bin/../lib/gcc/arm-none-eabi/4.8.4/../../../../arm-none-eabi/lib/armv7e-m/fpu/crt0.o
 .ARM.attributes
                0x00000076       0x39 ./main.o
 .ARM.attributes
                0x000000af       0x39 ./msp432_startup_ccs_gcc.o
 .ARM.attributes
                0x000000e8       0x39 ./sysTick.o
 .ARM.attributes
                0x00000121       0x34 /home/cheeto/programs/ti/ccsv6/tools/compiler/gcc-arm-none-eabi-4_8-2014q3/bin/../lib/gcc/arm-none-eabi/4.8.4/../../../../arm-none-eabi/lib/armv7e-m/fpu/libc.a(lib_a-exit.o)
 .ARM.attributes
                0x00000155       0x34 /home/cheeto/programs/ti/ccsv6/tools/compiler/gcc-arm-none-eabi-4_8-2014q3/bin/../lib/gcc/arm-none-eabi/4.8.4/../../../../arm-none-eabi/lib/armv7e-m/fpu/libc.a(lib_a-impure.o)
 .ARM.attributes
                0x00000189       0x34 /home/cheeto/programs/ti/ccsv6/tools/compiler/gcc-arm-none-eabi-4_8-2014q3/bin/../lib/gcc/arm-none-eabi/4.8.4/../../../../arm-none-eabi/lib/armv7e-m/fpu/libc.a(lib_a-init.o)
 .ARM.attributes
                0x000001bd       0x34 /home/cheeto/programs/ti/ccsv6/tools/compiler/gcc-arm-none-eabi-4_8-2014q3/bin/../lib/gcc/arm-none-eabi/4.8.4/../../../../arm-none-eabi/lib/armv7e-m/fpu/libc.a(lib_a-memset.o)
 .ARM.attributes
                0x000001f1       0x34 /home/cheeto/programs/ti/ccsv6/tools/compiler/gcc-arm-none-eabi-4_8-2014q3/bin/../lib/gcc/arm-none-eabi/4.8.4/../../../../arm-none-eabi/lib/armv7e-m/fpu/libc.a(lib_a-__call_atexit.o)
 .ARM.attributes
                0x00000225       0x34 /home/cheeto/programs/ti/ccsv6/tools/compiler/gcc-arm-none-eabi-4_8-2014q3/bin/../lib/gcc/arm-none-eabi/4.8.4/../../../../arm-none-eabi/lib/armv7e-m/fpu/libc.a(lib_a-atexit.o)
 .ARM.attributes
                0x00000259       0x34 /home/cheeto/programs/ti/ccsv6/tools/compiler/gcc-arm-none-eabi-4_8-2014q3/bin/../lib/gcc/arm-none-eabi/4.8.4/../../../../arm-none-eabi/lib/armv7e-m/fpu/libc.a(lib_a-fini.o)
 .ARM.attributes
                0x0000028d       0x34 /home/cheeto/programs/ti/ccsv6/tools/compiler/gcc-arm-none-eabi-4_8-2014q3/bin/../lib/gcc/arm-none-eabi/4.8.4/../../../../arm-none-eabi/lib/armv7e-m/fpu/libc.a(lib_a-__atexit.o)
 .ARM.attributes
                0x000002c1       0x22 /home/cheeto/programs/ti/ccsv6/tools/compiler/gcc-arm-none-eabi-4_8-2014q3/bin/../lib/gcc/arm-none-eabi/4.8.4/armv7e-m/fpu/libgcc.a(_arm_addsubdf3.o)
 .ARM.attributes
                0x000002e3       0x22 /home/cheeto/programs/ti/ccsv6/tools/compiler/gcc-arm-none-eabi-4_8-2014q3/bin/../lib/gcc/arm-none-eabi/4.8.4/armv7e-m/fpu/libgcc.a(_arm_muldivdf3.o)
 .ARM.attributes
                0x00000305       0x22 /home/cheeto/programs/ti/ccsv6/tools/compiler/gcc-arm-none-eabi-4_8-2014q3/bin/../lib/gcc/arm-none-eabi/4.8.4/armv7e-m/fpu/libgcc.a(_arm_fixdfsi.o)
 .ARM.attributes
                0x00000327       0x34 /home/cheeto/programs/ti/ccsv6/tools/compiler/gcc-arm-none-eabi-4_8-2014q3/bin/../lib/gcc/arm-none-eabi/4.8.4/armv7e-m/fpu/crtend.o
 .ARM.attributes
                0x0000035b       0x22 /home/cheeto/programs/ti/ccsv6/tools/compiler/gcc-arm-none-eabi-4_8-2014q3/bin/../lib/gcc/arm-none-eabi/4.8.4/armv7e-m/fpu/crtn.o

.comment        0x00000000       0x70
 .comment       0x00000000       0x70 ./main.o
                                 0x71 (size before relaxing)
 .comment       0x00000000       0x71 ./msp432_startup_ccs_gcc.o
 .comment       0x00000000       0x71 ./sysTick.o

.debug_info     0x00000000      0x30f
 .debug_info    0x00000000      0x1c1 ./main.o
 .debug_info    0x000001c1      0x14e ./msp432_startup_ccs_gcc.o

.debug_abbrev   0x00000000      0x15f
 .debug_abbrev  0x00000000       0xa6 ./main.o
 .debug_abbrev  0x000000a6       0xb9 ./msp432_startup_ccs_gcc.o

.debug_aranges  0x00000000       0x40
 .debug_aranges
                0x00000000       0x20 ./main.o
 .debug_aranges
                0x00000020       0x20 ./msp432_startup_ccs_gcc.o

.debug_line     0x00000000      0x2dc
 .debug_line    0x00000000      0x197 ./main.o
 .debug_line    0x00000197      0x145 ./msp432_startup_ccs_gcc.o
 .debug_line    0x000002dc        0x0 ./sysTick.o

.debug_str      0x00000000      0x26b
 .debug_str     0x00000000      0x1e6 ./main.o
                                0x23c (size before relaxing)
 .debug_str     0x000001e6       0x85 ./msp432_startup_ccs_gcc.o
                                0x21b (size before relaxing)
 .debug_str     0x0000026b        0x0 ./sysTick.o

.debug_frame    0x00000000      0x22c
 .debug_frame   0x00000000       0x70 ./main.o
 .debug_frame   0x00000070       0x78 ./msp432_startup_ccs_gcc.o
 .debug_frame   0x000000e8       0x28 /home/cheeto/programs/ti/ccsv6/tools/compiler/gcc-arm-none-eabi-4_8-2014q3/bin/../lib/gcc/arm-none-eabi/4.8.4/../../../../arm-none-eabi/lib/armv7e-m/fpu/libc.a(lib_a-exit.o)
 .debug_frame   0x00000110       0x2c /home/cheeto/programs/ti/ccsv6/tools/compiler/gcc-arm-none-eabi-4_8-2014q3/bin/../lib/gcc/arm-none-eabi/4.8.4/../../../../arm-none-eabi/lib/armv7e-m/fpu/libc.a(lib_a-init.o)
 .debug_frame   0x0000013c       0x2c /home/cheeto/programs/ti/ccsv6/tools/compiler/gcc-arm-none-eabi-4_8-2014q3/bin/../lib/gcc/arm-none-eabi/4.8.4/../../../../arm-none-eabi/lib/armv7e-m/fpu/libc.a(lib_a-memset.o)
 .debug_frame   0x00000168       0x48 /home/cheeto/programs/ti/ccsv6/tools/compiler/gcc-arm-none-eabi-4_8-2014q3/bin/../lib/gcc/arm-none-eabi/4.8.4/../../../../arm-none-eabi/lib/armv7e-m/fpu/libc.a(lib_a-__call_atexit.o)
 .debug_frame   0x000001b0       0x20 /home/cheeto/programs/ti/ccsv6/tools/compiler/gcc-arm-none-eabi-4_8-2014q3/bin/../lib/gcc/arm-none-eabi/4.8.4/../../../../arm-none-eabi/lib/armv7e-m/fpu/libc.a(lib_a-atexit.o)
 .debug_frame   0x000001d0       0x2c /home/cheeto/programs/ti/ccsv6/tools/compiler/gcc-arm-none-eabi-4_8-2014q3/bin/../lib/gcc/arm-none-eabi/4.8.4/../../../../arm-none-eabi/lib/armv7e-m/fpu/libc.a(lib_a-fini.o)
 .debug_frame   0x000001fc       0x30 /home/cheeto/programs/ti/ccsv6/tools/compiler/gcc-arm-none-eabi-4_8-2014q3/bin/../lib/gcc/arm-none-eabi/4.8.4/../../../../arm-none-eabi/lib/armv7e-m/fpu/libc.a(lib_a-__atexit.o)
