<?xml version="1.0"?>
<link_info>
   <banner>TI ARM Linker Unix v5.2.7</banner>
   <copyright>Copyright (c) 1996-2015 Texas Instruments Incorporated</copyright>
   <link_time>0x5704284d</link_time>
   <link_errors>0x0</link_errors>
   <output_file>InterruptB.out</output_file>
   <entry_point>
      <name>_c_int00</name>
      <address>0x5e71</address>
   </entry_point>
   <input_file_list>
      <input_file id="fl-2">
         <path>./</path>
         <kind>object</kind>
         <file>HAL_I2C.obj</file>
         <name>HAL_I2C.obj</name>
      </input_file>
      <input_file id="fl-3">
         <path>./</path>
         <kind>object</kind>
         <file>HAL_TMP006.obj</file>
         <name>HAL_TMP006.obj</name>
      </input_file>
      <input_file id="fl-4">
         <path>./</path>
         <kind>object</kind>
         <file>main.obj</file>
         <name>main.obj</name>
      </input_file>
      <input_file id="fl-5">
         <path>./</path>
         <kind>object</kind>
         <file>startup_msp432p401r_ccs.obj</file>
         <name>startup_msp432p401r_ccs.obj</name>
      </input_file>
      <input_file id="fl-6">
         <path>./</path>
         <kind>object</kind>
         <file>system_msp432p401r.obj</file>
         <name>system_msp432p401r.obj</name>
      </input_file>
      <input_file id="fl-7">
         <path>./driverlib/MSP432P4xx/</path>
         <kind>object</kind>
         <file>adc14.obj</file>
         <name>adc14.obj</name>
      </input_file>
      <input_file id="fl-8">
         <path>./driverlib/MSP432P4xx/</path>
         <kind>object</kind>
         <file>aes256.obj</file>
         <name>aes256.obj</name>
      </input_file>
      <input_file id="fl-9">
         <path>./driverlib/MSP432P4xx/</path>
         <kind>object</kind>
         <file>comp_e.obj</file>
         <name>comp_e.obj</name>
      </input_file>
      <input_file id="fl-a">
         <path>./driverlib/MSP432P4xx/</path>
         <kind>object</kind>
         <file>cpu.obj</file>
         <name>cpu.obj</name>
      </input_file>
      <input_file id="fl-b">
         <path>./driverlib/MSP432P4xx/</path>
         <kind>object</kind>
         <file>crc32.obj</file>
         <name>crc32.obj</name>
      </input_file>
      <input_file id="fl-c">
         <path>./driverlib/MSP432P4xx/</path>
         <kind>object</kind>
         <file>cs.obj</file>
         <name>cs.obj</name>
      </input_file>
      <input_file id="fl-d">
         <path>./driverlib/MSP432P4xx/</path>
         <kind>object</kind>
         <file>dma.obj</file>
         <name>dma.obj</name>
      </input_file>
      <input_file id="fl-e">
         <path>./driverlib/MSP432P4xx/</path>
         <kind>object</kind>
         <file>flash.obj</file>
         <name>flash.obj</name>
      </input_file>
      <input_file id="fl-f">
         <path>./driverlib/MSP432P4xx/</path>
         <kind>object</kind>
         <file>fpu.obj</file>
         <name>fpu.obj</name>
      </input_file>
      <input_file id="fl-10">
         <path>./driverlib/MSP432P4xx/</path>
         <kind>object</kind>
         <file>gpio.obj</file>
         <name>gpio.obj</name>
      </input_file>
      <input_file id="fl-11">
         <path>./driverlib/MSP432P4xx/</path>
         <kind>object</kind>
         <file>i2c.obj</file>
         <name>i2c.obj</name>
      </input_file>
      <input_file id="fl-12">
         <path>./driverlib/MSP432P4xx/</path>
         <kind>object</kind>
         <file>interrupt.obj</file>
         <name>interrupt.obj</name>
      </input_file>
      <input_file id="fl-13">
         <path>./driverlib/MSP432P4xx/</path>
         <kind>object</kind>
         <file>mpu.obj</file>
         <name>mpu.obj</name>
      </input_file>
      <input_file id="fl-14">
         <path>./driverlib/MSP432P4xx/</path>
         <kind>object</kind>
         <file>pcm.obj</file>
         <name>pcm.obj</name>
      </input_file>
      <input_file id="fl-15">
         <path>./driverlib/MSP432P4xx/</path>
         <kind>object</kind>
         <file>pmap.obj</file>
         <name>pmap.obj</name>
      </input_file>
      <input_file id="fl-16">
         <path>./driverlib/MSP432P4xx/</path>
         <kind>object</kind>
         <file>pss.obj</file>
         <name>pss.obj</name>
      </input_file>
      <input_file id="fl-17">
         <path>./driverlib/MSP432P4xx/</path>
         <kind>object</kind>
         <file>ref_a.obj</file>
         <name>ref_a.obj</name>
      </input_file>
      <input_file id="fl-18">
         <path>./driverlib/MSP432P4xx/</path>
         <kind>object</kind>
         <file>reset.obj</file>
         <name>reset.obj</name>
      </input_file>
      <input_file id="fl-19">
         <path>./driverlib/MSP432P4xx/</path>
         <kind>object</kind>
         <file>rtc_c.obj</file>
         <name>rtc_c.obj</name>
      </input_file>
      <input_file id="fl-1a">
         <path>./driverlib/MSP432P4xx/</path>
         <kind>object</kind>
         <file>spi.obj</file>
         <name>spi.obj</name>
      </input_file>
      <input_file id="fl-1b">
         <path>./driverlib/MSP432P4xx/</path>
         <kind>object</kind>
         <file>sysctl.obj</file>
         <name>sysctl.obj</name>
      </input_file>
      <input_file id="fl-1c">
         <path>./driverlib/MSP432P4xx/</path>
         <kind>object</kind>
         <file>systick.obj</file>
         <name>systick.obj</name>
      </input_file>
      <input_file id="fl-1d">
         <path>./driverlib/MSP432P4xx/</path>
         <kind>object</kind>
         <file>timer32.obj</file>
         <name>timer32.obj</name>
      </input_file>
      <input_file id="fl-1e">
         <path>./driverlib/MSP432P4xx/</path>
         <kind>object</kind>
         <file>timer_a.obj</file>
         <name>timer_a.obj</name>
      </input_file>
      <input_file id="fl-1f">
         <path>./driverlib/MSP432P4xx/</path>
         <kind>object</kind>
         <file>uart.obj</file>
         <name>uart.obj</name>
      </input_file>
      <input_file id="fl-20">
         <path>./driverlib/MSP432P4xx/</path>
         <kind>object</kind>
         <file>wdt_a.obj</file>
         <name>wdt_a.obj</name>
      </input_file>
      <input_file id="fl-21">
         <path>./LcdDriver/</path>
         <kind>object</kind>
         <file>Crystalfontz128x128_ST7735.obj</file>
         <name>Crystalfontz128x128_ST7735.obj</name>
      </input_file>
      <input_file id="fl-22">
         <path>./LcdDriver/</path>
         <kind>object</kind>
         <file>HAL_MSP_EXP432P401R_Crystalfontz128x128_ST7735.obj</file>
         <name>HAL_MSP_EXP432P401R_Crystalfontz128x128_ST7735.obj</name>
      </input_file>
      <input_file id="fl-23">
         <path>./GrLib/grlib/</path>
         <kind>object</kind>
         <file>button.obj</file>
         <name>button.obj</name>
      </input_file>
      <input_file id="fl-24">
         <path>./GrLib/grlib/</path>
         <kind>object</kind>
         <file>checkbox.obj</file>
         <name>checkbox.obj</name>
      </input_file>
      <input_file id="fl-25">
         <path>./GrLib/grlib/</path>
         <kind>object</kind>
         <file>circle.obj</file>
         <name>circle.obj</name>
      </input_file>
      <input_file id="fl-26">
         <path>./GrLib/grlib/</path>
         <kind>object</kind>
         <file>context.obj</file>
         <name>context.obj</name>
      </input_file>
      <input_file id="fl-27">
         <path>./GrLib/grlib/</path>
         <kind>object</kind>
         <file>display.obj</file>
         <name>display.obj</name>
      </input_file>
      <input_file id="fl-28">
         <path>./GrLib/grlib/</path>
         <kind>object</kind>
         <file>image.obj</file>
         <name>image.obj</name>
      </input_file>
      <input_file id="fl-29">
         <path>./GrLib/grlib/</path>
         <kind>object</kind>
         <file>imageButton.obj</file>
         <name>imageButton.obj</name>
      </input_file>
      <input_file id="fl-2a">
         <path>./GrLib/grlib/</path>
         <kind>object</kind>
         <file>line.obj</file>
         <name>line.obj</name>
      </input_file>
      <input_file id="fl-2b">
         <path>./GrLib/grlib/</path>
         <kind>object</kind>
         <file>radioButton.obj</file>
         <name>radioButton.obj</name>
      </input_file>
      <input_file id="fl-2c">
         <path>./GrLib/grlib/</path>
         <kind>object</kind>
         <file>rectangle.obj</file>
         <name>rectangle.obj</name>
      </input_file>
      <input_file id="fl-2d">
         <path>./GrLib/grlib/</path>
         <kind>object</kind>
         <file>string.obj</file>
         <name>string.obj</name>
      </input_file>
      <input_file id="fl-2e">
         <path>./GrLib/fonts/</path>
         <kind>object</kind>
         <file>fontfixed6x8.obj</file>
         <name>fontfixed6x8.obj</name>
      </input_file>
      <input_file id="fl-154">
         <path>/home/cheeto/programs/ti/ccsv6/tools/compiler/ti-cgt-arm_5.2.7/lib/</path>
         <kind>archive</kind>
         <file>rtsv7M4_T_le_v4SPD16_eabi.lib</file>
         <name>boot.obj</name>
      </input_file>
      <input_file id="fl-155">
         <path>/home/cheeto/programs/ti/ccsv6/tools/compiler/ti-cgt-arm_5.2.7/lib/</path>
         <kind>archive</kind>
         <file>rtsv7M4_T_le_v4SPD16_eabi.lib</file>
         <name>copy_decompress_none.obj</name>
      </input_file>
      <input_file id="fl-156">
         <path>/home/cheeto/programs/ti/ccsv6/tools/compiler/ti-cgt-arm_5.2.7/lib/</path>
         <kind>archive</kind>
         <file>rtsv7M4_T_le_v4SPD16_eabi.lib</file>
         <name>copy_decompress_rle.obj</name>
      </input_file>
      <input_file id="fl-157">
         <path>/home/cheeto/programs/ti/ccsv6/tools/compiler/ti-cgt-arm_5.2.7/lib/</path>
         <kind>archive</kind>
         <file>rtsv7M4_T_le_v4SPD16_eabi.lib</file>
         <name>copy_zero_init.obj</name>
      </input_file>
      <input_file id="fl-158">
         <path>/home/cheeto/programs/ti/ccsv6/tools/compiler/ti-cgt-arm_5.2.7/lib/</path>
         <kind>archive</kind>
         <file>rtsv7M4_T_le_v4SPD16_eabi.lib</file>
         <name>exit.obj</name>
      </input_file>
      <input_file id="fl-159">
         <path>/home/cheeto/programs/ti/ccsv6/tools/compiler/ti-cgt-arm_5.2.7/lib/</path>
         <kind>archive</kind>
         <file>rtsv7M4_T_le_v4SPD16_eabi.lib</file>
         <name>fd_add_t2.obj</name>
      </input_file>
      <input_file id="fl-15a">
         <path>/home/cheeto/programs/ti/ccsv6/tools/compiler/ti-cgt-arm_5.2.7/lib/</path>
         <kind>archive</kind>
         <file>rtsv7M4_T_le_v4SPD16_eabi.lib</file>
         <name>fd_div_t2.obj</name>
      </input_file>
      <input_file id="fl-15b">
         <path>/home/cheeto/programs/ti/ccsv6/tools/compiler/ti-cgt-arm_5.2.7/lib/</path>
         <kind>archive</kind>
         <file>rtsv7M4_T_le_v4SPD16_eabi.lib</file>
         <name>fd_mul_t2.obj</name>
      </input_file>
      <input_file id="fl-15c">
         <path>/home/cheeto/programs/ti/ccsv6/tools/compiler/ti-cgt-arm_5.2.7/lib/</path>
         <kind>archive</kind>
         <file>rtsv7M4_T_le_v4SPD16_eabi.lib</file>
         <name>i_tofd_t2.obj</name>
      </input_file>
      <input_file id="fl-15d">
         <path>/home/cheeto/programs/ti/ccsv6/tools/compiler/ti-cgt-arm_5.2.7/lib/</path>
         <kind>archive</kind>
         <file>rtsv7M4_T_le_v4SPD16_eabi.lib</file>
         <name>memcpy_t2.obj</name>
      </input_file>
      <input_file id="fl-15e">
         <path>/home/cheeto/programs/ti/ccsv6/tools/compiler/ti-cgt-arm_5.2.7/lib/</path>
         <kind>archive</kind>
         <file>rtsv7M4_T_le_v4SPD16_eabi.lib</file>
         <name>memset_t2.obj</name>
      </input_file>
      <input_file id="fl-15f">
         <path>/home/cheeto/programs/ti/ccsv6/tools/compiler/ti-cgt-arm_5.2.7/lib/</path>
         <kind>archive</kind>
         <file>rtsv7M4_T_le_v4SPD16_eabi.lib</file>
         <name>pow.obj</name>
      </input_file>
      <input_file id="fl-160">
         <path>/home/cheeto/programs/ti/ccsv6/tools/compiler/ti-cgt-arm_5.2.7/lib/</path>
         <kind>archive</kind>
         <file>rtsv7M4_T_le_v4SPD16_eabi.lib</file>
         <name>pre_init.obj</name>
      </input_file>
      <input_file id="fl-161">
         <path>/home/cheeto/programs/ti/ccsv6/tools/compiler/ti-cgt-arm_5.2.7/lib/</path>
         <kind>archive</kind>
         <file>rtsv7M4_T_le_v4SPD16_eabi.lib</file>
         <name>sprintf.obj</name>
      </input_file>
      <input_file id="fl-162">
         <path>/home/cheeto/programs/ti/ccsv6/tools/compiler/ti-cgt-arm_5.2.7/lib/</path>
         <kind>archive</kind>
         <file>rtsv7M4_T_le_v4SPD16_eabi.lib</file>
         <name>stkdepth_vars.obj</name>
      </input_file>
      <input_file id="fl-163">
         <path>/home/cheeto/programs/ti/ccsv6/tools/compiler/ti-cgt-arm_5.2.7/lib/</path>
         <kind>archive</kind>
         <file>rtsv7M4_T_le_v4SPD16_eabi.lib</file>
         <name>xdint.obj</name>
      </input_file>
      <input_file id="fl-164">
         <path>/home/cheeto/programs/ti/ccsv6/tools/compiler/ti-cgt-arm_5.2.7/lib/</path>
         <kind>archive</kind>
         <file>rtsv7M4_T_le_v4SPD16_eabi.lib</file>
         <name>xdunscal.obj</name>
      </input_file>
      <input_file id="fl-165">
         <path>/home/cheeto/programs/ti/ccsv6/tools/compiler/ti-cgt-arm_5.2.7/lib/</path>
         <kind>archive</kind>
         <file>rtsv7M4_T_le_v4SPD16_eabi.lib</file>
         <name>xexp.obj</name>
      </input_file>
      <input_file id="fl-166">
         <path>/home/cheeto/programs/ti/ccsv6/tools/compiler/ti-cgt-arm_5.2.7/lib/</path>
         <kind>archive</kind>
         <file>rtsv7M4_T_le_v4SPD16_eabi.lib</file>
         <name>xferaise.obj</name>
      </input_file>
      <input_file id="fl-167">
         <path>/home/cheeto/programs/ti/ccsv6/tools/compiler/ti-cgt-arm_5.2.7/lib/</path>
         <kind>archive</kind>
         <file>rtsv7M4_T_le_v4SPD16_eabi.lib</file>
         <name>xvalues.obj</name>
      </input_file>
      <input_file id="fl-168">
         <path>/home/cheeto/programs/ti/ccsv6/tools/compiler/ti-cgt-arm_5.2.7/lib/</path>
         <kind>archive</kind>
         <file>rtsv7M4_T_le_v4SPD16_eabi.lib</file>
         <name>_lock.obj</name>
      </input_file>
      <input_file id="fl-169">
         <path>/home/cheeto/programs/ti/ccsv6/tools/compiler/ti-cgt-arm_5.2.7/lib/</path>
         <kind>archive</kind>
         <file>rtsv7M4_T_le_v4SPD16_eabi.lib</file>
         <name>_printfi.obj</name>
      </input_file>
      <input_file id="fl-16a">
         <path>/home/cheeto/programs/ti/ccsv6/tools/compiler/ti-cgt-arm_5.2.7/lib/</path>
         <kind>archive</kind>
         <file>rtsv7M4_T_le_v4SPD16_eabi.lib</file>
         <name>args_main.obj</name>
      </input_file>
      <input_file id="fl-16b">
         <path>/home/cheeto/programs/ti/ccsv6/tools/compiler/ti-cgt-arm_5.2.7/lib/</path>
         <kind>archive</kind>
         <file>rtsv7M4_T_le_v4SPD16_eabi.lib</file>
         <name>atoi.obj</name>
      </input_file>
      <input_file id="fl-16c">
         <path>/home/cheeto/programs/ti/ccsv6/tools/compiler/ti-cgt-arm_5.2.7/lib/</path>
         <kind>archive</kind>
         <file>rtsv7M4_T_le_v4SPD16_eabi.lib</file>
         <name>autoinit.obj</name>
      </input_file>
      <input_file id="fl-16d">
         <path>/home/cheeto/programs/ti/ccsv6/tools/compiler/ti-cgt-arm_5.2.7/lib/</path>
         <kind>archive</kind>
         <file>rtsv7M4_T_le_v4SPD16_eabi.lib</file>
         <name>cpy_tbl.obj</name>
      </input_file>
      <input_file id="fl-16e">
         <path>/home/cheeto/programs/ti/ccsv6/tools/compiler/ti-cgt-arm_5.2.7/lib/</path>
         <kind>archive</kind>
         <file>rtsv7M4_T_le_v4SPD16_eabi.lib</file>
         <name>ctype.obj</name>
      </input_file>
      <input_file id="fl-16f">
         <path>/home/cheeto/programs/ti/ccsv6/tools/compiler/ti-cgt-arm_5.2.7/lib/</path>
         <kind>archive</kind>
         <file>rtsv7M4_T_le_v4SPD16_eabi.lib</file>
         <name>errno.obj</name>
      </input_file>
      <input_file id="fl-170">
         <path>/home/cheeto/programs/ti/ccsv6/tools/compiler/ti-cgt-arm_5.2.7/lib/</path>
         <kind>archive</kind>
         <file>rtsv7M4_T_le_v4SPD16_eabi.lib</file>
         <name>fd_cmp_t2.obj</name>
      </input_file>
      <input_file id="fl-171">
         <path>/home/cheeto/programs/ti/ccsv6/tools/compiler/ti-cgt-arm_5.2.7/lib/</path>
         <kind>archive</kind>
         <file>rtsv7M4_T_le_v4SPD16_eabi.lib</file>
         <name>fd_toi_t2.obj</name>
      </input_file>
      <input_file id="fl-172">
         <path>/home/cheeto/programs/ti/ccsv6/tools/compiler/ti-cgt-arm_5.2.7/lib/</path>
         <kind>archive</kind>
         <file>rtsv7M4_T_le_v4SPD16_eabi.lib</file>
         <name>feraiseexcept.obj</name>
      </input_file>
      <input_file id="fl-173">
         <path>/home/cheeto/programs/ti/ccsv6/tools/compiler/ti-cgt-arm_5.2.7/lib/</path>
         <kind>archive</kind>
         <file>rtsv7M4_T_le_v4SPD16_eabi.lib</file>
         <name>frexp.obj</name>
      </input_file>
      <input_file id="fl-174">
         <path>/home/cheeto/programs/ti/ccsv6/tools/compiler/ti-cgt-arm_5.2.7/lib/</path>
         <kind>archive</kind>
         <file>rtsv7M4_T_le_v4SPD16_eabi.lib</file>
         <name>ldexp.obj</name>
      </input_file>
      <input_file id="fl-175">
         <path>/home/cheeto/programs/ti/ccsv6/tools/compiler/ti-cgt-arm_5.2.7/lib/</path>
         <kind>archive</kind>
         <file>rtsv7M4_T_le_v4SPD16_eabi.lib</file>
         <name>log.obj</name>
      </input_file>
      <input_file id="fl-176">
         <path>/home/cheeto/programs/ti/ccsv6/tools/compiler/ti-cgt-arm_5.2.7/lib/</path>
         <kind>archive</kind>
         <file>rtsv7M4_T_le_v4SPD16_eabi.lib</file>
         <name>ltoa.obj</name>
      </input_file>
      <input_file id="fl-177">
         <path>/home/cheeto/programs/ti/ccsv6/tools/compiler/ti-cgt-arm_5.2.7/lib/</path>
         <kind>archive</kind>
         <file>rtsv7M4_T_le_v4SPD16_eabi.lib</file>
         <name>memccpy.obj</name>
      </input_file>
      <input_file id="fl-178">
         <path>/home/cheeto/programs/ti/ccsv6/tools/compiler/ti-cgt-arm_5.2.7/lib/</path>
         <kind>archive</kind>
         <file>rtsv7M4_T_le_v4SPD16_eabi.lib</file>
         <name>raise.obj</name>
      </input_file>
      <input_file id="fl-179">
         <path>/home/cheeto/programs/ti/ccsv6/tools/compiler/ti-cgt-arm_5.2.7/lib/</path>
         <kind>archive</kind>
         <file>rtsv7M4_T_le_v4SPD16_eabi.lib</file>
         <name>signal.obj</name>
      </input_file>
      <input_file id="fl-17a">
         <path>/home/cheeto/programs/ti/ccsv6/tools/compiler/ti-cgt-arm_5.2.7/lib/</path>
         <kind>archive</kind>
         <file>rtsv7M4_T_le_v4SPD16_eabi.lib</file>
         <name>strchr.obj</name>
      </input_file>
      <input_file id="fl-17b">
         <path>/home/cheeto/programs/ti/ccsv6/tools/compiler/ti-cgt-arm_5.2.7/lib/</path>
         <kind>archive</kind>
         <file>rtsv7M4_T_le_v4SPD16_eabi.lib</file>
         <name>strlen.obj</name>
      </input_file>
      <input_file id="fl-17c">
         <path>/home/cheeto/programs/ti/ccsv6/tools/compiler/ti-cgt-arm_5.2.7/lib/</path>
         <kind>archive</kind>
         <file>rtsv7M4_T_le_v4SPD16_eabi.lib</file>
         <name>ull_div_t2.obj</name>
      </input_file>
      <input_file id="fl-17d">
         <path>/home/cheeto/programs/ti/ccsv6/tools/compiler/ti-cgt-arm_5.2.7/lib/</path>
         <kind>archive</kind>
         <file>rtsv7M4_T_le_v4SPD16_eabi.lib</file>
         <name>xdclass.obj</name>
      </input_file>
      <input_file id="fl-17e">
         <path>/home/cheeto/programs/ti/ccsv6/tools/compiler/ti-cgt-arm_5.2.7/lib/</path>
         <kind>archive</kind>
         <file>rtsv7M4_T_le_v4SPD16_eabi.lib</file>
         <name>xdnorm.obj</name>
      </input_file>
      <input_file id="fl-17f">
         <path>/home/cheeto/programs/ti/ccsv6/tools/compiler/ti-cgt-arm_5.2.7/lib/</path>
         <kind>archive</kind>
         <file>rtsv7M4_T_le_v4SPD16_eabi.lib</file>
         <name>xdscale.obj</name>
      </input_file>
      <input_file id="fl-180">
         <path>/home/cheeto/programs/ti/ccsv6/tools/compiler/ti-cgt-arm_5.2.7/lib/</path>
         <kind>archive</kind>
         <file>rtsv7M4_T_le_v4SPD16_eabi.lib</file>
         <name>xlog.obj</name>
      </input_file>
      <input_file id="fl-181">
         <path>/home/cheeto/programs/ti/ccsv6/tools/compiler/ti-cgt-arm_5.2.7/lib/</path>
         <kind>archive</kind>
         <file>rtsv7M4_T_le_v4SPD16_eabi.lib</file>
         <name>fs_tod_t2.obj</name>
      </input_file>
      <input_file id="fl-182">
         <path>/home/cheeto/programs/ti/ccsv6/tools/compiler/ti-cgt-arm_5.2.7/lib/</path>
         <kind>archive</kind>
         <file>rtsv7M4_T_le_v4SPD16_eabi.lib</file>
         <name>xfvalues.obj</name>
      </input_file>
   </input_file_list>
   <object_component_list>
      <object_component id="oc-28">
         <name>.intvecs:retain</name>
         <load_address>0x0</load_address>
         <run_address>0x0</run_address>
         <size>0x140</size>
         <input_file_ref idref="fl-5"/>
      </object_component>
      <object_component id="oc-163">
         <name>.text</name>
         <load_address>0x140</load_address>
         <run_address>0x140</run_address>
         <size>0x10ba</size>
         <input_file_ref idref="fl-169"/>
      </object_component>
      <object_component id="oc-b1">
         <name>.text</name>
         <load_address>0x11fc</load_address>
         <run_address>0x11fc</run_address>
         <size>0xd7c</size>
         <input_file_ref idref="fl-c"/>
      </object_component>
      <object_component id="oc-1a5">
         <name>.text</name>
         <load_address>0x1f78</load_address>
         <run_address>0x1f78</run_address>
         <size>0x8a4</size>
         <input_file_ref idref="fl-1a"/>
      </object_component>
      <object_component id="oc-b7">
         <name>.text</name>
         <load_address>0x281c</load_address>
         <run_address>0x281c</run_address>
         <size>0x678</size>
         <input_file_ref idref="fl-21"/>
      </object_component>
      <object_component id="oc-d5">
         <name>.text</name>
         <load_address>0x2e94</load_address>
         <run_address>0x2e94</run_address>
         <size>0x630</size>
         <input_file_ref idref="fl-2d"/>
      </object_component>
      <object_component id="oc-db">
         <name>.text</name>
         <load_address>0x34c4</load_address>
         <run_address>0x34c4</run_address>
         <size>0x498</size>
         <input_file_ref idref="fl-25"/>
      </object_component>
      <object_component id="oc-170">
         <name>.text</name>
         <load_address>0x395c</load_address>
         <run_address>0x395c</run_address>
         <size>0x490</size>
         <input_file_ref idref="fl-2a"/>
      </object_component>
      <object_component id="oc-c3">
         <name>.text</name>
         <load_address>0x3dec</load_address>
         <run_address>0x3dec</run_address>
         <size>0x480</size>
         <input_file_ref idref="fl-10"/>
      </object_component>
      <object_component id="oc-c9">
         <name>.text</name>
         <load_address>0x426c</load_address>
         <run_address>0x426c</run_address>
         <size>0x3f0</size>
         <input_file_ref idref="fl-12"/>
      </object_component>
      <object_component id="oc-aa">
         <name>.text</name>
         <load_address>0x465c</load_address>
         <run_address>0x465c</run_address>
         <size>0x328</size>
         <input_file_ref idref="fl-6"/>
      </object_component>
      <object_component id="oc-bd">
         <name>.text</name>
         <load_address>0x4984</load_address>
         <run_address>0x4984</run_address>
         <size>0x266</size>
         <input_file_ref idref="fl-26"/>
      </object_component>
      <object_component id="oc-128">
         <name>.text</name>
         <load_address>0x4bec</load_address>
         <run_address>0x4bec</run_address>
         <size>0x244</size>
         <input_file_ref idref="fl-1b"/>
      </object_component>
      <object_component id="oc-73">
         <name>.text</name>
         <load_address>0x4e30</load_address>
         <run_address>0x4e30</run_address>
         <size>0x23c</size>
         <input_file_ref idref="fl-4"/>
      </object_component>
      <object_component id="oc-1d0">
         <name>.text</name>
         <load_address>0x506c</load_address>
         <run_address>0x506c</run_address>
         <size>0x1f4</size>
         <input_file_ref idref="fl-17c"/>
      </object_component>
      <object_component id="oc-1ff">
         <name>.text</name>
         <load_address>0x5260</load_address>
         <run_address>0x5260</run_address>
         <size>0x1b6</size>
         <input_file_ref idref="fl-159"/>
      </object_component>
      <object_component id="oc-1e5">
         <name>.text</name>
         <load_address>0x5416</load_address>
         <run_address>0x5416</run_address>
         <size>0x136</size>
         <input_file_ref idref="fl-15a"/>
      </object_component>
      <object_component id="oc-142">
         <name>.text</name>
         <load_address>0x554c</load_address>
         <run_address>0x554c</run_address>
         <size>0x134</size>
         <input_file_ref idref="fl-27"/>
      </object_component>
      <object_component id="oc-263">
         <name>.text</name>
         <load_address>0x5680</load_address>
         <run_address>0x5680</run_address>
         <size>0x110</size>
         <input_file_ref idref="fl-17f"/>
      </object_component>
      <object_component id="oc-1e0">
         <name>.text</name>
         <load_address>0x5790</load_address>
         <run_address>0x5790</run_address>
         <size>0xfc</size>
         <input_file_ref idref="fl-15b"/>
      </object_component>
      <object_component id="oc-294">
         <name>.text</name>
         <load_address>0x588c</load_address>
         <run_address>0x588c</run_address>
         <size>0xbe</size>
         <input_file_ref idref="fl-17e"/>
      </object_component>
      <object_component id="oc-12f">
         <name>.text</name>
         <load_address>0x594c</load_address>
         <run_address>0x594c</run_address>
         <size>0xbc</size>
         <input_file_ref idref="fl-22"/>
      </object_component>
      <object_component id="oc-2c">
         <name>.text</name>
         <load_address>0x5a08</load_address>
         <run_address>0x5a08</run_address>
         <size>0x9c</size>
         <input_file_ref idref="fl-15d"/>
      </object_component>
      <object_component id="oc-1db">
         <name>.text:__aeabi_cdcmple</name>
         <load_address>0x5aa4</load_address>
         <run_address>0x5aa4</run_address>
         <size>0x86</size>
         <input_file_ref idref="fl-170"/>
      </object_component>
      <object_component id="oc-1ea">
         <name>.text:__aeabi_cdrcmple</name>
         <load_address>0x5b2a</load_address>
         <run_address>0x5b2a</run_address>
         <size>0x86</size>
         <input_file_ref idref="fl-170"/>
      </object_component>
      <object_component id="oc-45">
         <name>.text</name>
         <load_address>0x5bb0</load_address>
         <run_address>0x5bb0</run_address>
         <size>0x7a</size>
         <input_file_ref idref="fl-15e"/>
      </object_component>
      <object_component id="oc-57">
         <name>.text</name>
         <load_address>0x5c2c</load_address>
         <run_address>0x5c2c</run_address>
         <size>0x6c</size>
         <input_file_ref idref="fl-16c"/>
      </object_component>
      <object_component id="oc-38">
         <name>.text</name>
         <load_address>0x5c98</load_address>
         <run_address>0x5c98</run_address>
         <size>0x6a</size>
         <input_file_ref idref="fl-156"/>
      </object_component>
      <object_component id="oc-25b">
         <name>.text</name>
         <load_address>0x5d02</load_address>
         <run_address>0x5d02</run_address>
         <size>0x66</size>
         <input_file_ref idref="fl-164"/>
      </object_component>
      <object_component id="oc-cf">
         <name>.text</name>
         <load_address>0x5d68</load_address>
         <run_address>0x5d68</run_address>
         <size>0x60</size>
         <input_file_ref idref="fl-161"/>
      </object_component>
      <object_component id="oc-1f4">
         <name>.text</name>
         <load_address>0x5dc8</load_address>
         <run_address>0x5dc8</run_address>
         <size>0x56</size>
         <input_file_ref idref="fl-176"/>
      </object_component>
      <object_component id="oc-20a">
         <name>.text</name>
         <load_address>0x5e1e</load_address>
         <run_address>0x5e1e</run_address>
         <size>0x52</size>
         <input_file_ref idref="fl-174"/>
      </object_component>
      <object_component id="oc-23">
         <name>.text</name>
         <load_address>0x5e70</load_address>
         <run_address>0x5e70</run_address>
         <size>0x50</size>
         <input_file_ref idref="fl-154"/>
      </object_component>
      <object_component id="oc-222">
         <name>.text</name>
         <load_address>0x5ec0</load_address>
         <run_address>0x5ec0</run_address>
         <size>0x4c</size>
         <input_file_ref idref="fl-16b"/>
      </object_component>
      <object_component id="oc-95">
         <name>.text</name>
         <load_address>0x5f0c</load_address>
         <run_address>0x5f0c</run_address>
         <size>0x4c</size>
         <input_file_ref idref="fl-16d"/>
      </object_component>
      <object_component id="oc-1ef">
         <name>.text</name>
         <load_address>0x5f58</load_address>
         <run_address>0x5f58</run_address>
         <size>0x48</size>
         <input_file_ref idref="fl-171"/>
      </object_component>
      <object_component id="oc-63">
         <name>.text</name>
         <load_address>0x5fa0</load_address>
         <run_address>0x5fa0</run_address>
         <size>0x44</size>
         <input_file_ref idref="fl-158"/>
      </object_component>
      <object_component id="oc-2d8">
         <name>.text</name>
         <load_address>0x5fe4</load_address>
         <run_address>0x5fe4</run_address>
         <size>0x40</size>
         <input_file_ref idref="fl-179"/>
      </object_component>
      <object_component id="oc-152">
         <name>.text</name>
         <load_address>0x6024</load_address>
         <run_address>0x6024</run_address>
         <size>0x3e</size>
         <input_file_ref idref="fl-a"/>
      </object_component>
      <object_component id="oc-2a3">
         <name>.text</name>
         <load_address>0x6064</load_address>
         <run_address>0x6064</run_address>
         <size>0x34</size>
         <input_file_ref idref="fl-172"/>
      </object_component>
      <object_component id="oc-216">
         <name>.text</name>
         <load_address>0x6098</load_address>
         <run_address>0x6098</run_address>
         <size>0x30</size>
         <input_file_ref idref="fl-17d"/>
      </object_component>
      <object_component id="oc-269">
         <name>.text</name>
         <load_address>0x60c8</load_address>
         <run_address>0x60c8</run_address>
         <size>0x30</size>
         <input_file_ref idref="fl-166"/>
      </object_component>
      <object_component id="oc-1fa">
         <name>.text</name>
         <load_address>0x60f8</load_address>
         <run_address>0x60f8</run_address>
         <size>0x2e</size>
         <input_file_ref idref="fl-15c"/>
      </object_component>
      <object_component id="oc-2c7">
         <name>.text</name>
         <load_address>0x6126</load_address>
         <run_address>0x6126</run_address>
         <size>0x2e</size>
         <input_file_ref idref="fl-178"/>
      </object_component>
      <object_component id="oc-204">
         <name>.text</name>
         <load_address>0x6154</load_address>
         <run_address>0x6154</run_address>
         <size>0x2a</size>
         <input_file_ref idref="fl-173"/>
      </object_component>
      <object_component id="oc-21c">
         <name>.text</name>
         <load_address>0x617e</load_address>
         <run_address>0x617e</run_address>
         <size>0x1c</size>
         <input_file_ref idref="fl-177"/>
      </object_component>
      <object_component id="oc-5d">
         <name>.text</name>
         <load_address>0x619c</load_address>
         <run_address>0x619c</run_address>
         <size>0x18</size>
         <input_file_ref idref="fl-16a"/>
      </object_component>
      <object_component id="oc-210">
         <name>.text</name>
         <load_address>0x61b4</load_address>
         <run_address>0x61b4</run_address>
         <size>0x16</size>
         <input_file_ref idref="fl-17a"/>
      </object_component>
      <object_component id="oc-10d">
         <name>.text</name>
         <load_address>0x61cc</load_address>
         <run_address>0x61cc</run_address>
         <size>0x14</size>
         <input_file_ref idref="fl-168"/>
      </object_component>
      <object_component id="oc-1d5">
         <name>.text</name>
         <load_address>0x61e0</load_address>
         <run_address>0x61e0</run_address>
         <size>0x14</size>
         <input_file_ref idref="fl-17b"/>
      </object_component>
      <object_component id="oc-6d">
         <name>.text</name>
         <load_address>0x61f4</load_address>
         <run_address>0x61f4</run_address>
         <size>0x12</size>
         <input_file_ref idref="fl-5"/>
      </object_component>
      <object_component id="oc-11">
         <name>.text:decompress:none</name>
         <load_address>0x6206</load_address>
         <run_address>0x6206</run_address>
         <size>0xe</size>
         <input_file_ref idref="fl-155"/>
      </object_component>
      <object_component id="oc-1d">
         <name>.text:decompress:ZI</name>
         <load_address>0x6214</load_address>
         <run_address>0x6214</run_address>
         <size>0xc</size>
         <input_file_ref idref="fl-157"/>
      </object_component>
      <object_component id="oc-17">
         <name>.text:decompress:rle24</name>
         <load_address>0x6220</load_address>
         <run_address>0x6220</run_address>
         <size>0x6</size>
         <input_file_ref idref="fl-156"/>
      </object_component>
      <object_component id="oc-51">
         <name>.text</name>
         <load_address>0x6226</load_address>
         <run_address>0x6226</run_address>
         <size>0x4</size>
         <input_file_ref idref="fl-160"/>
      </object_component>
      <object_component id="oc-17c">
         <name>.const:.string:g_pucFontFixed6x8Data</name>
         <load_address>0x622c</load_address>
         <run_address>0x622c</run_address>
         <size>0x2f8</size>
         <input_file_ref idref="fl-2e"/>
      </object_component>
      <object_component id="oc-277">
         <name>.const:.string:_ctypes_</name>
         <load_address>0x6524</load_address>
         <run_address>0x6524</run_address>
         <size>0x101</size>
         <input_file_ref idref="fl-16e"/>
      </object_component>
      <object_component id="oc-e4">
         <name>.const:g_sFontFixed6x8</name>
         <load_address>0x6628</load_address>
         <run_address>0x6628</run_address>
         <size>0xc8</size>
         <input_file_ref idref="fl-2e"/>
      </object_component>
      <object_component id="oc-15e">
         <name>.const:g_pulRegs</name>
         <load_address>0x66f0</load_address>
         <run_address>0x66f0</run_address>
         <size>0x50</size>
         <input_file_ref idref="fl-12"/>
      </object_component>
      <object_component id="oc-15b">
         <name>.const</name>
         <load_address>0x6740</load_address>
         <run_address>0x6740</run_address>
         <size>0x40</size>
         <input_file_ref idref="fl-12"/>
      </object_component>
      <object_component id="oc-e1">
         <name>.const:g_sCrystalfontz128x128</name>
         <load_address>0x6780</load_address>
         <run_address>0x6780</run_address>
         <size>0x2c</size>
         <input_file_ref idref="fl-21"/>
      </object_component>
      <object_component id="oc-1ab">
         <name>.const</name>
         <load_address>0x67ac</load_address>
         <run_address>0x67ac</run_address>
         <size>0x1c</size>
         <input_file_ref idref="fl-22"/>
      </object_component>
      <object_component id="oc-14d">
         <name>.const</name>
         <load_address>0x67c8</load_address>
         <run_address>0x67c8</run_address>
         <size>0x1c</size>
         <input_file_ref idref="fl-10"/>
      </object_component>
      <object_component id="oc-13e">
         <name>.const</name>
         <load_address>0x67e4</load_address>
         <run_address>0x67e4</run_address>
         <size>0x8</size>
         <input_file_ref idref="fl-21"/>
      </object_component>
      <object_component id="oc-323">
         <name>.cinit..data.load</name>
         <load_address>0x67f0</load_address>
         <run_address>0x67f0</run_address>
         <size>0x71</size>
      </object_component>
      <object_component id="oc-320">
         <name>__TI_handler_table</name>
         <load_address>0x6864</load_address>
         <run_address>0x6864</run_address>
         <size>0xc</size>
      </object_component>
      <object_component id="oc-324">
         <name>.cinit..bss.load</name>
         <load_address>0x6870</load_address>
         <run_address>0x6870</run_address>
         <size>0x8</size>
      </object_component>
      <object_component id="oc-322">
         <name>.cinit..vtable.load</name>
         <load_address>0x6878</load_address>
         <run_address>0x6878</run_address>
         <size>0x8</size>
      </object_component>
      <object_component id="oc-321">
         <name>__TI_cinit_table</name>
         <load_address>0x6880</load_address>
         <run_address>0x6880</run_address>
         <size>0x18</size>
      </object_component>
      <object_component id="oc-158">
         <name>.vtable</name>
         <uninitialized>true</uninitialized>
         <run_address>0x20000000</run_address>
         <size>0xe4</size>
         <input_file_ref idref="fl-12"/>
      </object_component>
      <object_component id="oc-2b">
         <name>.stack</name>
         <uninitialized>true</uninitialized>
         <run_address>0x2000fe00</run_address>
         <size>0x0</size>
         <input_file_ref idref="fl-154"/>
      </object_component>
      <object_component id="oc-325">
         <name>.stack</name>
         <uninitialized>true</uninitialized>
         <run_address>0x2000fe00</run_address>
         <size>0x0</size>
      </object_component>
      <object_component id="oc-124">
         <name>.common:hfxtFreq</name>
         <uninitialized>true</uninitialized>
         <run_address>0x20000270</run_address>
         <size>0x4</size>
      </object_component>
      <object_component id="oc-127">
         <name>.common:lfxtFreq</name>
         <uninitialized>true</uninitialized>
         <run_address>0x20000274</run_address>
         <size>0x4</size>
      </object_component>
      <object_component id="oc-13d">
         <name>.common:Lcd_Orientation</name>
         <uninitialized>true</uninitialized>
         <run_address>0x20000280</run_address>
         <size>0x1</size>
      </object_component>
      <object_component id="oc-135">
         <name>.common:Lcd_ScreenWidth</name>
         <uninitialized>true</uninitialized>
         <run_address>0x2000027a</run_address>
         <size>0x2</size>
      </object_component>
      <object_component id="oc-138">
         <name>.common:Lcd_ScreenHeigth</name>
         <uninitialized>true</uninitialized>
         <run_address>0x20000278</run_address>
         <size>0x2</size>
      </object_component>
      <object_component id="oc-139">
         <name>.common:Lcd_PenSolid</name>
         <uninitialized>true</uninitialized>
         <run_address>0x20000281</run_address>
         <size>0x1</size>
      </object_component>
      <object_component id="oc-13a">
         <name>.common:Lcd_FontSolid</name>
         <uninitialized>true</uninitialized>
         <run_address>0x2000027f</run_address>
         <size>0x1</size>
      </object_component>
      <object_component id="oc-13b">
         <name>.common:Lcd_FlagRead</name>
         <uninitialized>true</uninitialized>
         <run_address>0x2000027e</run_address>
         <size>0x1</size>
      </object_component>
      <object_component id="oc-13c">
         <name>.common:Lcd_TouchTrim</name>
         <uninitialized>true</uninitialized>
         <run_address>0x2000027c</run_address>
         <size>0x2</size>
      </object_component>
      <object_component id="oc-e7">
         <name>.data</name>
         <load_address>0x2000026c</load_address>
         <run_address>0x2000026c</run_address>
         <size>0x1</size>
         <input_file_ref idref="fl-4"/>
      </object_component>
      <object_component id="oc-11b">
         <name>.data</name>
         <load_address>0x20000268</load_address>
         <run_address>0x20000268</run_address>
         <size>0x4</size>
         <input_file_ref idref="fl-6"/>
      </object_component>
      <object_component id="oc-14a">
         <name>.data:GPIO_PORT_TO_BASE</name>
         <load_address>0x20000218</load_address>
         <run_address>0x20000218</run_address>
         <size>0x30</size>
         <input_file_ref idref="fl-10"/>
      </object_component>
      <object_component id="oc-a2">
         <name>.data</name>
         <load_address>0x20000250</load_address>
         <run_address>0x20000250</run_address>
         <size>0x8</size>
         <input_file_ref idref="fl-158"/>
      </object_component>
      <object_component id="oc-69">
         <name>.data</name>
         <load_address>0x20000264</load_address>
         <run_address>0x20000264</run_address>
         <size>0x4</size>
         <input_file_ref idref="fl-162"/>
      </object_component>
      <object_component id="oc-29e">
         <name>.data</name>
         <load_address>0x20000198</load_address>
         <run_address>0x20000198</run_address>
         <size>0x80</size>
         <input_file_ref idref="fl-167"/>
      </object_component>
      <object_component id="oc-9f">
         <name>.data</name>
         <load_address>0x20000248</load_address>
         <run_address>0x20000248</run_address>
         <size>0x8</size>
         <input_file_ref idref="fl-168"/>
      </object_component>
      <object_component id="oc-2a9">
         <name>.data</name>
         <load_address>0x20000260</load_address>
         <run_address>0x20000260</run_address>
         <size>0x4</size>
         <input_file_ref idref="fl-16f"/>
      </object_component>
      <object_component id="oc-2cd">
         <name>.data</name>
         <load_address>0x20000258</load_address>
         <run_address>0x20000258</run_address>
         <size>0x8</size>
         <input_file_ref idref="fl-172"/>
      </object_component>
      <object_component id="oc-2eb">
         <name>.data:sigtable</name>
         <load_address>0x200000e8</load_address>
         <run_address>0x200000e8</run_address>
         <size>0xb0</size>
         <input_file_ref idref="fl-179"/>
      </object_component>
      <object_component id="oc-23b">
         <name>.debug_info</name>
         <load_address>0x0</load_address>
         <run_address>0x0</run_address>
         <size>0x7fb</size>
         <input_file_ref idref="fl-2"/>
      </object_component>
      <object_component id="oc-285">
         <name>.debug_info</name>
         <load_address>0x7fb</load_address>
         <run_address>0x7fb</run_address>
         <size>0x9a</size>
         <input_file_ref idref="fl-2"/>
      </object_component>
      <object_component id="oc-18b">
         <name>.debug_info</name>
         <load_address>0x895</load_address>
         <run_address>0x895</run_address>
         <size>0x103e</size>
         <input_file_ref idref="fl-2"/>
      </object_component>
      <object_component id="oc-186">
         <name>.debug_info</name>
         <load_address>0x18d3</load_address>
         <run_address>0x18d3</run_address>
         <size>0x36f2</size>
         <input_file_ref idref="fl-2"/>
      </object_component>
      <object_component id="oc-19e">
         <name>.debug_info</name>
         <load_address>0x4fc5</load_address>
         <run_address>0x4fc5</run_address>
         <size>0x1b5</size>
         <input_file_ref idref="fl-2"/>
      </object_component>
      <object_component id="oc-84">
         <name>.debug_info</name>
         <load_address>0x517a</load_address>
         <run_address>0x517a</run_address>
         <size>0x84</size>
         <input_file_ref idref="fl-2"/>
      </object_component>
      <object_component id="oc-11f">
         <name>.debug_info</name>
         <load_address>0x51fe</load_address>
         <run_address>0x51fe</run_address>
         <size>0x18b</size>
         <input_file_ref idref="fl-2"/>
      </object_component>
      <object_component id="oc-16b">
         <name>.debug_info</name>
         <load_address>0x5389</load_address>
         <run_address>0x5389</run_address>
         <size>0x4e</size>
         <input_file_ref idref="fl-2"/>
      </object_component>
      <object_component id="oc-1af">
         <name>.debug_info</name>
         <load_address>0x53d7</load_address>
         <run_address>0x53d7</run_address>
         <size>0x131</size>
         <input_file_ref idref="fl-2"/>
      </object_component>
      <object_component id="oc-f0">
         <name>.debug_info</name>
         <load_address>0x5508</load_address>
         <run_address>0x5508</run_address>
         <size>0xb14</size>
         <input_file_ref idref="fl-4"/>
      </object_component>
      <object_component id="oc-e8">
         <name>.debug_info</name>
         <load_address>0x601c</load_address>
         <run_address>0x601c</run_address>
         <size>0xd6</size>
         <input_file_ref idref="fl-4"/>
      </object_component>
      <object_component id="oc-74">
         <name>.debug_info</name>
         <load_address>0x60f2</load_address>
         <run_address>0x60f2</run_address>
         <size>0x6c8</size>
         <input_file_ref idref="fl-4"/>
      </object_component>
      <object_component id="oc-f1">
         <name>.debug_info</name>
         <load_address>0x67ba</load_address>
         <run_address>0x67ba</run_address>
         <size>0x40a</size>
         <input_file_ref idref="fl-4"/>
      </object_component>
      <object_component id="oc-eb">
         <name>.debug_info</name>
         <load_address>0x6bc4</load_address>
         <run_address>0x6bc4</run_address>
         <size>0x8b</size>
         <input_file_ref idref="fl-4"/>
      </object_component>
      <object_component id="oc-7b">
         <name>.debug_info</name>
         <load_address>0x6c4f</load_address>
         <run_address>0x6c4f</run_address>
         <size>0x170</size>
         <input_file_ref idref="fl-5"/>
      </object_component>
      <object_component id="oc-29">
         <name>.debug_info</name>
         <load_address>0x6dbf</load_address>
         <run_address>0x6dbf</run_address>
         <size>0xf1</size>
         <input_file_ref idref="fl-5"/>
      </object_component>
      <object_component id="oc-6e">
         <name>.debug_info</name>
         <load_address>0x6eb0</load_address>
         <run_address>0x6eb0</run_address>
         <size>0x258</size>
         <input_file_ref idref="fl-5"/>
      </object_component>
      <object_component id="oc-11c">
         <name>.debug_info</name>
         <load_address>0x7108</load_address>
         <run_address>0x7108</run_address>
         <size>0xea</size>
         <input_file_ref idref="fl-6"/>
      </object_component>
      <object_component id="oc-ab">
         <name>.debug_info</name>
         <load_address>0x71f2</load_address>
         <run_address>0x71f2</run_address>
         <size>0x25c</size>
         <input_file_ref idref="fl-6"/>
      </object_component>
      <object_component id="oc-153">
         <name>.debug_info</name>
         <load_address>0x744e</load_address>
         <run_address>0x744e</run_address>
         <size>0x3c0</size>
         <input_file_ref idref="fl-a"/>
      </object_component>
      <object_component id="oc-125">
         <name>.debug_info</name>
         <load_address>0x780e</load_address>
         <run_address>0x780e</run_address>
         <size>0x61f</size>
         <input_file_ref idref="fl-c"/>
      </object_component>
      <object_component id="oc-b2">
         <name>.debug_info</name>
         <load_address>0x7e2d</load_address>
         <run_address>0x7e2d</run_address>
         <size>0x22da</size>
         <input_file_ref idref="fl-c"/>
      </object_component>
      <object_component id="oc-151">
         <name>.debug_info</name>
         <load_address>0xa107</load_address>
         <run_address>0xa107</run_address>
         <size>0x4e8</size>
         <input_file_ref idref="fl-10"/>
      </object_component>
      <object_component id="oc-14e">
         <name>.debug_info</name>
         <load_address>0xa5ef</load_address>
         <run_address>0xa5ef</run_address>
         <size>0xf2</size>
         <input_file_ref idref="fl-10"/>
      </object_component>
      <object_component id="oc-14b">
         <name>.debug_info</name>
         <load_address>0xa6e1</load_address>
         <run_address>0xa6e1</run_address>
         <size>0xf4</size>
         <input_file_ref idref="fl-10"/>
      </object_component>
      <object_component id="oc-c4">
         <name>.debug_info</name>
         <load_address>0xa7d5</load_address>
         <run_address>0xa7d5</run_address>
         <size>0x19f5</size>
         <input_file_ref idref="fl-10"/>
      </object_component>
      <object_component id="oc-162">
         <name>.debug_info</name>
         <load_address>0xc1ca</load_address>
         <run_address>0xc1ca</run_address>
         <size>0x476</size>
         <input_file_ref idref="fl-12"/>
      </object_component>
      <object_component id="oc-15c">
         <name>.debug_info</name>
         <load_address>0xc640</load_address>
         <run_address>0xc640</run_address>
         <size>0x197</size>
         <input_file_ref idref="fl-12"/>
      </object_component>
      <object_component id="oc-15f">
         <name>.debug_info</name>
         <load_address>0xc7d7</load_address>
         <run_address>0xc7d7</run_address>
         <size>0xe9</size>
         <input_file_ref idref="fl-12"/>
      </object_component>
      <object_component id="oc-159">
         <name>.debug_info</name>
         <load_address>0xc8c0</load_address>
         <run_address>0xc8c0</run_address>
         <size>0xf6</size>
         <input_file_ref idref="fl-12"/>
      </object_component>
      <object_component id="oc-ca">
         <name>.debug_info</name>
         <load_address>0xc9b6</load_address>
         <run_address>0xc9b6</run_address>
         <size>0x1199</size>
         <input_file_ref idref="fl-12"/>
      </object_component>
      <object_component id="oc-249">
         <name>.debug_info</name>
         <load_address>0xdb4f</load_address>
         <run_address>0xdb4f</run_address>
         <size>0x4dc</size>
         <input_file_ref idref="fl-1a"/>
      </object_component>
      <object_component id="oc-1a6">
         <name>.debug_info</name>
         <load_address>0xe02b</load_address>
         <run_address>0xe02b</run_address>
         <size>0x3d61</size>
         <input_file_ref idref="fl-1a"/>
      </object_component>
      <object_component id="oc-1a4">
         <name>.debug_info</name>
         <load_address>0x11d8c</load_address>
         <run_address>0x11d8c</run_address>
         <size>0x3ae</size>
         <input_file_ref idref="fl-1b"/>
      </object_component>
      <object_component id="oc-129">
         <name>.debug_info</name>
         <load_address>0x1213a</load_address>
         <run_address>0x1213a</run_address>
         <size>0xe98</size>
         <input_file_ref idref="fl-1b"/>
      </object_component>
      <object_component id="oc-136">
         <name>.debug_info</name>
         <load_address>0x12fd2</load_address>
         <run_address>0x12fd2</run_address>
         <size>0x784</size>
         <input_file_ref idref="fl-21"/>
      </object_component>
      <object_component id="oc-e2">
         <name>.debug_info</name>
         <load_address>0x13756</load_address>
         <run_address>0x13756</run_address>
         <size>0x10b</size>
         <input_file_ref idref="fl-21"/>
      </object_component>
      <object_component id="oc-13f">
         <name>.debug_info</name>
         <load_address>0x13861</load_address>
         <run_address>0x13861</run_address>
         <size>0xec</size>
         <input_file_ref idref="fl-21"/>
      </object_component>
      <object_component id="oc-b8">
         <name>.debug_info</name>
         <load_address>0x1394d</load_address>
         <run_address>0x1394d</run_address>
         <size>0x15ac</size>
         <input_file_ref idref="fl-21"/>
      </object_component>
      <object_component id="oc-1b6">
         <name>.debug_info</name>
         <load_address>0x14ef9</load_address>
         <run_address>0x14ef9</run_address>
         <size>0x36f2</size>
         <input_file_ref idref="fl-21"/>
      </object_component>
      <object_component id="oc-24c">
         <name>.debug_info</name>
         <load_address>0x185eb</load_address>
         <run_address>0x185eb</run_address>
         <size>0x72f</size>
         <input_file_ref idref="fl-22"/>
      </object_component>
      <object_component id="oc-1ac">
         <name>.debug_info</name>
         <load_address>0x18d1a</load_address>
         <run_address>0x18d1a</run_address>
         <size>0xff</size>
         <input_file_ref idref="fl-22"/>
      </object_component>
      <object_component id="oc-130">
         <name>.debug_info</name>
         <load_address>0x18e19</load_address>
         <run_address>0x18e19</run_address>
         <size>0x611</size>
         <input_file_ref idref="fl-22"/>
      </object_component>
      <object_component id="oc-179">
         <name>.debug_info</name>
         <load_address>0x1942a</load_address>
         <run_address>0x1942a</run_address>
         <size>0x285</size>
         <input_file_ref idref="fl-25"/>
      </object_component>
      <object_component id="oc-dc">
         <name>.debug_info</name>
         <load_address>0x196af</load_address>
         <run_address>0x196af</run_address>
         <size>0x47b</size>
         <input_file_ref idref="fl-25"/>
      </object_component>
      <object_component id="oc-149">
         <name>.debug_info</name>
         <load_address>0x19b2a</load_address>
         <run_address>0x19b2a</run_address>
         <size>0x354</size>
         <input_file_ref idref="fl-26"/>
      </object_component>
      <object_component id="oc-be">
         <name>.debug_info</name>
         <load_address>0x19e7e</load_address>
         <run_address>0x19e7e</run_address>
         <size>0xf1b</size>
         <input_file_ref idref="fl-26"/>
      </object_component>
      <object_component id="oc-1be">
         <name>.debug_info</name>
         <load_address>0x1ad99</load_address>
         <run_address>0x1ad99</run_address>
         <size>0x1f4</size>
         <input_file_ref idref="fl-27"/>
      </object_component>
      <object_component id="oc-143">
         <name>.debug_info</name>
         <load_address>0x1af8d</load_address>
         <run_address>0x1af8d</run_address>
         <size>0x938</size>
         <input_file_ref idref="fl-27"/>
      </object_component>
      <object_component id="oc-23d">
         <name>.debug_info</name>
         <load_address>0x1b8c5</load_address>
         <run_address>0x1b8c5</run_address>
         <size>0x334</size>
         <input_file_ref idref="fl-2a"/>
      </object_component>
      <object_component id="oc-171">
         <name>.debug_info</name>
         <load_address>0x1bbf9</load_address>
         <run_address>0x1bbf9</run_address>
         <size>0x7a7</size>
         <input_file_ref idref="fl-2a"/>
      </object_component>
      <object_component id="oc-177">
         <name>.debug_info</name>
         <load_address>0x1c3a0</load_address>
         <run_address>0x1c3a0</run_address>
         <size>0x2b3</size>
         <input_file_ref idref="fl-2d"/>
      </object_component>
      <object_component id="oc-d6">
         <name>.debug_info</name>
         <load_address>0x1c653</load_address>
         <run_address>0x1c653</run_address>
         <size>0xa0d</size>
         <input_file_ref idref="fl-2d"/>
      </object_component>
      <object_component id="oc-181">
         <name>.debug_info</name>
         <load_address>0x1d060</load_address>
         <run_address>0x1d060</run_address>
         <size>0x209</size>
         <input_file_ref idref="fl-2e"/>
      </object_component>
      <object_component id="oc-17d">
         <name>.debug_info</name>
         <load_address>0x1d269</load_address>
         <run_address>0x1d269</run_address>
         <size>0xfb</size>
         <input_file_ref idref="fl-2e"/>
      </object_component>
      <object_component id="oc-e5">
         <name>.debug_info</name>
         <load_address>0x1d364</load_address>
         <run_address>0x1d364</run_address>
         <size>0xf0</size>
         <input_file_ref idref="fl-2e"/>
      </object_component>
      <object_component id="oc-25">
         <name>.debug_info</name>
         <load_address>0x1d454</load_address>
         <run_address>0x1d454</run_address>
         <size>0x169</size>
         <input_file_ref idref="fl-154"/>
      </object_component>
      <object_component id="oc-37">
         <name>.debug_info</name>
         <load_address>0x1d5bd</load_address>
         <run_address>0x1d5bd</run_address>
         <size>0x156</size>
         <input_file_ref idref="fl-155"/>
      </object_component>
      <object_component id="oc-12">
         <name>.debug_info</name>
         <load_address>0x1d713</load_address>
         <run_address>0x1d713</run_address>
         <size>0x1f5</size>
         <input_file_ref idref="fl-155"/>
      </object_component>
      <object_component id="oc-32">
         <name>.debug_info</name>
         <load_address>0x1d908</load_address>
         <run_address>0x1d908</run_address>
         <size>0x46</size>
         <input_file_ref idref="fl-155"/>
      </object_component>
      <object_component id="oc-7d">
         <name>.debug_info</name>
         <load_address>0x1d94e</load_address>
         <run_address>0x1d94e</run_address>
         <size>0x2c</size>
         <input_file_ref idref="fl-155"/>
      </object_component>
      <object_component id="oc-3f">
         <name>.debug_info</name>
         <load_address>0x1d97a</load_address>
         <run_address>0x1d97a</run_address>
         <size>0x14a</size>
         <input_file_ref idref="fl-156"/>
      </object_component>
      <object_component id="oc-39">
         <name>.debug_info</name>
         <load_address>0x1dac4</load_address>
         <run_address>0x1dac4</run_address>
         <size>0x25d</size>
         <input_file_ref idref="fl-156"/>
      </object_component>
      <object_component id="oc-18">
         <name>.debug_info</name>
         <load_address>0x1dd21</load_address>
         <run_address>0x1dd21</run_address>
         <size>0x1c7</size>
         <input_file_ref idref="fl-156"/>
      </object_component>
      <object_component id="oc-40">
         <name>.debug_info</name>
         <load_address>0x1dee8</load_address>
         <run_address>0x1dee8</run_address>
         <size>0x39</size>
         <input_file_ref idref="fl-156"/>
      </object_component>
      <object_component id="oc-8c">
         <name>.debug_info</name>
         <load_address>0x1df21</load_address>
         <run_address>0x1df21</run_address>
         <size>0x2c</size>
         <input_file_ref idref="fl-156"/>
      </object_component>
      <object_component id="oc-50">
         <name>.debug_info</name>
         <load_address>0x1df4d</load_address>
         <run_address>0x1df4d</run_address>
         <size>0x145</size>
         <input_file_ref idref="fl-157"/>
      </object_component>
      <object_component id="oc-1e">
         <name>.debug_info</name>
         <load_address>0x1e092</load_address>
         <run_address>0x1e092</run_address>
         <size>0x1c0</size>
         <input_file_ref idref="fl-157"/>
      </object_component>
      <object_component id="oc-4b">
         <name>.debug_info</name>
         <load_address>0x1e252</load_address>
         <run_address>0x1e252</run_address>
         <size>0x46</size>
         <input_file_ref idref="fl-157"/>
      </object_component>
      <object_component id="oc-a6">
         <name>.debug_info</name>
         <load_address>0x1e298</load_address>
         <run_address>0x1e298</run_address>
         <size>0x1a7</size>
         <input_file_ref idref="fl-158"/>
      </object_component>
      <object_component id="oc-a3">
         <name>.debug_info</name>
         <load_address>0x1e43f</load_address>
         <run_address>0x1e43f</run_address>
         <size>0x14c</size>
         <input_file_ref idref="fl-158"/>
      </object_component>
      <object_component id="oc-64">
         <name>.debug_info</name>
         <load_address>0x1e58b</load_address>
         <run_address>0x1e58b</run_address>
         <size>0x223</size>
         <input_file_ref idref="fl-158"/>
      </object_component>
      <object_component id="oc-200">
         <name>.debug_info</name>
         <load_address>0x1e7ae</load_address>
         <run_address>0x1e7ae</run_address>
         <size>0x15e</size>
         <input_file_ref idref="fl-159"/>
      </object_component>
      <object_component id="oc-1e6">
         <name>.debug_info</name>
         <load_address>0x1e90c</load_address>
         <run_address>0x1e90c</run_address>
         <size>0x14c</size>
         <input_file_ref idref="fl-15a"/>
      </object_component>
      <object_component id="oc-1e1">
         <name>.debug_info</name>
         <load_address>0x1ea58</load_address>
         <run_address>0x1ea58</run_address>
         <size>0x14c</size>
         <input_file_ref idref="fl-15b"/>
      </object_component>
      <object_component id="oc-1fb">
         <name>.debug_info</name>
         <load_address>0x1eba4</load_address>
         <run_address>0x1eba4</run_address>
         <size>0x13e</size>
         <input_file_ref idref="fl-15c"/>
      </object_component>
      <object_component id="oc-2d">
         <name>.debug_info</name>
         <load_address>0x1ece2</load_address>
         <run_address>0x1ece2</run_address>
         <size>0x12b</size>
         <input_file_ref idref="fl-15d"/>
      </object_component>
      <object_component id="oc-46">
         <name>.debug_info</name>
         <load_address>0x1ee0d</load_address>
         <run_address>0x1ee0d</run_address>
         <size>0x159</size>
         <input_file_ref idref="fl-15e"/>
      </object_component>
      <object_component id="oc-2d7">
         <name>.debug_info</name>
         <load_address>0x1ef66</load_address>
         <run_address>0x1ef66</run_address>
         <size>0x208</size>
         <input_file_ref idref="fl-15f"/>
      </object_component>
      <object_component id="oc-2c0">
         <name>.debug_info</name>
         <load_address>0x1f16e</load_address>
         <run_address>0x1f16e</run_address>
         <size>0x86</size>
         <input_file_ref idref="fl-15f"/>
      </object_component>
      <object_component id="oc-52">
         <name>.debug_info</name>
         <load_address>0x1f1f4</load_address>
         <run_address>0x1f1f4</run_address>
         <size>0x15e</size>
         <input_file_ref idref="fl-160"/>
      </object_component>
      <object_component id="oc-16a">
         <name>.debug_info</name>
         <load_address>0x1f352</load_address>
         <run_address>0x1f352</run_address>
         <size>0x1d1</size>
         <input_file_ref idref="fl-161"/>
      </object_component>
      <object_component id="oc-d0">
         <name>.debug_info</name>
         <load_address>0x1f523</load_address>
         <run_address>0x1f523</run_address>
         <size>0x2fa</size>
         <input_file_ref idref="fl-161"/>
      </object_component>
      <object_component id="oc-22f">
         <name>.debug_info</name>
         <load_address>0x1f81d</load_address>
         <run_address>0x1f81d</run_address>
         <size>0x2c</size>
         <input_file_ref idref="fl-161"/>
      </object_component>
      <object_component id="oc-6a">
         <name>.debug_info</name>
         <load_address>0x1f849</load_address>
         <run_address>0x1f849</run_address>
         <size>0x11f</size>
         <input_file_ref idref="fl-162"/>
      </object_component>
      <object_component id="oc-29b">
         <name>.debug_info</name>
         <load_address>0x1f968</load_address>
         <run_address>0x1f968</run_address>
         <size>0x130</size>
         <input_file_ref idref="fl-164"/>
      </object_component>
      <object_component id="oc-25c">
         <name>.debug_info</name>
         <load_address>0x1fa98</load_address>
         <run_address>0x1fa98</run_address>
         <size>0x1a8</size>
         <input_file_ref idref="fl-164"/>
      </object_component>
      <object_component id="oc-26a">
         <name>.debug_info</name>
         <load_address>0x1fc40</load_address>
         <run_address>0x1fc40</run_address>
         <size>0x188</size>
         <input_file_ref idref="fl-166"/>
      </object_component>
      <object_component id="oc-29f">
         <name>.debug_info</name>
         <load_address>0x1fdc8</load_address>
         <run_address>0x1fdc8</run_address>
         <size>0x1ea</size>
         <input_file_ref idref="fl-167"/>
      </object_component>
      <object_component id="oc-115">
         <name>.debug_info</name>
         <load_address>0x1ffb2</load_address>
         <run_address>0x1ffb2</run_address>
         <size>0x13a</size>
         <input_file_ref idref="fl-168"/>
      </object_component>
      <object_component id="oc-a0">
         <name>.debug_info</name>
         <load_address>0x200ec</load_address>
         <run_address>0x200ec</run_address>
         <size>0x129</size>
         <input_file_ref idref="fl-168"/>
      </object_component>
      <object_component id="oc-10e">
         <name>.debug_info</name>
         <load_address>0x20215</load_address>
         <run_address>0x20215</run_address>
         <size>0x235</size>
         <input_file_ref idref="fl-168"/>
      </object_component>
      <object_component id="oc-229">
         <name>.debug_info</name>
         <load_address>0x2044a</load_address>
         <run_address>0x2044a</run_address>
         <size>0x36d</size>
         <input_file_ref idref="fl-169"/>
      </object_component>
      <object_component id="oc-164">
         <name>.debug_info</name>
         <load_address>0x207b7</load_address>
         <run_address>0x207b7</run_address>
         <size>0x181f</size>
         <input_file_ref idref="fl-169"/>
      </object_component>
      <object_component id="oc-22a">
         <name>.debug_info</name>
         <load_address>0x21fd6</load_address>
         <run_address>0x21fd6</run_address>
         <size>0x86</size>
         <input_file_ref idref="fl-169"/>
      </object_component>
      <object_component id="oc-27e">
         <name>.debug_info</name>
         <load_address>0x2205c</load_address>
         <run_address>0x2205c</run_address>
         <size>0x46</size>
         <input_file_ref idref="fl-169"/>
      </object_component>
      <object_component id="oc-234">
         <name>.debug_info</name>
         <load_address>0x220a2</load_address>
         <run_address>0x220a2</run_address>
         <size>0x39</size>
         <input_file_ref idref="fl-169"/>
      </object_component>
      <object_component id="oc-9e">
         <name>.debug_info</name>
         <load_address>0x220db</load_address>
         <run_address>0x220db</run_address>
         <size>0x17c</size>
         <input_file_ref idref="fl-16a"/>
      </object_component>
      <object_component id="oc-5e">
         <name>.debug_info</name>
         <load_address>0x22257</load_address>
         <run_address>0x22257</run_address>
         <size>0x17d</size>
         <input_file_ref idref="fl-16a"/>
      </object_component>
      <object_component id="oc-108">
         <name>.debug_info</name>
         <load_address>0x223d4</load_address>
         <run_address>0x223d4</run_address>
         <size>0x5e</size>
         <input_file_ref idref="fl-16a"/>
      </object_component>
      <object_component id="oc-27b">
         <name>.debug_info</name>
         <load_address>0x22432</load_address>
         <run_address>0x22432</run_address>
         <size>0x12a</size>
         <input_file_ref idref="fl-16b"/>
      </object_component>
      <object_component id="oc-223">
         <name>.debug_info</name>
         <load_address>0x2255c</load_address>
         <run_address>0x2255c</run_address>
         <size>0x187</size>
         <input_file_ref idref="fl-16b"/>
      </object_component>
      <object_component id="oc-9c">
         <name>.debug_info</name>
         <load_address>0x226e3</load_address>
         <run_address>0x226e3</run_address>
         <size>0x2d3</size>
         <input_file_ref idref="fl-16c"/>
      </object_component>
      <object_component id="oc-58">
         <name>.debug_info</name>
         <load_address>0x229b6</load_address>
         <run_address>0x229b6</run_address>
         <size>0x18d</size>
         <input_file_ref idref="fl-16c"/>
      </object_component>
      <object_component id="oc-fc">
         <name>.debug_info</name>
         <load_address>0x22b43</load_address>
         <run_address>0x22b43</run_address>
         <size>0x39</size>
         <input_file_ref idref="fl-16c"/>
      </object_component>
      <object_component id="oc-101">
         <name>.debug_info</name>
         <load_address>0x22b7c</load_address>
         <run_address>0x22b7c</run_address>
         <size>0xcd</size>
         <input_file_ref idref="fl-16c"/>
      </object_component>
      <object_component id="oc-f9">
         <name>.debug_info</name>
         <load_address>0x22c49</load_address>
         <run_address>0x22c49</run_address>
         <size>0x1f6</size>
         <input_file_ref idref="fl-16d"/>
      </object_component>
      <object_component id="oc-96">
         <name>.debug_info</name>
         <load_address>0x22e3f</load_address>
         <run_address>0x22e3f</run_address>
         <size>0x199</size>
         <input_file_ref idref="fl-16d"/>
      </object_component>
      <object_component id="oc-192">
         <name>.debug_info</name>
         <load_address>0x22fd8</load_address>
         <run_address>0x22fd8</run_address>
         <size>0x2c</size>
         <input_file_ref idref="fl-16d"/>
      </object_component>
      <object_component id="oc-2b7">
         <name>.debug_info</name>
         <load_address>0x23004</load_address>
         <run_address>0x23004</run_address>
         <size>0x104</size>
         <input_file_ref idref="fl-16e"/>
      </object_component>
      <object_component id="oc-278">
         <name>.debug_info</name>
         <load_address>0x23108</load_address>
         <run_address>0x23108</run_address>
         <size>0x110</size>
         <input_file_ref idref="fl-16e"/>
      </object_component>
      <object_component id="oc-2aa">
         <name>.debug_info</name>
         <load_address>0x23218</load_address>
         <run_address>0x23218</run_address>
         <size>0x10b</size>
         <input_file_ref idref="fl-16f"/>
      </object_component>
      <object_component id="oc-1dc">
         <name>.debug_info</name>
         <load_address>0x23323</load_address>
         <run_address>0x23323</run_address>
         <size>0x13a</size>
         <input_file_ref idref="fl-170"/>
      </object_component>
      <object_component id="oc-1eb">
         <name>.debug_info</name>
         <load_address>0x2345d</load_address>
         <run_address>0x2345d</run_address>
         <size>0x13c</size>
         <input_file_ref idref="fl-170"/>
      </object_component>
      <object_component id="oc-1f0">
         <name>.debug_info</name>
         <load_address>0x23599</load_address>
         <run_address>0x23599</run_address>
         <size>0x140</size>
         <input_file_ref idref="fl-171"/>
      </object_component>
      <object_component id="oc-2e7">
         <name>.debug_info</name>
         <load_address>0x236d9</load_address>
         <run_address>0x236d9</run_address>
         <size>0x173</size>
         <input_file_ref idref="fl-172"/>
      </object_component>
      <object_component id="oc-2ce">
         <name>.debug_info</name>
         <load_address>0x2384c</load_address>
         <run_address>0x2384c</run_address>
         <size>0x143</size>
         <input_file_ref idref="fl-172"/>
      </object_component>
      <object_component id="oc-2a4">
         <name>.debug_info</name>
         <load_address>0x2398f</load_address>
         <run_address>0x2398f</run_address>
         <size>0x1a4</size>
         <input_file_ref idref="fl-172"/>
      </object_component>
      <object_component id="oc-2e2">
         <name>.debug_info</name>
         <load_address>0x23b33</load_address>
         <run_address>0x23b33</run_address>
         <size>0x6f</size>
         <input_file_ref idref="fl-172"/>
      </object_component>
      <object_component id="oc-262">
         <name>.debug_info</name>
         <load_address>0x23ba2</load_address>
         <run_address>0x23ba2</run_address>
         <size>0x133</size>
         <input_file_ref idref="fl-173"/>
      </object_component>
      <object_component id="oc-205">
         <name>.debug_info</name>
         <load_address>0x23cd5</load_address>
         <run_address>0x23cd5</run_address>
         <size>0x1a3</size>
         <input_file_ref idref="fl-173"/>
      </object_component>
      <object_component id="oc-270">
         <name>.debug_info</name>
         <load_address>0x23e78</load_address>
         <run_address>0x23e78</run_address>
         <size>0x177</size>
         <input_file_ref idref="fl-174"/>
      </object_component>
      <object_component id="oc-20b">
         <name>.debug_info</name>
         <load_address>0x23fef</load_address>
         <run_address>0x23fef</run_address>
         <size>0x19a</size>
         <input_file_ref idref="fl-174"/>
      </object_component>
      <object_component id="oc-258">
         <name>.debug_info</name>
         <load_address>0x24189</load_address>
         <run_address>0x24189</run_address>
         <size>0x162</size>
         <input_file_ref idref="fl-176"/>
      </object_component>
      <object_component id="oc-1f5">
         <name>.debug_info</name>
         <load_address>0x242eb</load_address>
         <run_address>0x242eb</run_address>
         <size>0x1d8</size>
         <input_file_ref idref="fl-176"/>
      </object_component>
      <object_component id="oc-276">
         <name>.debug_info</name>
         <load_address>0x244c3</load_address>
         <run_address>0x244c3</run_address>
         <size>0x107</size>
         <input_file_ref idref="fl-177"/>
      </object_component>
      <object_component id="oc-21d">
         <name>.debug_info</name>
         <load_address>0x245ca</load_address>
         <run_address>0x245ca</run_address>
         <size>0x1c1</size>
         <input_file_ref idref="fl-177"/>
      </object_component>
      <object_component id="oc-2df">
         <name>.debug_info</name>
         <load_address>0x2478b</load_address>
         <run_address>0x2478b</run_address>
         <size>0x132</size>
         <input_file_ref idref="fl-178"/>
      </object_component>
      <object_component id="oc-2c8">
         <name>.debug_info</name>
         <load_address>0x248bd</load_address>
         <run_address>0x248bd</run_address>
         <size>0x189</size>
         <input_file_ref idref="fl-178"/>
      </object_component>
      <object_component id="oc-2f2">
         <name>.debug_info</name>
         <load_address>0x24a46</load_address>
         <run_address>0x24a46</run_address>
         <size>0x2c</size>
         <input_file_ref idref="fl-178"/>
      </object_component>
      <object_component id="oc-2ef">
         <name>.debug_info</name>
         <load_address>0x24a72</load_address>
         <run_address>0x24a72</run_address>
         <size>0x152</size>
         <input_file_ref idref="fl-179"/>
      </object_component>
      <object_component id="oc-2ec">
         <name>.debug_info</name>
         <load_address>0x24bc4</load_address>
         <run_address>0x24bc4</run_address>
         <size>0x110</size>
         <input_file_ref idref="fl-179"/>
      </object_component>
      <object_component id="oc-2d9">
         <name>.debug_info</name>
         <load_address>0x24cd4</load_address>
         <run_address>0x24cd4</run_address>
         <size>0x19f</size>
         <input_file_ref idref="fl-179"/>
      </object_component>
      <object_component id="oc-272">
         <name>.debug_info</name>
         <load_address>0x24e73</load_address>
         <run_address>0x24e73</run_address>
         <size>0x10b</size>
         <input_file_ref idref="fl-17a"/>
      </object_component>
      <object_component id="oc-211">
         <name>.debug_info</name>
         <load_address>0x24f7e</load_address>
         <run_address>0x24f7e</run_address>
         <size>0x290</size>
         <input_file_ref idref="fl-17a"/>
      </object_component>
      <object_component id="oc-251">
         <name>.debug_info</name>
         <load_address>0x2520e</load_address>
         <run_address>0x2520e</run_address>
         <size>0x100</size>
         <input_file_ref idref="fl-17b"/>
      </object_component>
      <object_component id="oc-1d6">
         <name>.debug_info</name>
         <load_address>0x2530e</load_address>
         <run_address>0x2530e</run_address>
         <size>0x276</size>
         <input_file_ref idref="fl-17b"/>
      </object_component>
      <object_component id="oc-1d1">
         <name>.debug_info</name>
         <load_address>0x25584</load_address>
         <run_address>0x25584</run_address>
         <size>0x197</size>
         <input_file_ref idref="fl-17c"/>
      </object_component>
      <object_component id="oc-274">
         <name>.debug_info</name>
         <load_address>0x2571b</load_address>
         <run_address>0x2571b</run_address>
         <size>0x128</size>
         <input_file_ref idref="fl-17d"/>
      </object_component>
      <object_component id="oc-217">
         <name>.debug_info</name>
         <load_address>0x25843</load_address>
         <run_address>0x25843</run_address>
         <size>0x16f</size>
         <input_file_ref idref="fl-17d"/>
      </object_component>
      <object_component id="oc-2bb">
         <name>.debug_info</name>
         <load_address>0x259b2</load_address>
         <run_address>0x259b2</run_address>
         <size>0xfb</size>
         <input_file_ref idref="fl-17e"/>
      </object_component>
      <object_component id="oc-295">
         <name>.debug_info</name>
         <load_address>0x25aad</load_address>
         <run_address>0x25aad</run_address>
         <size>0x182</size>
         <input_file_ref idref="fl-17e"/>
      </object_component>
      <object_component id="oc-2a2">
         <name>.debug_info</name>
         <load_address>0x25c2f</load_address>
         <run_address>0x25c2f</run_address>
         <size>0x146</size>
         <input_file_ref idref="fl-17f"/>
      </object_component>
[...]
         <name>SysCtl_enableSRAMBankRetention</name>
         <value>0x4d21</value>
         <object_component_ref idref="oc-128"/>
      </symbol>
      <symbol id="sm-48b">
         <name>Lcd_Orientation</name>
         <value>0x20000280</value>
      </symbol>
      <symbol id="sm-48c">
         <name>Lcd_ScreenWidth</name>
         <value>0x2000027a</value>
      </symbol>
      <symbol id="sm-48d">
         <name>Lcd_ScreenHeigth</name>
         <value>0x20000278</value>
      </symbol>
      <symbol id="sm-48e">
         <name>Lcd_PenSolid</name>
         <value>0x20000281</value>
      </symbol>
      <symbol id="sm-48f">
         <name>Lcd_FontSolid</name>
         <value>0x2000027f</value>
      </symbol>
      <symbol id="sm-490">
         <name>Lcd_FlagRead</name>
         <value>0x2000027e</value>
      </symbol>
      <symbol id="sm-491">
         <name>Lcd_TouchTrim</name>
         <value>0x2000027c</value>
      </symbol>
      <symbol id="sm-492">
         <name>Crystalfontz128x128_SetDrawFrame</name>
         <value>0x2931</value>
         <object_component_ref idref="oc-b7"/>
      </symbol>
      <symbol id="sm-493">
         <name>Crystalfontz128x128_SetOrientation</name>
         <value>0x2a5f</value>
         <object_component_ref idref="oc-b7"/>
      </symbol>
      <symbol id="sm-494">
         <name>g_sCrystalfontz128x128</name>
         <value>0x6780</value>
         <object_component_ref idref="oc-e1"/>
      </symbol>
      <symbol id="sm-495">
         <name>Crystalfontz128x128_Init</name>
         <value>0x281d</value>
         <object_component_ref idref="oc-b7"/>
      </symbol>
      <symbol id="sm-4b1">
         <name>HAL_LCD_writeData</name>
         <value>0x59e1</value>
         <object_component_ref idref="oc-12f"/>
      </symbol>
      <symbol id="sm-4b2">
         <name>HAL_LCD_SpiInit</name>
         <value>0x597d</value>
         <object_component_ref idref="oc-12f"/>
      </symbol>
      <symbol id="sm-4b3">
         <name>HAL_LCD_PortInit</name>
         <value>0x594d</value>
         <object_component_ref idref="oc-12f"/>
      </symbol>
      <symbol id="sm-4b4">
         <name>HAL_LCD_writeCommand</name>
         <value>0x59b3</value>
         <object_component_ref idref="oc-12f"/>
      </symbol>
      <symbol id="sm-4e0">
         <name>Graphics_drawCircle</name>
         <value>0x34c5</value>
         <object_component_ref idref="oc-db"/>
      </symbol>
      <symbol id="sm-4e1">
         <name>Graphics_fillCircle</name>
         <value>0x3733</value>
         <object_component_ref idref="oc-db"/>
      </symbol>
      <symbol id="sm-50b">
         <name>Graphics_getDisplayWidth</name>
         <value>0x4b35</value>
         <object_component_ref idref="oc-bd"/>
      </symbol>
      <symbol id="sm-50c">
         <name>Graphics_getFontMaxWidth</name>
         <value>0x4b27</value>
         <object_component_ref idref="oc-bd"/>
      </symbol>
      <symbol id="sm-50d">
         <name>Graphics_setForegroundColorTranslated</name>
         <value>0x4b07</value>
         <object_component_ref idref="oc-bd"/>
      </symbol>
      <symbol id="sm-50e">
         <name>Graphics_getDisplayHeight</name>
         <value>0x4b45</value>
         <object_component_ref idref="oc-bd"/>
      </symbol>
      <symbol id="sm-50f">
         <name>Graphics_getWidthOfDisplay</name>
         <value>0x4bdd</value>
         <object_component_ref idref="oc-bd"/>
      </symbol>
      <symbol id="sm-510">
         <name>Graphics_getFontHeight</name>
         <value>0x4b19</value>
         <object_component_ref idref="oc-bd"/>
      </symbol>
      <symbol id="sm-511">
         <name>Graphics_getHeightOfDisplay</name>
         <value>0x4b55</value>
         <object_component_ref idref="oc-bd"/>
      </symbol>
      <symbol id="sm-512">
         <name>Graphics_setBackgroundColor</name>
         <value>0x4a99</value>
         <object_component_ref idref="oc-bd"/>
      </symbol>
      <symbol id="sm-513">
         <name>Graphics_setFont</name>
         <value>0x4ac9</value>
         <object_component_ref idref="oc-bd"/>
      </symbol>
      <symbol id="sm-514">
         <name>Graphics_initContext</name>
         <value>0x4985</value>
         <object_component_ref idref="oc-bd"/>
      </symbol>
      <symbol id="sm-515">
         <name>Graphics_drawPixel</name>
         <value>0x4b83</value>
         <object_component_ref idref="oc-bd"/>
      </symbol>
      <symbol id="sm-516">
         <name>Graphics_getFontBaseline</name>
         <value>0x4ae3</value>
         <object_component_ref idref="oc-bd"/>
      </symbol>
      <symbol id="sm-517">
         <name>Graphics_setForegroundColor</name>
         <value>0x4af1</value>
         <object_component_ref idref="oc-bd"/>
      </symbol>
      <symbol id="sm-518">
         <name>Graphics_setBackgroundColorTranslated</name>
         <value>0x4ab3</value>
         <object_component_ref idref="oc-bd"/>
      </symbol>
      <symbol id="sm-519">
         <name>Graphics_flushBuffer</name>
         <value>0x4b63</value>
         <object_component_ref idref="oc-bd"/>
      </symbol>
      <symbol id="sm-51a">
         <name>Graphics_clearDisplay</name>
         <value>0x4b71</value>
         <object_component_ref idref="oc-bd"/>
      </symbol>
      <symbol id="sm-51b">
         <name>Graphics_setClipRegion</name>
         <value>0x49cf</value>
         <object_component_ref idref="oc-bd"/>
      </symbol>
      <symbol id="sm-52f">
         <name>Graphics_clearDisplayOnDisplay</name>
         <value>0x5669</value>
         <object_component_ref idref="oc-142"/>
      </symbol>
      <symbol id="sm-530">
         <name>Graphics_flushOnDisplay</name>
         <value>0x5657</value>
         <object_component_ref idref="oc-142"/>
      </symbol>
      <symbol id="sm-531">
         <name>Graphics_drawPixelOnDisplay</name>
         <value>0x554d</value>
         <object_component_ref idref="oc-142"/>
      </symbol>
      <symbol id="sm-532">
         <name>Graphics_translateColorOnDisplay</name>
         <value>0x5641</value>
         <object_component_ref idref="oc-142"/>
      </symbol>
      <symbol id="sm-533">
         <name>Graphics_drawHorizontalLineOnDisplay</name>
         <value>0x55bb</value>
         <object_component_ref idref="oc-142"/>
      </symbol>
      <symbol id="sm-534">
         <name>Graphics_drawVerticalLineOnDisplay</name>
         <value>0x55ef</value>
         <object_component_ref idref="oc-142"/>
      </symbol>
      <symbol id="sm-535">
         <name>Graphics_drawMultiplePixelsOnDisplay</name>
         <value>0x5577</value>
         <object_component_ref idref="oc-142"/>
      </symbol>
      <symbol id="sm-536">
         <name>Graphics_fillRectangleOnDisplay</name>
         <value>0x5623</value>
         <object_component_ref idref="oc-142"/>
      </symbol>
      <symbol id="sm-579">
         <name>Graphics_drawLineH</name>
         <value>0x395d</value>
         <object_component_ref idref="oc-170"/>
      </symbol>
      <symbol id="sm-57a">
         <name>Graphics_drawLineV</name>
         <value>0x39f9</value>
         <object_component_ref idref="oc-170"/>
      </symbol>
      <symbol id="sm-57b">
         <name>Graphics_drawLine</name>
         <value>0x3c79</value>
         <object_component_ref idref="oc-170"/>
      </symbol>
      <symbol id="sm-5c3">
         <name>Graphics_drawStringCentered</name>
         <value>0x345d</value>
         <object_component_ref idref="oc-d5"/>
      </symbol>
      <symbol id="sm-5c4">
         <name>Graphics_getStringMaxWidth</name>
         <value>0x34b5</value>
         <object_component_ref idref="oc-d5"/>
      </symbol>
      <symbol id="sm-5c5">
         <name>Graphics_getStringHeight</name>
         <value>0x34a5</value>
         <object_component_ref idref="oc-d5"/>
      </symbol>
      <symbol id="sm-5c6">
         <name>Graphics_drawString</name>
         <value>0x2fcf</value>
         <object_component_ref idref="oc-d5"/>
      </symbol>
      <symbol id="sm-5c7">
         <name>Graphics_getStringBaseline</name>
         <value>0x344d</value>
         <object_component_ref idref="oc-d5"/>
      </symbol>
      <symbol id="sm-5c8">
         <name>Graphics_getStringWidth</name>
         <value>0x2ed5</value>
         <object_component_ref idref="oc-d5"/>
      </symbol>
      <symbol id="sm-5da">
         <name>g_sFontFixed6x8</name>
         <value>0x6628</value>
         <object_component_ref idref="oc-e4"/>
      </symbol>
      <symbol id="sm-5ec">
         <name>_c_int00</name>
         <value>0x5e71</value>
         <object_component_ref idref="oc-23"/>
      </symbol>
      <symbol id="sm-5ed">
         <name>__stack</name>
         <value>0x2000fe00</value>
         <object_component_ref idref="oc-2b"/>
      </symbol>
      <symbol id="sm-604">
         <name>__TI_decompress_none</name>
         <value>0x6207</value>
         <object_component_ref idref="oc-11"/>
      </symbol>
      <symbol id="sm-62c">
         <name>__TI_decompress_rle24</name>
         <value>0x6221</value>
         <object_component_ref idref="oc-17"/>
      </symbol>
      <symbol id="sm-63e">
         <name>__TI_zero_init</name>
         <value>0x6215</value>
         <object_component_ref idref="oc-1d"/>
      </symbol>
      <symbol id="sm-65d">
         <name>C$$EXIT</name>
         <value>0x5fa1</value>
         <object_component_ref idref="oc-63"/>
      </symbol>
      <symbol id="sm-65e">
         <name>abort</name>
         <value>0x5fa5</value>
         <object_component_ref idref="oc-63"/>
      </symbol>
      <symbol id="sm-65f">
         <name>exit</name>
         <value>0x5fad</value>
         <object_component_ref idref="oc-63"/>
      </symbol>
      <symbol id="sm-660">
         <name>__TI_dtors_ptr</name>
         <value>0x20000254</value>
         <object_component_ref idref="oc-a2"/>
      </symbol>
      <symbol id="sm-661">
         <name>__TI_cleanup_ptr</name>
         <value>0x20000250</value>
         <object_component_ref idref="oc-a2"/>
      </symbol>
      <symbol id="sm-685">
         <name>__aeabi_dsub</name>
         <value>0x5261</value>
         <object_component_ref idref="oc-1ff"/>
      </symbol>
      <symbol id="sm-686">
         <name>__aeabi_dadd</name>
         <value>0x526b</value>
         <object_component_ref idref="oc-1ff"/>
      </symbol>
      <symbol id="sm-6a6">
         <name>__aeabi_ddiv</name>
         <value>0x5417</value>
         <object_component_ref idref="oc-1e5"/>
      </symbol>
      <symbol id="sm-6bd">
         <name>__aeabi_dmul</name>
         <value>0x5791</value>
         <object_component_ref idref="oc-1e0"/>
      </symbol>
      <symbol id="sm-6c9">
         <name>__aeabi_i2d</name>
         <value>0x60f9</value>
         <object_component_ref idref="oc-1fa"/>
      </symbol>
      <symbol id="sm-6e4">
         <name>memcpy</name>
         <value>0x5a09</value>
         <object_component_ref idref="oc-2c"/>
      </symbol>
      <symbol id="sm-6e5">
         <name>__aeabi_memcpy</name>
         <value>0x5a09</value>
         <object_component_ref idref="oc-2c"/>
      </symbol>
      <symbol id="sm-6e6">
         <name>__aeabi_memcpy8</name>
         <value>0x5a09</value>
         <object_component_ref idref="oc-2c"/>
      </symbol>
      <symbol id="sm-6e7">
         <name>__aeabi_memcpy4</name>
         <value>0x5a09</value>
         <object_component_ref idref="oc-2c"/>
      </symbol>
      <symbol id="sm-6f6">
         <name>__aeabi_memset</name>
         <value>0x5bb3</value>
         <object_component_ref idref="oc-45"/>
      </symbol>
      <symbol id="sm-6f7">
         <name>memset</name>
         <value>0x5bb9</value>
         <object_component_ref idref="oc-45"/>
      </symbol>
      <symbol id="sm-6f8">
         <name>__aeabi_memset8</name>
         <value>0x5bb3</value>
         <object_component_ref idref="oc-45"/>
      </symbol>
      <symbol id="sm-6f9">
         <name>__aeabi_memset4</name>
         <value>0x5bb3</value>
         <object_component_ref idref="oc-45"/>
      </symbol>
      <symbol id="sm-6fa">
         <name>__aeabi_memclr8</name>
         <value>0x5bb1</value>
         <object_component_ref idref="oc-45"/>
      </symbol>
      <symbol id="sm-6fb">
         <name>__aeabi_memclr4</name>
         <value>0x5bb1</value>
         <object_component_ref idref="oc-45"/>
      </symbol>
      <symbol id="sm-6fc">
         <name>__aeabi_memclr</name>
         <value>0x5bb1</value>
         <object_component_ref idref="oc-45"/>
      </symbol>
      <symbol id="sm-70f">
         <name>_system_pre_init</name>
         <value>0x6227</value>
         <object_component_ref idref="oc-51"/>
      </symbol>
      <symbol id="sm-728">
         <name>sprintf</name>
         <value>0x5d69</value>
         <object_component_ref idref="oc-cf"/>
      </symbol>
      <symbol id="sm-730">
         <name>main_func_sp</name>
         <value>0x20000264</value>
         <object_component_ref idref="oc-69"/>
      </symbol>
      <symbol id="sm-747">
         <name>_Dunscale</name>
         <value>0x5d03</value>
         <object_component_ref idref="oc-25b"/>
      </symbol>
      <symbol id="sm-759">
         <name>_Feraise</name>
         <value>0x60c9</value>
         <object_component_ref idref="oc-269"/>
      </symbol>
      <symbol id="sm-769">
         <name>_Rteps</name>
         <value>0x200001f8</value>
         <object_component_ref idref="oc-29e"/>
      </symbol>
      <symbol id="sm-76a">
         <name>_Zero</name>
         <value>0x20000210</value>
         <object_component_ref idref="oc-29e"/>
      </symbol>
      <symbol id="sm-76b">
         <name>_Hugeval</name>
         <value>0x200001b8</value>
         <object_component_ref idref="oc-29e"/>
      </symbol>
      <symbol id="sm-76c">
         <name>_Snan</name>
         <value>0x200001e8</value>
         <object_component_ref idref="oc-29e"/>
      </symbol>
      <symbol id="sm-76d">
         <name>_Nan</name>
         <value>0x200001d8</value>
         <object_component_ref idref="oc-29e"/>
      </symbol>
      <symbol id="sm-76e">
         <name>_Inf</name>
         <value>0x200001c8</value>
         <object_component_ref idref="oc-29e"/>
      </symbol>
      <symbol id="sm-76f">
         <name>_Xbig</name>
         <value>0x20000208</value>
         <object_component_ref idref="oc-29e"/>
      </symbol>
      <symbol id="sm-770">
         <name>_Eps</name>
         <value>0x200001a8</value>
         <object_component_ref idref="oc-29e"/>
      </symbol>
      <symbol id="sm-771">
         <name>_Denorm</name>
         <value>0x20000198</value>
         <object_component_ref idref="oc-29e"/>
      </symbol>
      <symbol id="sm-78a">
         <name>_nop</name>
         <value>0x61db</value>
         <object_component_ref idref="oc-10d"/>
      </symbol>
      <symbol id="sm-78b">
         <name>_lock</name>
         <value>0x20000248</value>
         <object_component_ref idref="oc-9f"/>
      </symbol>
      <symbol id="sm-78c">
         <name>_unlock</name>
         <value>0x2000024c</value>
         <object_component_ref idref="oc-9f"/>
      </symbol>
      <symbol id="sm-78d">
         <name>_register_lock</name>
         <value>0x61d3</value>
         <object_component_ref idref="oc-10d"/>
      </symbol>
      <symbol id="sm-78e">
         <name>_register_unlock</name>
         <value>0x61cd</value>
         <object_component_ref idref="oc-10d"/>
      </symbol>
      <symbol id="sm-893">
         <name>__TI_printfi</name>
         <value>0xef5</value>
         <object_component_ref idref="oc-163"/>
      </symbol>
      <symbol id="sm-8a8">
         <name>_args_main</name>
         <value>0x619d</value>
         <object_component_ref idref="oc-5d"/>
      </symbol>
      <symbol id="sm-8be">
         <name>atoi</name>
         <value>0x5ec1</value>
         <object_component_ref idref="oc-222"/>
      </symbol>
      <symbol id="sm-8e4">
         <name>__TI_auto_init</name>
         <value>0x5c2d</value>
         <object_component_ref idref="oc-57"/>
      </symbol>
      <symbol id="sm-8fe">
         <name>copy_in</name>
         <value>0x5f0d</value>
         <object_component_ref idref="oc-95"/>
      </symbol>
      <symbol id="sm-909">
         <name>_ctypes_</name>
         <value>0x6524</value>
         <object_component_ref idref="oc-277"/>
      </symbol>
      <symbol id="sm-911">
         <name>_Errno</name>
         <value>0x20000260</value>
         <object_component_ref idref="oc-2a9"/>
      </symbol>
      <symbol id="sm-938">
         <name>__aeabi_cdcmpeq</name>
         <value>0x5aa5</value>
         <object_component_ref idref="oc-1db"/>
      </symbol>
      <symbol id="sm-939">
         <name>__aeabi_cdcmple</name>
         <value>0x5aa5</value>
         <object_component_ref idref="oc-1db"/>
      </symbol>
      <symbol id="sm-93a">
         <name>__aeabi_cdrcmple</name>
         <value>0x5b2b</value>
         <object_component_ref idref="oc-1ea"/>
      </symbol>
      <symbol id="sm-948">
         <name>__aeabi_d2iz</name>
         <value>0x5f59</value>
         <object_component_ref idref="oc-1ef"/>
      </symbol>
      <symbol id="sm-966">
         <name>feraiseexcept</name>
         <value>0x6065</value>
         <object_component_ref idref="oc-2a3"/>
      </symbol>
      <symbol id="sm-967">
         <name>_Tls_setup__Fenv</name>
         <value>0x2000025c</value>
         <object_component_ref idref="oc-2cd"/>
      </symbol>
      <symbol id="sm-968">
         <name>_Fenv</name>
         <value>0x20000258</value>
         <object_component_ref idref="oc-2cd"/>
      </symbol>
      <symbol id="sm-975">
         <name>frexp</name>
         <value>0x6155</value>
         <object_component_ref idref="oc-204"/>
      </symbol>
      <symbol id="sm-986">
         <name>ldexp</name>
         <value>0x5e1f</value>
         <object_component_ref idref="oc-20a"/>
      </symbol>
      <symbol id="sm-996">
         <name>ltoa</name>
         <value>0x5dc9</value>
         <object_component_ref idref="oc-1f4"/>
      </symbol>
      <symbol id="sm-9a6">
         <name>memccpy</name>
         <value>0x617f</value>
         <object_component_ref idref="oc-21c"/>
      </symbol>
      <symbol id="sm-9ba">
         <name>raise</name>
         <value>0x6127</value>
         <object_component_ref idref="oc-2c7"/>
      </symbol>
      <symbol id="sm-9d4">
         <name>signal</name>
         <value>0x5fe5</value>
         <object_component_ref idref="oc-2d8"/>
      </symbol>
      <symbol id="sm-9e4">
         <name>strchr</name>
         <value>0x61b5</value>
         <object_component_ref idref="oc-210"/>
      </symbol>
      <symbol id="sm-9f2">
         <name>strlen</name>
         <value>0x61e1</value>
         <object_component_ref idref="oc-1d5"/>
      </symbol>
      <symbol id="sm-a1c">
         <name>__aeabi_uldivmod</name>
         <value>0x506d</value>
         <object_component_ref idref="oc-1d0"/>
      </symbol>
      <symbol id="sm-a2a">
         <name>_Dclass</name>
         <value>0x6099</value>
         <object_component_ref idref="oc-216"/>
      </symbol>
      <symbol id="sm-a3f">
         <name>_Dnorm</name>
         <value>0x588d</value>
         <object_component_ref idref="oc-294"/>
      </symbol>
      <symbol id="sm-a5b">
         <name>_Dscale</name>
         <value>0x5681</value>
         <object_component_ref idref="oc-263"/>
      </symbol>
      <symbol id="sm-a62">
         <name>__TI_static_base__</name>
         <value>0x0</value>
      </symbol>
      <symbol id="sm-a65">
         <name>SHT$$INIT_ARRAY$$Limit</name>
         <value>0x0</value>
      </symbol>
      <symbol id="sm-a66">
         <name>SHT$$INIT_ARRAY$$Base</name>
         <value>0x0</value>
      </symbol>
   </symbol_table>
   <title>Link successful</title>
</link_info>
