******************************************************************************
                  TI ARM Linker Unix v5.2.7                    
******************************************************************************
>> Linked Tue Apr  5 17:04:13 2016

OUTPUT FILE NAME:   <InterruptB.out>
ENTRY POINT SYMBOL: "_c_int00"  address: 00005e71


MEMORY CONFIGURATION

         name            origin    length      used     unused   attr    fill
----------------------  --------  ---------  --------  --------  ----  --------
  MAIN                  00000000   00040000  00006892  0003976e  R  X
  INFO                  00200000   00004000  00000000  00004000  R  X
  SRAM_CODE             01000000   00010000  00000000  00010000  RW X
  SRAM_DATA             20000000   00010000  0000047b  0000fb85  RW  


SEGMENT ALLOCATION MAP

run origin  load origin   length   init length attrs members
----------  ----------- ---------- ----------- ----- -------
00000000    00000000    00006898   00006898    r-x
  00000000    00000000    00000140   00000140    r-- .intvecs
  00000140    00000140    000060ea   000060ea    r-x .text
  0000622c    0000622c    000005c0   000005c0    r-- .const
  000067f0    000067f0    000000a8   000000a8    r-- .cinit
20000000    20000000    00000282   00000000    rw-
  20000000    20000000    000000e4   00000000    rw- .vtable
  200000e8    200000e8    00000185   00000000    rw- .data
  20000270    20000270    00000012   00000000    rw- .bss
2000fe00    2000fe00    00000200   00000000    rw-
  2000fe00    2000fe00    00000200   00000000    rw- .stack


SECTION ALLOCATION MAP

 output                                  attributes/
section   page    origin      length       input sections
--------  ----  ----------  ----------   ----------------
.intvecs   0    00000000    00000140     
                  00000000    00000140     startup_msp432p401r_ccs.obj (.intvecs:retain)

.text      0    00000140    000060ea     
                  00000140    000010ba     rtsv7M4_T_le_v4SPD16_eabi.lib : _printfi.obj (.text)
                  000011fa    00000002     --HOLE-- [fill = 0]
                  000011fc    00000d7c     cs.obj (.text)
                  00001f78    000008a4     spi.obj (.text)
                  0000281c    00000678     Crystalfontz128x128_ST7735.obj (.text)
                  00002e94    00000630     string.obj (.text)
                  000034c4    00000498     circle.obj (.text)
                  0000395c    00000490     line.obj (.text)
                  00003dec    00000480     gpio.obj (.text)
                  0000426c    000003f0     interrupt.obj (.text)
                  0000465c    00000328     system_msp432p401r.obj (.text)
                  00004984    00000266     context.obj (.text)
                  00004bea    00000002     --HOLE-- [fill = 0]
                  00004bec    00000244     sysctl.obj (.text)
                  00004e30    0000023c     main.obj (.text)
                  0000506c    000001f4     rtsv7M4_T_le_v4SPD16_eabi.lib : ull_div_t2.obj (.text)
                  00005260    000001b6                                   : fd_add_t2.obj (.text)
                  00005416    00000136                                   : fd_div_t2.obj (.text)
                  0000554c    00000134     display.obj (.text)
                  00005680    00000110     rtsv7M4_T_le_v4SPD16_eabi.lib : xdscale.obj (.text)
                  00005790    000000fc                                   : fd_mul_t2.obj (.text)
                  0000588c    000000be                                   : xdnorm.obj (.text)
                  0000594a    00000002     --HOLE-- [fill = 0]
                  0000594c    000000bc     HAL_MSP_EXP432P401R_Crystalfontz128x128_ST7735.obj (.text)
                  00005a08    0000009c     rtsv7M4_T_le_v4SPD16_eabi.lib : memcpy_t2.obj (.text)
                  00005aa4    00000086                                   : fd_cmp_t2.obj (.text:__aeabi_cdcmple)
                  00005b2a    00000086                                   : fd_cmp_t2.obj (.text:__aeabi_cdrcmple)
                  00005bb0    0000007a                                   : memset_t2.obj (.text)
                  00005c2a    00000002     --HOLE-- [fill = 0]
                  00005c2c    0000006c                                   : autoinit.obj (.text)
                  00005c98    0000006a                                   : copy_decompress_rle.obj (.text)
                  00005d02    00000066                                   : xdunscal.obj (.text)
                  00005d68    00000060                                   : sprintf.obj (.text)
                  00005dc8    00000056                                   : ltoa.obj (.text)
                  00005e1e    00000052                                   : ldexp.obj (.text)
                  00005e70    00000050                                   : boot.obj (.text)
                  00005ec0    0000004c                                   : atoi.obj (.text)
                  00005f0c    0000004c                                   : cpy_tbl.obj (.text)
                  00005f58    00000048                                   : fd_toi_t2.obj (.text)
                  00005fa0    00000044                                   : exit.obj (.text)
                  00005fe4    00000040                                   : signal.obj (.text)
                  00006024    0000003e     cpu.obj (.text)
                  00006062    00000002     --HOLE-- [fill = 0]
                  00006064    00000034     rtsv7M4_T_le_v4SPD16_eabi.lib : feraiseexcept.obj (.text)
                  00006098    00000030                                   : xdclass.obj (.text)
                  000060c8    00000030                                   : xferaise.obj (.text)
                  000060f8    0000002e                                   : i_tofd_t2.obj (.text)
                  00006126    0000002e                                   : raise.obj (.text)
                  00006154    0000002a                                   : frexp.obj (.text)
                  0000617e    0000001c                                   : memccpy.obj (.text)
                  0000619a    00000002     --HOLE-- [fill = 0]
                  0000619c    00000018                                   : args_main.obj (.text)
                  000061b4    00000016                                   : strchr.obj (.text)
                  000061ca    00000002     --HOLE-- [fill = 0]
                  000061cc    00000014                                   : _lock.obj (.text)
                  000061e0    00000014                                   : strlen.obj (.text)
                  000061f4    00000012     startup_msp432p401r_ccs.obj (.text)
                  00006206    0000000e     rtsv7M4_T_le_v4SPD16_eabi.lib : copy_decompress_none.obj (.text:decompress:none)
                  00006214    0000000c                                   : copy_zero_init.obj (.text:decompress:ZI)
                  00006220    00000006                                   : copy_decompress_rle.obj (.text:decompress:rle24)
                  00006226    00000004                                   : pre_init.obj (.text)

.const     0    0000622c    000005c0     
                  0000622c    000002f8     fontfixed6x8.obj (.const:.string:g_pucFontFixed6x8Data)
                  00006524    00000101     rtsv7M4_T_le_v4SPD16_eabi.lib : ctype.obj (.const:.string:_ctypes_)
                  00006625    00000003     --HOLE-- [fill = 0]
                  00006628    000000c8     fontfixed6x8.obj (.const:g_sFontFixed6x8)
                  000066f0    00000050     interrupt.obj (.const:g_pulRegs)
                  00006740    00000040     interrupt.obj (.const)
                  00006780    0000002c     Crystalfontz128x128_ST7735.obj (.const:g_sCrystalfontz128x128)
                  000067ac    0000001c     HAL_MSP_EXP432P401R_Crystalfontz128x128_ST7735.obj (.const)
                  000067c8    0000001c     gpio.obj (.const)
                  000067e4    00000008     Crystalfontz128x128_ST7735.obj (.const)

.cinit     0    000067f0    000000a8     
                  000067f0    00000071     (.cinit..data.load) [load image, compression = rle]
                  00006861    00000003     --HOLE-- [fill = 0]
                  00006864    0000000c     (__TI_handler_table)
                  00006870    00000008     (.cinit..bss.load) [load image, compression = zero_init]
                  00006878    00000008     (.cinit..vtable.load) [load image, compression = zero_init]
                  00006880    00000018     (__TI_cinit_table)

.init_array 
*          0    00000000    00000000     UNINITIALIZED

.vtable    0    20000000    000000e4     UNINITIALIZED
                  20000000    000000e4     interrupt.obj (.vtable)

.data      0    200000e8    00000185     UNINITIALIZED
                  200000e8    000000b0     rtsv7M4_T_le_v4SPD16_eabi.lib : signal.obj (.data:sigtable)
                  20000198    00000080                                   : xvalues.obj (.data)
                  20000218    00000030     gpio.obj (.data:GPIO_PORT_TO_BASE)
                  20000248    00000008     rtsv7M4_T_le_v4SPD16_eabi.lib : _lock.obj (.data)
                  20000250    00000008                                   : exit.obj (.data)
                  20000258    00000008                                   : feraiseexcept.obj (.data)
                  20000260    00000004                                   : errno.obj (.data)
                  20000264    00000004                                   : stkdepth_vars.obj (.data)
                  20000268    00000004     system_msp432p401r.obj (.data)
                  2000026c    00000001     main.obj (.data)

.bss       0    20000270    00000012     UNINITIALIZED
                  20000270    00000004     (.common:hfxtFreq)
                  20000274    00000004     (.common:lfxtFreq)
                  20000278    00000002     (.common:Lcd_ScreenHeigth)
                  2000027a    00000002     (.common:Lcd_ScreenWidth)
                  2000027c    00000002     (.common:Lcd_TouchTrim)
                  2000027e    00000001     (.common:Lcd_FlagRead)
                  2000027f    00000001     (.common:Lcd_FontSolid)
                  20000280    00000001     (.common:Lcd_Orientation)
                  20000281    00000001     (.common:Lcd_PenSolid)

.TI.persistent 
*          0    200000e8    00000000     UNINITIALIZED

.TI.noinit 
*          0    20000270    00000000     UNINITIALIZED

.stack     0    2000fe00    00000200     UNINITIALIZED
                  2000fe00    00000200     --HOLE--


LINKER GENERATED COPY TABLES

__TI_cinit_table @ 00006880 records: 3, size/record: 8, table size: 24
	.data: load addr=000067f0, load size=00000071 bytes, run addr=200000e8, run size=00000185 bytes, compression=rle
	.bss: load addr=00006870, load size=00000008 bytes, run addr=20000270, run size=00000012 bytes, compression=zero_init
	.vtable: load addr=00006878, load size=00000008 bytes, run addr=20000000, run size=000000e4 bytes, compression=zero_init


LINKER GENERATED HANDLER TABLE

__TI_handler_table @ 00006864 records: 3, size/record: 4, table size: 12
	index: 0, handler: __TI_zero_init
	index: 1, handler: __TI_decompress_rle24
	index: 2, handler: __TI_decompress_none


GLOBAL SYMBOLS: SORTED ALPHABETICALLY BY Name 

address   name                                       
-------   ----                                       
00005fa1  C$$EXIT                                    
00006059  CPU_basepriGet                             
0000604b  CPU_basepriSet                             
00006025  CPU_cpsid                                  
0000603b  CPU_cpsie                                  
00006031  CPU_primask                                
00006047  CPU_wfi                                    
00001efd  CS_clearInterruptFlag                      
000017a5  CS_disableClockRequest                     
0000188b  CS_disableDCOExternalResistor              
00001dd1  CS_disableFaultCounter                     
00001ebb  CS_disableInterrupt                        
0000177d  CS_enableClockRequest                      
000017ed  CS_enableDCOExternalResistor               
00001da5  CS_enableFaultCounter                      
00001e99  CS_enableInterrupt                         
00001d3d  CS_getACLK                                 
00001cfd  CS_getBCLK                                 
00001985  CS_getDCOFrequency                         
00001ee3  CS_getEnabledInterruptStatus               
00001d19  CS_getHSMCLK                               
00001edd  CS_getInterruptStatus                      
00001d83  CS_getMCLK                                 
00001d61  CS_getSMCLK                                
0000149d  CS_initClockSignal                         
00001f1f  CS_registerInterrupt                       
00001dfd  CS_resetFaultCounter                       
000018a9  CS_setDCOCenteredFrequency                 
00001815  CS_setDCOExternalResistorCalibration       
00001b25  CS_setDCOFrequency                         
00001461  CS_setExternalClockSourceFrequency         
000017c7  CS_setReferenceOscillatorFrequency         
00001e49  CS_startFaultCounter                       
000015a1  CS_startHFXT                               
000015c5  CS_startHFXTWithTimeout                    
00001689  CS_startLFXT                               
000016ad  CS_startLFXTWithTimeout                    
000018e1  CS_tuneDCOFrequency                        
00001f33  CS_unregisterInterrupt                     
0000281d  Crystalfontz128x128_Init                   
00002931  Crystalfontz128x128_SetDrawFrame           
00002a5f  Crystalfontz128x128_SetOrientation         
000026e7  EUSCI_A_SPI_changeClockPhasePolarity       
0000279b  EUSCI_A_SPI_clearInterruptFlag             
000027cb  EUSCI_A_SPI_disable                        
00002769  EUSCI_A_SPI_disableInterrupt               
000027b5  EUSCI_A_SPI_enable                         
0000274f  EUSCI_A_SPI_enableInterrupt                
00002783  EUSCI_A_SPI_getInterruptStatus             
000027e1  EUSCI_A_SPI_getReceiveBufferAddressForDMA  
000027ef  EUSCI_A_SPI_getTransmitBufferAddressForDMA 
000027fd  EUSCI_A_SPI_isBusy                         
00002667  EUSCI_A_SPI_masterChangeClock              
0000273f  EUSCI_A_SPI_receiveData                    
00002647  EUSCI_A_SPI_select4PinFunctionality        
0000269d  EUSCI_A_SPI_slaveInit                      
00002729  EUSCI_A_SPI_transmitData                   
00002519  EUSCI_B_SPI_changeClockPhasePolarity       
000025cd  EUSCI_B_SPI_clearInterruptFlag             
000025fd  EUSCI_B_SPI_disable                        
0000259b  EUSCI_B_SPI_disableInterrupt               
000025e7  EUSCI_B_SPI_enable                         
00002581  EUSCI_B_SPI_enableInterrupt                
000025b5  EUSCI_B_SPI_getInterruptStatus             
00002613  EUSCI_B_SPI_getReceiveBufferAddressForDMA  
00002621  EUSCI_B_SPI_getTransmitBufferAddressForDMA 
0000262f  EUSCI_B_SPI_isBusy                         
0000249d  EUSCI_B_SPI_masterChangeClock              
00002571  EUSCI_B_SPI_receiveData                    
0000247d  EUSCI_B_SPI_select4PinFunctionality        
000024cf  EUSCI_B_SPI_slaveInit                      
0000255b  EUSCI_B_SPI_transmitData                   
2000026c  FallingEdges                               
0000410f  GPIO_clearInterruptFlag                    
000040cf  GPIO_disableInterrupt                      
000040ad  GPIO_enableInterrupt                       
00004167  GPIO_getEnabledInterruptStatus             
0000407f  GPIO_getInputPinValue                      
000040f1  GPIO_getInterruptStatus                    
00004131  GPIO_interruptEdgeSelect                   
00004227  GPIO_registerInterrupt                     
00003e27  GPIO_setAsInputPin                         
00003fdb  GPIO_setAsInputPinWithPullDownResistor     
0000402d  GPIO_setAsInputPinWithPullUpResistor       
00003ded  GPIO_setAsOutputPin                        
00003ef1  GPIO_setAsPeripheralModuleFunctionInputPin 
00003e6d  GPIO_setAsPeripheralModuleFunctionOutputPin
000041e3  GPIO_setDriveStrengthHigh                  
00004205  GPIO_setDriveStrengthLow                   
00003f75  GPIO_setOutputHighOnPin                    
00003f97  GPIO_setOutputLowOnPin                     
00003fb9  GPIO_toggleOutputOnPin                     
00004247  GPIO_unregisterInterrupt                   
00004b71  Graphics_clearDisplay                      
00005669  Graphics_clearDisplayOnDisplay             
000034c5  Graphics_drawCircle                        
000055bb  Graphics_drawHorizontalLineOnDisplay       
00003c79  Graphics_drawLine                          
0000395d  Graphics_drawLineH                         
000039f9  Graphics_drawLineV                         
00005577  Graphics_drawMultiplePixelsOnDisplay       
00004b83  Graphics_drawPixel                         
0000554d  Graphics_drawPixelOnDisplay                
00002fcf  Graphics_drawString                        
0000345d  Graphics_drawStringCentered                
000055ef  Graphics_drawVerticalLineOnDisplay         
00003733  Graphics_fillCircle                        
00005623  Graphics_fillRectangleOnDisplay            
00004b63  Graphics_flushBuffer                       
00005657  Graphics_flushOnDisplay                    
00004b45  Graphics_getDisplayHeight                  
00004b35  Graphics_getDisplayWidth                   
00004ae3  Graphics_getFontBaseline                   
00004b19  Graphics_getFontHeight                     
00004b27  Graphics_getFontMaxWidth                   
00004b55  Graphics_getHeightOfDisplay                
0000344d  Graphics_getStringBaseline                 
000034a5  Graphics_getStringHeight                   
000034b5  Graphics_getStringMaxWidth                 
00002ed5  Graphics_getStringWidth                    
00004bdd  Graphics_getWidthOfDisplay                 
00004985  Graphics_initContext                       
00004a99  Graphics_setBackgroundColor                
00004ab3  Graphics_setBackgroundColorTranslated      
000049cf  Graphics_setClipRegion                     
00004ac9  Graphics_setFont                           
00004af1  Graphics_setForegroundColor                
00004b07  Graphics_setForegroundColorTranslated      
00005641  Graphics_translateColorOnDisplay           
0000594d  HAL_LCD_PortInit                           
0000597d  HAL_LCD_SpiInit                            
000059b3  HAL_LCD_writeCommand                       
000059e1  HAL_LCD_writeData                          
0000442f  Interrupt_disableInterrupt                 
0000427f  Interrupt_disableMaster                    
0000462d  Interrupt_disableSleepOnIsrExit            
000043bd  Interrupt_enableInterrupt                  
0000426f  Interrupt_enableMaster                     
0000461b  Interrupt_enableSleepOnIsrExit             
00004397  Interrupt_getPriority                      
0000430f  Interrupt_getPriorityGrouping              
000045fb  Interrupt_getPriorityMask                  
00004615  Interrupt_getVectorTableAddress            
000044a1  Interrupt_isEnabled                        
0000452d  Interrupt_pendInterrupt                    
0000428f  Interrupt_registerInterrupt                
00004347  Interrupt_setPriority                      
000042f5  Interrupt_setPriorityGrouping              
000045eb  Interrupt_setPriorityMask                  
00004605  Interrupt_setVectorTableAddress            
0000459d  Interrupt_unpendInterrupt                  
000042e1  Interrupt_unregisterInterrupt              
2000027e  Lcd_FlagRead                               
2000027f  Lcd_FontSolid                              
20000280  Lcd_Orientation                            
20000281  Lcd_PenSolid                               
20000278  Lcd_ScreenHeigth                           
2000027a  Lcd_ScreenWidth                            
2000027c  Lcd_TouchTrim                              
00004f97  PORT1_IRQHandler                           
00004ff5  PORT2_IRQHandler                           
UNDEFED   SHT$$INIT_ARRAY$$Base                      
UNDEFED   SHT$$INIT_ARRAY$$Limit                     
0000213b  SPI_changeClockPhasePolarity               
00002095  SPI_changeMasterClock                      
000022ed  SPI_clearInterruptFlag                     
0000226f  SPI_disableInterrupt                       
000021c9  SPI_disableModule                          
00002249  SPI_enableInterrupt                        
000021ad  SPI_enableModule                           
000022bd  SPI_getEnabledInterruptStatus              
00002295  SPI_getInterruptStatus                     
000021e5  SPI_getReceiveBufferAddressForDMA          
00002201  SPI_getTransmitBufferAddressForDMA         
00001fa9  SPI_initMaster                             
000020bd  SPI_initSlave                              
0000222d  SPI_isBusy                                 
00002191  SPI_receiveData                            
00002313  SPI_registerInterrupt                      
0000206f  SPI_selectFourPinFunctionality             
0000216b  SPI_transmitData                           
000023d1  SPI_unregisterInterrupt                    
00004ddf  SysCtl_disableGlitchFilter                 
00004c6f  SysCtl_disableNMISource                    
00004d77  SysCtl_disablePeripheralAtCPUHalt          
00004cb9  SysCtl_disableSRAMBank                     
00004d3d  SysCtl_disableSRAMBankRetention            
00004dd3  SysCtl_enableGlitchFilter                  
00004c83  SysCtl_enableNMISource                     
00004d63  SysCtl_enablePeripheralAtCPUHalt           
00004c9d  SysCtl_enableSRAMBank                      
00004d21  SysCtl_enableSRAMBankRetention             
00004c69  SysCtl_getFlashSize                        
00004c97  SysCtl_getNMISourceStatus                  
00004c63  SysCtl_getSRAMSize                         
00004bed  SysCtl_getTLVInfo                          
00004deb  SysCtl_getTempCalibrationConstant          
00004d59  SysCtl_rebootDevice                        
00004daf  SysCtl_setWDTPasswordViolationResetType    
00004d8b  SysCtl_setWDTTimeoutResetType              
20000268  SystemCoreClock                            
0000465d  SystemCoreClockUpdate                      
000048d1  SystemInit                                 
4000480c  WDTCTL_SYM                                 
00006099  _Dclass                                    
20000198  _Denorm                                    
0000588d  _Dnorm                                     
00005681  _Dscale                                    
00005d03  _Dunscale                                  
200001a8  _Eps                                       
20000260  _Errno                                     
20000258  _Fenv                                      
000060c9  _Feraise                                   
200001b8  _Hugeval                                   
200001c8  _Inf                                       
200001d8  _Nan                                       
200001f8  _Rteps                                     
200001e8  _Snan                                      
2000025c  _Tls_setup__Fenv                           
20000208  _Xbig                                      
20000210  _Zero                                      
20010000  __STACK_END                                
00000200  __STACK_SIZE                               
00006880  __TI_CINIT_Base                            
00006898  __TI_CINIT_Limit                           
00006864  __TI_Handler_Table_Base                    
00006870  __TI_Handler_Table_Limit                   
00005c2d  __TI_auto_init                             
20000250  __TI_cleanup_ptr                           
00006207  __TI_decompress_none                       
00006221  __TI_decompress_rle24                      
20000254  __TI_dtors_ptr                             
00000ef5  __TI_printfi                               
00000000  __TI_static_base__                         
00006215  __TI_zero_init                             
00005aa5  __aeabi_cdcmpeq                            
00005aa5  __aeabi_cdcmple                            
00005b2b  __aeabi_cdrcmple                           
00005f59  __aeabi_d2iz                               
0000526b  __aeabi_dadd                               
00005417  __aeabi_ddiv                               
00005791  __aeabi_dmul                               
00005261  __aeabi_dsub                               
000060f9  __aeabi_i2d                                
00005bb1  __aeabi_memclr                             
00005bb1  __aeabi_memclr4                            
00005bb1  __aeabi_memclr8                            
00005a09  __aeabi_memcpy                             
00005a09  __aeabi_memcpy4                            
00005a09  __aeabi_memcpy8                            
00005bb3  __aeabi_memset                             
00005bb3  __aeabi_memset4                            
00005bb3  __aeabi_memset8                            
0000506d  __aeabi_uldivmod                           
ffffffff  __binit__                                  
ffffffff  __c_args__                                 
2000fe00  __stack                                    
0000619d  _args_main                                 
00005e71  _c_int00                                   
00006524  _ctypes_                                   
20000248  _lock                                      
000061db  _nop                                       
000061d3  _register_lock                             
000061cd  _register_unlock                           
00006227  _system_pre_init                           
2000024c  _unlock                                    
00005fa5  abort                                      
00005ec1  atoi                                       
ffffffff  binit                                      
00005f0d  copy_in                                    
00005fad  exit                                       
00006065  feraiseexcept                              
00006155  frexp                                      
20000000  g_pfnRAMVectors                            
00006780  g_sCrystalfontz128x128                     
00006628  g_sFontFixed6x8                            
00000000  interruptVectors                           
00005e1f  ldexp                                      
00005dc9  ltoa                                       
00004e31  main                                       
20000264  main_func_sp                               
0000617f  memccpy                                    
00005a09  memcpy                                     
00005bb9  memset                                     
00006127  raise                                      
00005fe5  signal                                     
00005d69  sprintf                                    
000061b5  strchr                                     
000061e1  strlen                                     


GLOBAL SYMBOLS: SORTED BY Symbol Address 

address   name                                       
-------   ----                                       
00000000  __TI_static_base__                         
00000000  interruptVectors                           
00000200  __STACK_SIZE                               
00000ef5  __TI_printfi                               
00001461  CS_setExternalClockSourceFrequency         
0000149d  CS_initClockSignal                         
000015a1  CS_startHFXT                               
000015c5  CS_startHFXTWithTimeout                    
00001689  CS_startLFXT                               
000016ad  CS_startLFXTWithTimeout                    
0000177d  CS_enableClockRequest                      
000017a5  CS_disableClockRequest                     
000017c7  CS_setReferenceOscillatorFrequency         
000017ed  CS_enableDCOExternalResistor               
00001815  CS_setDCOExternalResistorCalibration       
0000188b  CS_disableDCOExternalResistor              
000018a9  CS_setDCOCenteredFrequency                 
000018e1  CS_tuneDCOFrequency                        
00001985  CS_getDCOFrequency                         
00001b25  CS_setDCOFrequency                         
00001cfd  CS_getBCLK                                 
00001d19  CS_getHSMCLK                               
00001d3d  CS_getACLK                                 
00001d61  CS_getSMCLK                                
00001d83  CS_getMCLK                                 
00001da5  CS_enableFaultCounter                      
00001dd1  CS_disableFaultCounter                     
00001dfd  CS_resetFaultCounter                       
00001e49  CS_startFaultCounter                       
00001e99  CS_enableInterrupt                         
00001ebb  CS_disableInterrupt                        
00001edd  CS_getInterruptStatus                      
00001ee3  CS_getEnabledInterruptStatus               
00001efd  CS_clearInterruptFlag                      
00001f1f  CS_registerInterrupt                       
00001f33  CS_unregisterInterrupt                     
00001fa9  SPI_initMaster                             
0000206f  SPI_selectFourPinFunctionality             
00002095  SPI_changeMasterClock                      
000020bd  SPI_initSlave                              
0000213b  SPI_changeClockPhasePolarity               
0000216b  SPI_transmitData                           
00002191  SPI_receiveData                            
000021ad  SPI_enableModule                           
000021c9  SPI_disableModule                          
000021e5  SPI_getReceiveBufferAddressForDMA          
00002201  SPI_getTransmitBufferAddressForDMA         
0000222d  SPI_isBusy                                 
00002249  SPI_enableInterrupt                        
0000226f  SPI_disableInterrupt                       
00002295  SPI_getInterruptStatus                     
000022bd  SPI_getEnabledInterruptStatus              
000022ed  SPI_clearInterruptFlag                     
00002313  SPI_registerInterrupt                      
000023d1  SPI_unregisterInterrupt                    
0000247d  EUSCI_B_SPI_select4PinFunctionality        
0000249d  EUSCI_B_SPI_masterChangeClock              
000024cf  EUSCI_B_SPI_slaveInit                      
00002519  EUSCI_B_SPI_changeClockPhasePolarity       
0000255b  EUSCI_B_SPI_transmitData                   
00002571  EUSCI_B_SPI_receiveData                    
00002581  EUSCI_B_SPI_enableInterrupt                
0000259b  EUSCI_B_SPI_disableInterrupt               
000025b5  EUSCI_B_SPI_getInterruptStatus             
000025cd  EUSCI_B_SPI_clearInterruptFlag             
000025e7  EUSCI_B_SPI_enable                         
000025fd  EUSCI_B_SPI_disable                        
00002613  EUSCI_B_SPI_getReceiveBufferAddressForDMA  
00002621  EUSCI_B_SPI_getTransmitBufferAddressForDMA 
0000262f  EUSCI_B_SPI_isBusy                         
00002647  EUSCI_A_SPI_select4PinFunctionality        
00002667  EUSCI_A_SPI_masterChangeClock              
0000269d  EUSCI_A_SPI_slaveInit                      
000026e7  EUSCI_A_SPI_changeClockPhasePolarity       
00002729  EUSCI_A_SPI_transmitData                   
0000273f  EUSCI_A_SPI_receiveData                    
0000274f  EUSCI_A_SPI_enableInterrupt                
00002769  EUSCI_A_SPI_disableInterrupt               
00002783  EUSCI_A_SPI_getInterruptStatus             
0000279b  EUSCI_A_SPI_clearInterruptFlag             
000027b5  EUSCI_A_SPI_enable                         
000027cb  EUSCI_A_SPI_disable                        
000027e1  EUSCI_A_SPI_getReceiveBufferAddressForDMA  
000027ef  EUSCI_A_SPI_getTransmitBufferAddressForDMA 
000027fd  EUSCI_A_SPI_isBusy                         
0000281d  Crystalfontz128x128_Init                   
00002931  Crystalfontz128x128_SetDrawFrame           
00002a5f  Crystalfontz128x128_SetOrientation         
00002ed5  Graphics_getStringWidth                    
00002fcf  Graphics_drawString                        
0000344d  Graphics_getStringBaseline                 
0000345d  Graphics_drawStringCentered                
000034a5  Graphics_getStringHeight                   
000034b5  Graphics_getStringMaxWidth                 
000034c5  Graphics_drawCircle                        
00003733  Graphics_fillCircle                        
0000395d  Graphics_drawLineH                         
000039f9  Graphics_drawLineV                         
00003c79  Graphics_drawLine                          
00003ded  GPIO_setAsOutputPin                        
00003e27  GPIO_setAsInputPin                         
00003e6d  GPIO_setAsPeripheralModuleFunctionOutputPin
00003ef1  GPIO_setAsPeripheralModuleFunctionInputPin 
00003f75  GPIO_setOutputHighOnPin                    
00003f97  GPIO_setOutputLowOnPin                     
00003fb9  GPIO_toggleOutputOnPin                     
00003fdb  GPIO_setAsInputPinWithPullDownResistor     
0000402d  GPIO_setAsInputPinWithPullUpResistor       
0000407f  GPIO_getInputPinValue                      
000040ad  GPIO_enableInterrupt                       
000040cf  GPIO_disableInterrupt                      
000040f1  GPIO_getInterruptStatus                    
0000410f  GPIO_clearInterruptFlag                    
00004131  GPIO_interruptEdgeSelect                   
00004167  GPIO_getEnabledInterruptStatus             
000041e3  GPIO_setDriveStrengthHigh                  
00004205  GPIO_setDriveStrengthLow                   
00004227  GPIO_registerInterrupt                     
00004247  GPIO_unregisterInterrupt                   
0000426f  Interrupt_enableMaster                     
0000427f  Interrupt_disableMaster                    
0000428f  Interrupt_registerInterrupt                
000042e1  Interrupt_unregisterInterrupt              
000042f5  Interrupt_setPriorityGrouping              
0000430f  Interrupt_getPriorityGrouping              
00004347  Interrupt_setPriority                      
00004397  Interrupt_getPriority                      
000043bd  Interrupt_enableInterrupt                  
0000442f  Interrupt_disableInterrupt                 
000044a1  Interrupt_isEnabled                        
0000452d  Interrupt_pendInterrupt                    
0000459d  Interrupt_unpendInterrupt                  
000045eb  Interrupt_setPriorityMask                  
000045fb  Interrupt_getPriorityMask                  
00004605  Interrupt_setVectorTableAddress            
00004615  Interrupt_getVectorTableAddress            
0000461b  Interrupt_enableSleepOnIsrExit             
0000462d  Interrupt_disableSleepOnIsrExit            
0000465d  SystemCoreClockUpdate                      
000048d1  SystemInit                                 
00004985  Graphics_initContext                       
000049cf  Graphics_setClipRegion                     
00004a99  Graphics_setBackgroundColor                
00004ab3  Graphics_setBackgroundColorTranslated      
00004ac9  Graphics_setFont                           
00004ae3  Graphics_getFontBaseline                   
00004af1  Graphics_setForegroundColor                
00004b07  Graphics_setForegroundColorTranslated      
00004b19  Graphics_getFontHeight                     
00004b27  Graphics_getFontMaxWidth                   
00004b35  Graphics_getDisplayWidth                   
00004b45  Graphics_getDisplayHeight                  
00004b55  Graphics_getHeightOfDisplay                
00004b63  Graphics_flushBuffer                       
00004b71  Graphics_clearDisplay                      
00004b83  Graphics_drawPixel                         
00004bdd  Graphics_getWidthOfDisplay                 
00004bed  SysCtl_getTLVInfo                          
00004c63  SysCtl_getSRAMSize                         
00004c69  SysCtl_getFlashSize                        
00004c6f  SysCtl_disableNMISource                    
00004c83  SysCtl_enableNMISource                     
00004c97  SysCtl_getNMISourceStatus                  
00004c9d  SysCtl_enableSRAMBank                      
00004cb9  SysCtl_disableSRAMBank                     
00004d21  SysCtl_enableSRAMBankRetention             
00004d3d  SysCtl_disableSRAMBankRetention            
00004d59  SysCtl_rebootDevice                        
00004d63  SysCtl_enablePeripheralAtCPUHalt           
00004d77  SysCtl_disablePeripheralAtCPUHalt          
00004d8b  SysCtl_setWDTTimeoutResetType              
00004daf  SysCtl_setWDTPasswordViolationResetType    
00004dd3  SysCtl_enableGlitchFilter                  
00004ddf  SysCtl_disableGlitchFilter                 
00004deb  SysCtl_getTempCalibrationConstant          
00004e31  main                                       
00004f97  PORT1_IRQHandler                           
00004ff5  PORT2_IRQHandler                           
0000506d  __aeabi_uldivmod                           
00005261  __aeabi_dsub                               
0000526b  __aeabi_dadd                               
00005417  __aeabi_ddiv                               
0000554d  Graphics_drawPixelOnDisplay                
00005577  Graphics_drawMultiplePixelsOnDisplay       
000055bb  Graphics_drawHorizontalLineOnDisplay       
000055ef  Graphics_drawVerticalLineOnDisplay         
00005623  Graphics_fillRectangleOnDisplay            
00005641  Graphics_translateColorOnDisplay           
00005657  Graphics_flushOnDisplay                    
00005669  Graphics_clearDisplayOnDisplay             
00005681  _Dscale                                    
00005791  __aeabi_dmul                               
0000588d  _Dnorm                                     
0000594d  HAL_LCD_PortInit                           
0000597d  HAL_LCD_SpiInit                            
000059b3  HAL_LCD_writeCommand                       
000059e1  HAL_LCD_writeData                          
00005a09  __aeabi_memcpy                             
00005a09  __aeabi_memcpy4                            
00005a09  __aeabi_memcpy8                            
00005a09  memcpy                                     
00005aa5  __aeabi_cdcmpeq                            
00005aa5  __aeabi_cdcmple                            
00005b2b  __aeabi_cdrcmple                           
00005bb1  __aeabi_memclr                             
00005bb1  __aeabi_memclr4                            
00005bb1  __aeabi_memclr8                            
00005bb3  __aeabi_memset                             
00005bb3  __aeabi_memset4                            
00005bb3  __aeabi_memset8                            
00005bb9  memset                                     
00005c2d  __TI_auto_init                             
00005d03  _Dunscale                                  
00005d69  sprintf                                    
00005dc9  ltoa                                       
00005e1f  ldexp                                      
00005e71  _c_int00                                   
00005ec1  atoi                                       
00005f0d  copy_in                                    
00005f59  __aeabi_d2iz                               
00005fa1  C$$EXIT                                    
00005fa5  abort                                      
00005fad  exit                                       
00005fe5  signal                                     
00006025  CPU_cpsid                                  
00006031  CPU_primask                                
0000603b  CPU_cpsie                                  
00006047  CPU_wfi                                    
0000604b  CPU_basepriSet                             
00006059  CPU_basepriGet                             
00006065  feraiseexcept                              
00006099  _Dclass                                    
000060c9  _Feraise                                   
000060f9  __aeabi_i2d                                
00006127  raise                                      
00006155  frexp                                      
0000617f  memccpy                                    
0000619d  _args_main                                 
000061b5  strchr                                     
000061cd  _register_unlock                           
000061d3  _register_lock                             
000061db  _nop                                       
000061e1  strlen                                     
00006207  __TI_decompress_none                       
00006215  __TI_zero_init                             
00006221  __TI_decompress_rle24                      
00006227  _system_pre_init                           
00006524  _ctypes_                                   
00006628  g_sFontFixed6x8                            
00006780  g_sCrystalfontz128x128                     
00006864  __TI_Handler_Table_Base                    
00006870  __TI_Handler_Table_Limit                   
00006880  __TI_CINIT_Base                            
00006898  __TI_CINIT_Limit                           
20000000  g_pfnRAMVectors                            
20000198  _Denorm                                    
200001a8  _Eps                                       
200001b8  _Hugeval                                   
200001c8  _Inf                                       
200001d8  _Nan                                       
200001e8  _Snan                                      
200001f8  _Rteps                                     
20000208  _Xbig                                      
20000210  _Zero                                      
20000248  _lock                                      
2000024c  _unlock                                    
20000250  __TI_cleanup_ptr                           
20000254  __TI_dtors_ptr                             
20000258  _Fenv                                      
2000025c  _Tls_setup__Fenv                           
20000260  _Errno                                     
20000264  main_func_sp                               
20000268  SystemCoreClock                            
2000026c  FallingEdges                               
20000278  Lcd_ScreenHeigth                           
2000027a  Lcd_ScreenWidth                            
2000027c  Lcd_TouchTrim                              
2000027e  Lcd_FlagRead                               
2000027f  Lcd_FontSolid                              
20000280  Lcd_Orientation                            
20000281  Lcd_PenSolid                               
2000fe00  __stack                                    
20010000  __STACK_END                                
4000480c  WDTCTL_SYM                                 
ffffffff  __binit__                                  
ffffffff  __c_args__                                 
ffffffff  binit                                      
UNDEFED   SHT$$INIT_ARRAY$$Base                      
UNDEFED   SHT$$INIT_ARRAY$$Limit                     

[289 symbols]
