******************************************************************************
                  TI ARM Linker PC v5.2.7                      
******************************************************************************
>> Linked Tue May 03 15:11:19 2016

OUTPUT FILE NAME:   <Final2.out>
ENTRY POINT SYMBOL: "_c_int00"  address: 000007a9


MEMORY CONFIGURATION

         name            origin    length      used     unused   attr    fill
----------------------  --------  ---------  --------  --------  ----  --------
  MAIN                  00000000   00040000  00000902  0003f6fe  R  X
  INFO                  00200000   00004000  00000000  00004000  R  X
  SRAM_CODE             01000000   00010000  00000000  00010000  RW X
  SRAM_DATA             20000000   00010000  00000218  0000fde8  RW  


SEGMENT ALLOCATION MAP

run origin  load origin   length   init length attrs members
----------  ----------- ---------- ----------- ----- -------
00000000    00000000    00000904   00000904    r-x
  00000000    00000000    00000140   00000140    r-- .intvecs
  00000140    00000140    0000079e   0000079e    r-x .text
  000008e0    000008e0    00000024   00000024    r-- .cinit
20000000    20000000    00000018   00000000    rw-
  20000000    20000000    00000018   00000000    rw- .data
2000fe00    2000fe00    00000200   00000000    rw-
  2000fe00    2000fe00    00000200   00000000    rw- .stack


SECTION ALLOCATION MAP

 output                                  attributes/
section   page    origin      length       input sections
--------  ----  ----------  ----------   ----------------
.intvecs   0    00000000    00000140     
                  00000000    00000140     startup_msp432p401r_ccs.obj (.intvecs:retain)

.text      0    00000140    0000079e     
                  00000140    00000328     system_msp432p401r.obj (.text)
                  00000468    000000f8     main.obj (.text)
                  00000560    0000009c     rtsv7M4_T_le_v4SPD16_eabi.lib : memcpy_t2.obj (.text)
                  000005fc    0000007a                                   : memset_t2.obj (.text)
                  00000676    00000002     --HOLE-- [fill = 0]
                  00000678    0000006c                                   : autoinit.obj (.text)
                  000006e4    0000006a                                   : copy_decompress_rle.obj (.text)
                  0000074e    00000002     --HOLE-- [fill = 0]
                  00000750    00000058     mySysTick.obj (.text)
                  000007a8    00000050     rtsv7M4_T_le_v4SPD16_eabi.lib : boot.obj (.text)
                  000007f8    0000004c                                   : cpy_tbl.obj (.text)
                  00000844    00000044                                   : exit.obj (.text)
                  00000888    00000018                                   : args_main.obj (.text)
                  000008a0    00000014                                   : _lock.obj (.text)
                  000008b4    00000012     startup_msp432p401r_ccs.obj (.text)
                  000008c6    0000000e     rtsv7M4_T_le_v4SPD16_eabi.lib : copy_decompress_none.obj (.text:decompress:none)
                  000008d4    00000006                                   : copy_decompress_rle.obj (.text:decompress:rle24)
                  000008da    00000004                                   : pre_init.obj (.text)

.cinit     0    000008e0    00000024     
                  000008e0    00000013     (.cinit..data.load) [load image, compression = rle]
                  000008f3    00000001     --HOLE-- [fill = 0]
                  000008f4    00000008     (__TI_handler_table)
                  000008fc    00000008     (__TI_cinit_table)

.init_array 
*          0    00000000    00000000     UNINITIALIZED

.data      0    20000000    00000018     UNINITIALIZED
                  20000000    00000008     rtsv7M4_T_le_v4SPD16_eabi.lib : _lock.obj (.data)
                  20000008    00000008                                   : exit.obj (.data)
                  20000010    00000004                                   : stkdepth_vars.obj (.data)
                  20000014    00000004     system_msp432p401r.obj (.data)

.TI.persistent 
*          0    20000000    00000000     UNINITIALIZED

.stack     0    2000fe00    00000200     UNINITIALIZED
                  2000fe00    00000200     --HOLE--


LINKER GENERATED COPY TABLES

__TI_cinit_table @ 000008fc records: 1, size/record: 8, table size: 8
	.data: load addr=000008e0, load size=00000013 bytes, run addr=20000000, run size=00000018 bytes, compression=rle


LINKER GENERATED HANDLER TABLE

__TI_handler_table @ 000008f4 records: 2, size/record: 4, table size: 8
	index: 0, handler: __TI_decompress_rle24
	index: 1, handler: __TI_decompress_none


GLOBAL SYMBOLS: SORTED ALPHABETICALLY BY Name 

address   name                    
-------   ----                    
00000845  C$$EXIT                 
UNDEFED   SHT$$INIT_ARRAY$$Base   
UNDEFED   SHT$$INIT_ARRAY$$Limit  
00000789  SysTickWait6s           
00000751  SysTick_Init            
20000014  SystemCoreClock         
00000141  SystemCoreClockUpdate   
000003b5  SystemInit              
4000480c  WDTCTL_SYM              
20010000  __STACK_END             
00000200  __STACK_SIZE            
000008fc  __TI_CINIT_Base         
00000904  __TI_CINIT_Limit        
000008f4  __TI_Handler_Table_Base 
000008fc  __TI_Handler_Table_Limit
00000679  __TI_auto_init          
20000008  __TI_cleanup_ptr        
000008c7  __TI_decompress_none    
000008d5  __TI_decompress_rle24   
2000000c  __TI_dtors_ptr          
00000000  __TI_static_base__      
000005fd  __aeabi_memclr          
000005fd  __aeabi_memclr4         
000005fd  __aeabi_memclr8         
00000561  __aeabi_memcpy          
00000561  __aeabi_memcpy4         
00000561  __aeabi_memcpy8         
000005ff  __aeabi_memset          
000005ff  __aeabi_memset4         
000005ff  __aeabi_memset8         
ffffffff  __binit__               
ffffffff  __c_args__              
2000fe00  __stack                 
00000889  _args_main              
000007a9  _c_int00                
20000000  _lock                   
000008af  _nop                    
000008a7  _register_lock          
000008a1  _register_unlock        
000008db  _system_pre_init        
20000004  _unlock                 
00000849  abort                   
ffffffff  binit                   
000007f9  copy_in                 
0000052d  debounce                
00000851  exit                    
00000000  interruptVectors        
00000469  main                    
20000010  main_func_sp            
00000561  memcpy                  
00000605  memset                  


GLOBAL SYMBOLS: SORTED BY Symbol Address 

address   name                    
-------   ----                    
00000000  __TI_static_base__      
00000000  interruptVectors        
00000141  SystemCoreClockUpdate   
00000200  __STACK_SIZE            
000003b5  SystemInit              
00000469  main                    
0000052d  debounce                
00000561  __aeabi_memcpy          
00000561  __aeabi_memcpy4         
00000561  __aeabi_memcpy8         
00000561  memcpy                  
000005fd  __aeabi_memclr          
000005fd  __aeabi_memclr4         
000005fd  __aeabi_memclr8         
000005ff  __aeabi_memset          
000005ff  __aeabi_memset4         
000005ff  __aeabi_memset8         
00000605  memset                  
00000679  __TI_auto_init          
00000751  SysTick_Init            
00000789  SysTickWait6s           
000007a9  _c_int00                
000007f9  copy_in                 
00000845  C$$EXIT                 
00000849  abort                   
00000851  exit                    
00000889  _args_main              
000008a1  _register_unlock        
000008a7  _register_lock          
000008af  _nop                    
000008c7  __TI_decompress_none    
000008d5  __TI_decompress_rle24   
000008db  _system_pre_init        
000008f4  __TI_Handler_Table_Base 
000008fc  __TI_CINIT_Base         
000008fc  __TI_Handler_Table_Limit
00000904  __TI_CINIT_Limit        
20000000  _lock                   
20000004  _unlock                 
20000008  __TI_cleanup_ptr        
2000000c  __TI_dtors_ptr          
20000010  main_func_sp            
20000014  SystemCoreClock         
2000fe00  __stack                 
20010000  __STACK_END             
4000480c  WDTCTL_SYM              
ffffffff  __binit__               
ffffffff  __c_args__              
ffffffff  binit                   
UNDEFED   SHT$$INIT_ARRAY$$Base   
UNDEFED   SHT$$INIT_ARRAY$$Limit  

[51 symbols]
