******************************************************************************
                  TI ARM Linker Unix v5.2.6                    
******************************************************************************
>> Linked Thu Mar  3 16:27:00 2016

OUTPUT FILE NAME:   <SysTickTimer.out>
ENTRY POINT SYMBOL: "_c_int00"  address: 00000389


MEMORY CONFIGURATION

         name            origin    length      used     unused   attr    fill
----------------------  --------  ---------  --------  --------  ----  --------
  MAIN                  00000000   00040000  0000053c  0003fac4  R  X
  INFO                  00200000   00004000  00000000  00004000  R  X
  SRAM_CODE             01000000   00010000  00000000  00010000  RW X
  SRAM_DATA             20000000   00010000  00000214  0000fdec  RW  


SEGMENT ALLOCATION MAP

run origin  load origin   length   init length attrs members
----------  ----------- ---------- ----------- ----- -------
00000000    00000000    00000540   00000540    r-x
  00000000    00000000    00000140   00000140    r-- .intvecs
  00000140    00000140    000003dc   000003dc    r-x .text
  00000520    00000520    00000020   00000020    r-- .cinit
20000000    20000000    00000014   00000000    rw-
  20000000    20000000    00000014   00000000    rw- .data
2000fe00    2000fe00    00000200   00000000    rw-
  2000fe00    2000fe00    00000200   00000000    rw- .stack


SECTION ALLOCATION MAP

 output                                  attributes/
section   page    origin      length       input sections
--------  ----  ----------  ----------   ----------------
.intvecs   0    00000000    00000140     
                  00000000    00000140     msp432_startup_ccs.obj (.intvecs:retain)

.text      0    00000140    000003dc     
                  00000140    0000009c     rtsv7M4_T_le_v4SPD16_eabi.lib : memcpy_t2.obj (.text)
                  000001dc    0000007a                                   : memset_t2.obj (.text)
                  00000256    00000002     --HOLE-- [fill = 0]
                  00000258    0000006c                                   : autoinit.obj (.text)
                  000002c4    0000006a                                   : copy_decompress_rle.obj (.text)
                  0000032e    00000002     --HOLE-- [fill = 0]
                  00000330    00000058     mySysTick.obj (.text)
                  00000388    00000050     rtsv7M4_T_le_v4SPD16_eabi.lib : boot.obj (.text)
                  000003d8    0000004c     main.obj (.text)
                  00000424    0000004c     rtsv7M4_T_le_v4SPD16_eabi.lib : cpy_tbl.obj (.text)
                  00000470    00000044                                   : exit.obj (.text)
                  000004b4    00000018     myToggle.obj (.text)
                  000004cc    00000018     rtsv7M4_T_le_v4SPD16_eabi.lib : args_main.obj (.text)
                  000004e4    00000014                                   : _lock.obj (.text)
                  000004f8    0000000e                                   : copy_decompress_none.obj (.text:decompress:none)
                  00000506    0000000c     msp432_startup_ccs.obj (.text)
                  00000512    00000006     rtsv7M4_T_le_v4SPD16_eabi.lib : copy_decompress_rle.obj (.text:decompress:rle24)
                  00000518    00000004                                   : pre_init.obj (.text)

.cinit     0    00000520    00000020     
                  00000520    0000000f     (.cinit..data.load) [load image, compression = rle]
                  0000052f    00000001     --HOLE-- [fill = 0]
                  00000530    00000008     (__TI_handler_table)
                  00000538    00000008     (__TI_cinit_table)

.init_array 
*          0    00000000    00000000     UNINITIALIZED

.data      0    20000000    00000014     UNINITIALIZED
                  20000000    00000008     rtsv7M4_T_le_v4SPD16_eabi.lib : _lock.obj (.data)
                  20000008    00000008                                   : exit.obj (.data)
                  20000010    00000004                                   : stkdepth_vars.obj (.data)

.stack     0    2000fe00    00000200     UNINITIALIZED
                  2000fe00    00000200     --HOLE--

.TI.persistent 
*          0    20000000    00000000     UNINITIALIZED


LINKER GENERATED COPY TABLES

__TI_cinit_table @ 00000538 records: 1, size/record: 8, table size: 8
	.data: load addr=00000520, load size=0000000f bytes, run addr=20000000, run size=00000014 bytes, compression=rle


LINKER GENERATED HANDLER TABLE

__TI_handler_table @ 00000530 records: 2, size/record: 4, table size: 8
	index: 0, handler: __TI_decompress_rle24
	index: 1, handler: __TI_decompress_none


GLOBAL SYMBOLS: SORTED ALPHABETICALLY BY Name 

address   name                    
-------   ----                    
00000471  C$$EXIT                 
UNDEFED   SHT$$INIT_ARRAY$$Base   
UNDEFED   SHT$$INIT_ARRAY$$Limit  
00000369  SysTickWait6s           
00000331  SysTick_Init            
4000480c  WDTCTL_SYM              
20010000  __STACK_END             
00000200  __STACK_SIZE            
00000538  __TI_CINIT_Base         
00000540  __TI_CINIT_Limit        
00000530  __TI_Handler_Table_Base 
00000538  __TI_Handler_Table_Limit
00000259  __TI_auto_init          
20000008  __TI_cleanup_ptr        
000004f9  __TI_decompress_none    
00000513  __TI_decompress_rle24   
2000000c  __TI_dtors_ptr          
00000000  __TI_static_base__      
000001dd  __aeabi_memclr          
000001dd  __aeabi_memclr4         
000001dd  __aeabi_memclr8         
00000141  __aeabi_memcpy          
00000141  __aeabi_memcpy4         
00000141  __aeabi_memcpy8         
000001df  __aeabi_memset          
000001df  __aeabi_memset4         
000001df  __aeabi_memset8         
ffffffff  __binit__               
ffffffff  __c_args__              
2000fe00  __stack                 
000004cd  _args_main              
00000389  _c_int00                
20000000  _lock                   
000004f3  _nop                    
000004eb  _register_lock          
000004e5  _register_unlock        
00000519  _system_pre_init        
20000004  _unlock                 
00000475  abort                   
ffffffff  binit                   
000003f3  blinkLed                
00000425  copy_in                 
0000047d  exit                    
00000000  interruptVectors        
000003d9  main                    
20000010  main_func_sp            
00000141  memcpy                  
000001e5  memset                  
000003ff  myDelay                 
000004bf  myToggle                


GLOBAL SYMBOLS: SORTED BY Symbol Address 

address   name                    
-------   ----                    
00000000  __TI_static_base__      
00000000  interruptVectors        
00000141  __aeabi_memcpy          
00000141  __aeabi_memcpy4         
00000141  __aeabi_memcpy8         
00000141  memcpy                  
000001dd  __aeabi_memclr          
000001dd  __aeabi_memclr4         
000001dd  __aeabi_memclr8         
000001df  __aeabi_memset          
000001df  __aeabi_memset4         
000001df  __aeabi_memset8         
000001e5  memset                  
00000200  __STACK_SIZE            
00000259  __TI_auto_init          
00000331  SysTick_Init            
00000369  SysTickWait6s           
00000389  _c_int00                
000003d9  main                    
000003f3  blinkLed                
000003ff  myDelay                 
00000425  copy_in                 
00000471  C$$EXIT                 
00000475  abort                   
0000047d  exit                    
000004bf  myToggle                
000004cd  _args_main              
000004e5  _register_unlock        
000004eb  _register_lock          
000004f3  _nop                    
000004f9  __TI_decompress_none    
00000513  __TI_decompress_rle24   
00000519  _system_pre_init        
00000530  __TI_Handler_Table_Base 
00000538  __TI_CINIT_Base         
00000538  __TI_Handler_Table_Limit
00000540  __TI_CINIT_Limit        
20000000  _lock                   
20000004  _unlock                 
20000008  __TI_cleanup_ptr        
2000000c  __TI_dtors_ptr          
20000010  main_func_sp            
2000fe00  __stack                 
20010000  __STACK_END             
4000480c  WDTCTL_SYM              
ffffffff  __binit__               
ffffffff  __c_args__              
ffffffff  binit                   
UNDEFED   SHT$$INIT_ARRAY$$Base   
UNDEFED   SHT$$INIT_ARRAY$$Limit  

[50 symbols]
