******************************************************************************
                  TI ARM Linker Unix v5.2.6                    
******************************************************************************
>> Linked Thu Mar 10 17:29:39 2016

OUTPUT FILE NAME:   <groupProject.out>
ENTRY POINT SYMBOL: "_c_int00"  address: 00000721


MEMORY CONFIGURATION

         name            origin    length      used     unused   attr    fill
----------------------  --------  ---------  --------  --------  ----  --------
  MAIN                  00000000   00040000  000008e8  0003f718  R  X
  INFO                  00200000   00004000  00000000  00004000  R  X
  SRAM_CODE             01000000   00010000  00000000  00010000  RW X
  SRAM_DATA             20000000   00010000  00000218  0000fde8  RW  


SEGMENT ALLOCATION MAP

run origin  load origin   length   init length attrs members
----------  ----------- ---------- ----------- ----- -------
00000000    00000000    000008e8   000008e8    r-x
  00000000    00000000    00000140   00000140    r-- .intvecs
  00000140    00000140    00000788   00000788    r-x .text
  000008c8    000008c8    00000020   00000020    r-- .cinit
20000000    20000000    00000018   00000000    rw-
  20000000    20000000    00000018   00000000    rw- .data
2000fe00    2000fe00    00000200   00000000    rw-
  2000fe00    2000fe00    00000200   00000000    rw- .stack


SECTION ALLOCATION MAP

 output                                  attributes/
section   page    origin      length       input sections
--------  ----  ----------  ----------   ----------------
.intvecs   0    00000000    00000140     
                  00000000    00000140     msp432_startup_ccs.obj (.intvecs:retain)

.text      0    00000140    00000788     
                  00000140    000001c0     main.obj (.text)
                  00000300    00000136     rtsv7M4_T_le_v4SPD16_eabi.lib : fd_div_t2.obj (.text)
                  00000436    000000fc                                   : fd_mul_t2.obj (.text)
                  00000532    0000009c                                   : memcpy_t2.obj (.text)
                  000005ce    0000007a                                   : memset_t2.obj (.text)
                  00000648    0000006c                                   : autoinit.obj (.text)
                  000006b4    0000006a                                   : copy_decompress_rle.obj (.text)
                  0000071e    00000002     --HOLE-- [fill = 0]
                  00000720    00000050                                   : boot.obj (.text)
                  00000770    0000004c                                   : cpy_tbl.obj (.text)
                  000007bc    00000048                                   : fd_toi_t2.obj (.text)
                  00000804    00000044                                   : exit.obj (.text)
                  00000848    0000002e                                   : i_tofd_t2.obj (.text)
                  00000876    00000002     --HOLE-- [fill = 0]
                  00000878    00000018                                   : args_main.obj (.text)
                  00000890    00000014                                   : _lock.obj (.text)
                  000008a4    0000000e                                   : copy_decompress_none.obj (.text:decompress:none)
                  000008b2    0000000c     msp432_startup_ccs.obj (.text)
                  000008be    00000006     rtsv7M4_T_le_v4SPD16_eabi.lib : copy_decompress_rle.obj (.text:decompress:rle24)
                  000008c4    00000004                                   : pre_init.obj (.text)

.cinit     0    000008c8    00000020     
                  000008c8    0000000f     (.cinit..data.load) [load image, compression = rle]
                  000008d7    00000001     --HOLE-- [fill = 0]
                  000008d8    00000008     (__TI_handler_table)
                  000008e0    00000008     (__TI_cinit_table)

.init_array 
*          0    00000000    00000000     UNINITIALIZED

.data      0    20000000    00000018     UNINITIALIZED
                  20000000    00000008     rtsv7M4_T_le_v4SPD16_eabi.lib : _lock.obj (.data)
                  20000008    00000008                                   : exit.obj (.data)
                  20000010    00000004     main.obj (.data)
                  20000014    00000004     rtsv7M4_T_le_v4SPD16_eabi.lib : stkdepth_vars.obj (.data)

.stack     0    2000fe00    00000200     UNINITIALIZED
                  2000fe00    00000200     --HOLE--

.TI.persistent 
*          0    20000000    00000000     UNINITIALIZED


LINKER GENERATED COPY TABLES

__TI_cinit_table @ 000008e0 records: 1, size/record: 8, table size: 8
	.data: load addr=000008c8, load size=0000000f bytes, run addr=20000000, run size=00000018 bytes, compression=rle


LINKER GENERATED HANDLER TABLE

__TI_handler_table @ 000008d8 records: 2, size/record: 4, table size: 8
	index: 0, handler: __TI_decompress_rle24
	index: 1, handler: __TI_decompress_none


GLOBAL SYMBOLS: SORTED ALPHABETICALLY BY Name 

address   name                    
-------   ----                    
00000805  C$$EXIT                 
UNDEFED   SHT$$INIT_ARRAY$$Base   
UNDEFED   SHT$$INIT_ARRAY$$Limit  
00000223  SysTick_Init            
4000480c  WDTCTL_SYM              
20010000  __STACK_END             
00000200  __STACK_SIZE            
000008e0  __TI_CINIT_Base         
000008e8  __TI_CINIT_Limit        
000008d8  __TI_Handler_Table_Base 
000008e0  __TI_Handler_Table_Limit
00000649  __TI_auto_init          
20000008  __TI_cleanup_ptr        
000008a5  __TI_decompress_none    
000008bf  __TI_decompress_rle24   
2000000c  __TI_dtors_ptr          
00000000  __TI_static_base__      
000007bd  __aeabi_d2iz            
00000301  __aeabi_ddiv            
00000437  __aeabi_dmul            
00000849  __aeabi_i2d             
000005cf  __aeabi_memclr          
000005cf  __aeabi_memclr4         
000005cf  __aeabi_memclr8         
00000533  __aeabi_memcpy          
00000533  __aeabi_memcpy4         
00000533  __aeabi_memcpy8         
000005d1  __aeabi_memset          
000005d1  __aeabi_memset4         
000005d1  __aeabi_memset8         
ffffffff  __binit__               
ffffffff  __c_args__              
2000fe00  __stack                 
00000879  _args_main              
00000721  _c_int00                
20000000  _lock                   
0000089f  _nop                    
00000897  _register_lock          
00000891  _register_unlock        
000008c5  _system_pre_init        
20000004  _unlock                 
00000809  abort                   
ffffffff  binit                   
00000771  copy_in                 
00000269  debounce                
00000811  exit                    
00000000  interruptVectors        
00000141  main                    
20000014  main_func_sp            
00000533  memcpy                  
000005d7  memset                  


GLOBAL SYMBOLS: SORTED BY Symbol Address 

address   name                    
-------   ----                    
00000000  __TI_static_base__      
00000000  interruptVectors        
00000141  main                    
00000200  __STACK_SIZE            
00000223  SysTick_Init            
00000269  debounce                
00000301  __aeabi_ddiv            
00000437  __aeabi_dmul            
00000533  __aeabi_memcpy          
00000533  __aeabi_memcpy4         
00000533  __aeabi_memcpy8         
00000533  memcpy                  
000005cf  __aeabi_memclr          
000005cf  __aeabi_memclr4         
000005cf  __aeabi_memclr8         
000005d1  __aeabi_memset          
000005d1  __aeabi_memset4         
000005d1  __aeabi_memset8         
000005d7  memset                  
00000649  __TI_auto_init          
00000721  _c_int00                
00000771  copy_in                 
000007bd  __aeabi_d2iz            
00000805  C$$EXIT                 
00000809  abort                   
00000811  exit                    
00000849  __aeabi_i2d             
00000879  _args_main              
00000891  _register_unlock        
00000897  _register_lock          
0000089f  _nop                    
000008a5  __TI_decompress_none    
000008bf  __TI_decompress_rle24   
000008c5  _system_pre_init        
000008d8  __TI_Handler_Table_Base 
000008e0  __TI_CINIT_Base         
000008e0  __TI_Handler_Table_Limit
000008e8  __TI_CINIT_Limit        
20000000  _lock                   
20000004  _unlock                 
20000008  __TI_cleanup_ptr        
2000000c  __TI_dtors_ptr          
20000014  main_func_sp            
2000fe00  __stack                 
20010000  __STACK_END             
4000480c  WDTCTL_SYM              
ffffffff  __binit__               
ffffffff  __c_args__              
ffffffff  binit                   
UNDEFED   SHT$$INIT_ARRAY$$Base   
UNDEFED   SHT$$INIT_ARRAY$$Limit  

[51 symbols]
