******************************************************************************
                  TI ARM Linker Unix v5.2.7                    
******************************************************************************
>> Linked Tue Apr  5 15:50:30 2016

OUTPUT FILE NAME:   <BOOSTXL-EDUMKII_Temperature_MSP432P401R.out>
ENTRY POINT SYMBOL: "_c_int00"  address: 0000704d


MEMORY CONFIGURATION

         name            origin    length      used     unused   attr    fill
----------------------  --------  ---------  --------  --------  ----  --------
  MAIN                  00000000   00040000  00007bae  00038452  R  X
  INFO                  00200000   00004000  00000000  00004000  R  X
  SRAM_CODE             01000000   00010000  00000000  00010000  RW X
  SRAM_DATA             20000000   00010000  0000050a  0000faf6  RW  


SEGMENT ALLOCATION MAP

run origin  load origin   length   init length attrs members
----------  ----------- ---------- ----------- ----- -------
00000000    00000000    00007bb0   00007bb0    r-x
  00000000    00000000    00000140   00000140    r-- .intvecs
  00000140    00000140    00007316   00007316    r-x .text
  00007458    00007458    00000688   00000688    r-- .const
  00007ae0    00007ae0    000000d0   000000d0    r-- .cinit
20000000    20000000    0000030e   00000000    rw-
  20000000    20000000    000000e4   00000000    rw- .vtable
  200000e8    200000e8    000001f4   00000000    rw- .data
  200002dc    200002dc    00000032   00000000    rw- .bss
2000fe00    2000fe00    00000200   00000000    rw-
  2000fe00    2000fe00    00000200   00000000    rw- .stack


SECTION ALLOCATION MAP

 output                                  attributes/
section   page    origin      length       input sections
--------  ----  ----------  ----------   ----------------
.intvecs   0    00000000    00000140     
                  00000000    00000140     startup_msp432p401r_ccs.obj (.intvecs:retain)

.text      0    00000140    00007316     
                  00000140    000010ba     rtsv7M4_T_le_v4SPD16_eabi.lib : _printfi.obj (.text)
                  000011fa    00000002     --HOLE-- [fill = 0]
                  000011fc    00000d7c     cs.obj (.text)
                  00001f78    000008a4     spi.obj (.text)
                  0000281c    000007a8     i2c.obj (.text)
                  00002fc4    00000678     Crystalfontz128x128_ST7735.obj (.text)
                  0000363c    00000630     string.obj (.text)
                  00003c6c    00000498     rtsv7M4_T_le_v4SPD16_eabi.lib : pow.obj (.text)
                  00004104    00000490     line.obj (.text)
                  00004594    00000480     gpio.obj (.text)
                  00004a14    00000408     HAL_TMP006.obj (.text)
                  00004e1c    000003f0     interrupt.obj (.text)
                  0000520c    00000328     system_msp432p401r.obj (.text)
                  00005534    000002ec     rtsv7M4_T_le_v4SPD16_eabi.lib : xlog.obj (.text)
                  00005820    00000266     context.obj (.text)
                  00005a86    00000002     --HOLE-- [fill = 0]
                  00005a88    00000244     sysctl.obj (.text)
                  00005ccc    000001fc     rtsv7M4_T_le_v4SPD16_eabi.lib : xexp.obj (.text)
                  00005ec8    000001f4                                   : ull_div_t2.obj (.text)
                  000060bc    000001b6                                   : fd_add_t2.obj (.text)
                  00006272    00000002     --HOLE-- [fill = 0]
                  00006274    00000138     main.obj (.text)
                  000063ac    00000136     rtsv7M4_T_le_v4SPD16_eabi.lib : fd_div_t2.obj (.text)
                  000064e2    00000134     display.obj (.text)
                  00006616    00000002     --HOLE-- [fill = 0]
                  00006618    00000118     HAL_I2C.obj (.text)
                  00006730    00000110     rtsv7M4_T_le_v4SPD16_eabi.lib : xdscale.obj (.text)
                  00006840    000000fc                                   : fd_mul_t2.obj (.text)
                  0000693c    000000c0                                   : xdint.obj (.text)
                  000069fc    000000be                                   : xdnorm.obj (.text)
                  00006aba    00000002     --HOLE-- [fill = 0]
                  00006abc    000000bc     HAL_MSP_EXP432P401R_Crystalfontz128x128_ST7735.obj (.text)
                  00006b78    0000009c     rtsv7M4_T_le_v4SPD16_eabi.lib : memcpy_t2.obj (.text)
                  00006c14    00000086                                   : fd_cmp_t2.obj (.text:__aeabi_cdcmple)
                  00006c9a    00000086                                   : fd_cmp_t2.obj (.text:__aeabi_cdrcmple)
                  00006d20    0000007a                                   : memset_t2.obj (.text)
                  00006d9a    0000006e                                   : fd_tos_t2.obj (.text)
                  00006e08    0000006c                                   : autoinit.obj (.text)
                  00006e74    0000006a                                   : copy_decompress_rle.obj (.text)
                  00006ede    00000066                                   : xdunscal.obj (.text)
                  00006f44    00000060                                   : sprintf.obj (.text)
                  00006fa4    00000056                                   : ltoa.obj (.text)
                  00006ffa    00000052                                   : ldexp.obj (.text)
                  0000704c    00000050                                   : boot.obj (.text)
                  0000709c    0000004c                                   : atoi.obj (.text)
                  000070e8    0000004c                                   : cpy_tbl.obj (.text)
                  00007134    00000048                                   : fd_toi_t2.obj (.text)
                  0000717c    00000044                                   : exit.obj (.text)
                  000071c0    00000040                                   : signal.obj (.text)
                  00007200    0000003e     cpu.obj (.text)
                  0000723e    00000038     rtsv7M4_T_le_v4SPD16_eabi.lib : fs_tod_t2.obj (.text)
                  00007276    00000002     --HOLE-- [fill = 0]
                  00007278    00000034                                   : feraiseexcept.obj (.text)
                  000072ac    00000030                                   : xdclass.obj (.text)
                  000072dc    00000030                                   : xferaise.obj (.text)
                  0000730c    0000002e                                   : i_tofd_t2.obj (.text)
                  0000733a    0000002e                                   : raise.obj (.text)
                  00007368    0000002a                                   : frexp.obj (.text)
                  00007392    0000001c                                   : memccpy.obj (.text)
                  000073ae    0000001a                                   : log.obj (.text)
                  000073c8    00000018                                   : args_main.obj (.text)
                  000073e0    00000016                                   : strchr.obj (.text)
                  000073f6    00000002     --HOLE-- [fill = 0]
                  000073f8    00000014                                   : _lock.obj (.text)
                  0000740c    00000014                                   : strlen.obj (.text)
                  00007420    00000012     startup_msp432p401r_ccs.obj (.text)
                  00007432    0000000e     rtsv7M4_T_le_v4SPD16_eabi.lib : copy_decompress_none.obj (.text:decompress:none)
                  00007440    0000000c                                   : copy_zero_init.obj (.text:decompress:ZI)
                  0000744c    00000006                                   : copy_decompress_rle.obj (.text:decompress:rle24)
                  00007452    00000004                                   : pre_init.obj (.text)

.const     0    00007458    00000688     
                  00007458    000002f8     fontfixed6x8.obj (.const:.string:g_pucFontFixed6x8Data)
                  00007750    00000101     rtsv7M4_T_le_v4SPD16_eabi.lib : ctype.obj (.const:.string:_ctypes_)
                  00007851    00000003     --HOLE-- [fill = 0]
                  00007854    000000c8     fontfixed6x8.obj (.const:g_sFontFixed6x8)
                  0000791c    00000050     interrupt.obj (.const:g_pulRegs)
                  0000796c    00000004     --HOLE-- [fill = 0]
                  00007970    00000048     rtsv7M4_T_le_v4SPD16_eabi.lib : xexp.obj (.const)
                  000079b8    00000040     interrupt.obj (.const)
                  000079f8    00000038     rtsv7M4_T_le_v4SPD16_eabi.lib : xlog.obj (.const:p)
                  00007a30    00000030                                   : xdint.obj (.const)
                  00007a60    0000002c     Crystalfontz128x128_ST7735.obj (.const:g_sCrystalfontz128x128)
                  00007a8c    0000001c     HAL_MSP_EXP432P401R_Crystalfontz128x128_ST7735.obj (.const)
                  00007aa8    0000001c     gpio.obj (.const)
                  00007ac4    00000014     HAL_I2C.obj (.const)
                  00007ad8    00000008     Crystalfontz128x128_ST7735.obj (.const)

.cinit     0    00007ae0    000000d0     
                  00007ae0    00000095     (.cinit..data.load) [load image, compression = rle]
                  00007b75    00000003     --HOLE-- [fill = 0]
                  00007b78    0000000c     (__TI_handler_table)
                  00007b84    00000004     --HOLE-- [fill = 0]
                  00007b88    00000008     (.cinit..bss.load) [load image, compression = zero_init]
                  00007b90    00000008     (.cinit..vtable.load) [load image, compression = zero_init]
                  00007b98    00000018     (__TI_cinit_table)

.init_array 
*          0    00000000    00000000     UNINITIALIZED

.vtable    0    20000000    000000e4     UNINITIALIZED
                  20000000    000000e4     interrupt.obj (.vtable)

.data      0    200000e8    000001f4     UNINITIALIZED
                  200000e8    000000b0     rtsv7M4_T_le_v4SPD16_eabi.lib : signal.obj (.data:sigtable)
                  20000198    00000080                                   : xvalues.obj (.data)
                  20000218    00000068                                   : xfvalues.obj (.data)
                  20000280    00000030     gpio.obj (.data:GPIO_PORT_TO_BASE)
                  200002b0    00000008     HAL_TMP006.obj (.data)
                  200002b8    00000008     rtsv7M4_T_le_v4SPD16_eabi.lib : _lock.obj (.data)
                  200002c0    00000008                                   : exit.obj (.data)
                  200002c8    00000008                                   : feraiseexcept.obj (.data)
                  200002d0    00000004                                   : errno.obj (.data)
                  200002d4    00000004                                   : stkdepth_vars.obj (.data)
                  200002d8    00000004     system_msp432p401r.obj (.data)

.bss       0    200002dc    00000032     UNINITIALIZED
                  200002dc    0000001c     (.common:g_sContext)
                  200002f8    00000004     (.common:hfxtFreq)
                  200002fc    00000004     (.common:lfxtFreq)
                  20000300    00000004     (.common:temp)
                  20000304    00000002     (.common:Lcd_ScreenHeigth)
                  20000306    00000002     (.common:Lcd_ScreenWidth)
                  20000308    00000002     (.common:Lcd_TouchTrim)
                  2000030a    00000001     (.common:Lcd_FlagRead)
                  2000030b    00000001     (.common:Lcd_FontSolid)
                  2000030c    00000001     (.common:Lcd_Orientation)
                  2000030d    00000001     (.common:Lcd_PenSolid)

.TI.persistent 
*          0    200000e8    00000000     UNINITIALIZED

.TI.noinit 
*          0    200002dc    00000000     UNINITIALIZED

.stack     0    2000fe00    00000200     UNINITIALIZED
                  2000fe00    00000200     --HOLE--


LINKER GENERATED COPY TABLES

__TI_cinit_table @ 00007b98 records: 3, size/record: 8, table size: 24
	.data: load addr=00007ae0, load size=00000095 bytes, run addr=200000e8, run size=000001f4 bytes, compression=rle
	.bss: load addr=00007b88, load size=00000008 bytes, run addr=200002dc, run size=00000032 bytes, compression=zero_init
	.vtable: load addr=00007b90, load size=00000008 bytes, run addr=20000000, run size=000000e4 bytes, compression=zero_init


LINKER GENERATED HANDLER TABLE

__TI_handler_table @ 00007b78 records: 3, size/record: 4, table size: 12
	index: 0, handler: __TI_zero_init
	index: 1, handler: __TI_decompress_rle24
	index: 2, handler: __TI_decompress_none


GLOBAL SYMBOLS: SORTED ALPHABETICALLY BY Name 

address   name                                       
-------   ----                                       
0000717d  C$$EXIT                                    
00007235  CPU_basepriGet                             
00007227  CPU_basepriSet                             
00007201  CPU_cpsid                                  
00007217  CPU_cpsie                                  
0000720d  CPU_primask                                
00007223  CPU_wfi                                    
00001efd  CS_clearInterruptFlag                      
000017a5  CS_disableClockRequest                     
0000188b  CS_disableDCOExternalResistor              
00001dd1  CS_disableFaultCounter                     
00001ebb  CS_disableInterrupt                        
0000177d  CS_enableClockRequest                      
000017ed  CS_enableDCOExternalResistor               
00001da5  CS_enableFaultCounter                      
00001e99  CS_enableInterrupt                         
00001d3d  CS_getACLK                                 
00001cfd  CS_getBCLK                                 
00001985  CS_getDCOFrequency                         
00001ee3  CS_getEnabledInterruptStatus               
00001d19  CS_getHSMCLK                               
00001edd  CS_getInterruptStatus                      
00001d83  CS_getMCLK                                 
00001d61  CS_getSMCLK                                
0000149d  CS_initClockSignal                         
00001f1f  CS_registerInterrupt                       
00001dfd  CS_resetFaultCounter                       
000018a9  CS_setDCOCenteredFrequency                 
00001815  CS_setDCOExternalResistorCalibration       
00001b25  CS_setDCOFrequency                         
00001461  CS_setExternalClockSourceFrequency         
000017c7  CS_setReferenceOscillatorFrequency         
00001e49  CS_startFaultCounter                       
000015a1  CS_startHFXT                               
000015c5  CS_startHFXTWithTimeout                    
00001689  CS_startLFXT                               
000016ad  CS_startLFXTWithTimeout                    
000018e1  CS_tuneDCOFrequency                        
00001f33  CS_unregisterInterrupt                     
00002fc5  Crystalfontz128x128_Init                   
000030d9  Crystalfontz128x128_SetDrawFrame           
00003207  Crystalfontz128x128_SetOrientation         
000026e7  EUSCI_A_SPI_changeClockPhasePolarity       
0000279b  EUSCI_A_SPI_clearInterruptFlag             
000027cb  EUSCI_A_SPI_disable                        
00002769  EUSCI_A_SPI_disableInterrupt               
000027b5  EUSCI_A_SPI_enable                         
0000274f  EUSCI_A_SPI_enableInterrupt                
00002783  EUSCI_A_SPI_getInterruptStatus             
000027e1  EUSCI_A_SPI_getReceiveBufferAddressForDMA  
000027ef  EUSCI_A_SPI_getTransmitBufferAddressForDMA 
000027fd  EUSCI_A_SPI_isBusy                         
00002667  EUSCI_A_SPI_masterChangeClock              
0000273f  EUSCI_A_SPI_receiveData                    
00002647  EUSCI_A_SPI_select4PinFunctionality        
0000269d  EUSCI_A_SPI_slaveInit                      
00002729  EUSCI_A_SPI_transmitData                   
00002519  EUSCI_B_SPI_changeClockPhasePolarity       
000025cd  EUSCI_B_SPI_clearInterruptFlag             
000025fd  EUSCI_B_SPI_disable                        
0000259b  EUSCI_B_SPI_disableInterrupt               
000025e7  EUSCI_B_SPI_enable                         
00002581  EUSCI_B_SPI_enableInterrupt                
000025b5  EUSCI_B_SPI_getInterruptStatus             
00002613  EUSCI_B_SPI_getReceiveBufferAddressForDMA  
00002621  EUSCI_B_SPI_getTransmitBufferAddressForDMA 
0000262f  EUSCI_B_SPI_isBusy                         
0000249d  EUSCI_B_SPI_masterChangeClock              
00002571  EUSCI_B_SPI_receiveData                    
0000247d  EUSCI_B_SPI_select4PinFunctionality        
000024cf  EUSCI_B_SPI_slaveInit                      
0000255b  EUSCI_B_SPI_transmitData                   
000048b7  GPIO_clearInterruptFlag                    
00004877  GPIO_disableInterrupt                      
00004855  GPIO_enableInterrupt                       
0000490f  GPIO_getEnabledInterruptStatus             
00004827  GPIO_getInputPinValue                      
00004899  GPIO_getInterruptStatus                    
000048d9  GPIO_interruptEdgeSelect                   
000049cf  GPIO_registerInterrupt                     
000045cf  GPIO_setAsInputPin                         
00004783  GPIO_setAsInputPinWithPullDownResistor     
000047d5  GPIO_setAsInputPinWithPullUpResistor       
00004595  GPIO_setAsOutputPin                        
00004699  GPIO_setAsPeripheralModuleFunctionInputPin 
00004615  GPIO_setAsPeripheralModuleFunctionOutputPin
0000498b  GPIO_setDriveStrengthHigh                  
000049ad  GPIO_setDriveStrengthLow                   
0000471d  GPIO_setOutputHighOnPin                    
0000473f  GPIO_setOutputLowOnPin                     
00004761  GPIO_toggleOutputOnPin                     
000049ef  GPIO_unregisterInterrupt                   
00005a0d  Graphics_clearDisplay                      
000065ff  Graphics_clearDisplayOnDisplay             
00006551  Graphics_drawHorizontalLineOnDisplay       
00004421  Graphics_drawLine                          
00004105  Graphics_drawLineH                         
000041a1  Graphics_drawLineV                         
0000650d  Graphics_drawMultiplePixelsOnDisplay       
00005a1f  Graphics_drawPixel                         
000064e3  Graphics_drawPixelOnDisplay                
00003777  Graphics_drawString                        
00003c05  Graphics_drawStringCentered                
00006585  Graphics_drawVerticalLineOnDisplay         
000065b9  Graphics_fillRectangleOnDisplay            
000059ff  Graphics_flushBuffer                       
000065ed  Graphics_flushOnDisplay                    
000059e1  Graphics_getDisplayHeight                  
000059d1  Graphics_getDisplayWidth                   
0000597f  Graphics_getFontBaseline                   
000059b5  Graphics_getFontHeight                     
000059c3  Graphics_getFontMaxWidth                   
000059f1  Graphics_getHeightOfDisplay                
00003bf5  Graphics_getStringBaseline                 
00003c4d  Graphics_getStringHeight                   
00003c5d  Graphics_getStringMaxWidth                 
0000367d  Graphics_getStringWidth                    
00005a79  Graphics_getWidthOfDisplay                 
00005821  Graphics_initContext                       
00005935  Graphics_setBackgroundColor                
0000594f  Graphics_setBackgroundColorTranslated      
0000586b  Graphics_setClipRegion                     
00005965  Graphics_setFont                           
0000598d  Graphics_setForegroundColor                
000059a3  Graphics_setForegroundColorTranslated      
000065d7  Graphics_translateColorOnDisplay           
00006abd  HAL_LCD_PortInit                           
00006aed  HAL_LCD_SpiInit                            
00006b23  HAL_LCD_writeCommand                       
00006b51  HAL_LCD_writeData                          
00002e7d  I2C_clearInterruptFlag                     
00002e67  I2C_disableInterrupt                       
000028cf  I2C_disableModule                          
00002e31  I2C_disableMultiMasterMode                 
00002e51  I2C_enableInterrupt                        
000028b9  I2C_enableModule                           
00002e11  I2C_enableMultiMasterMode                  
00002eab  I2C_getEnabledInterruptStatus              
00002e93  I2C_getInterruptStatus                     
00002ebb  I2C_getMode                                
00002db7  I2C_getReceiveBufferAddressForDMA          
00002dc5  I2C_getTransmitBufferAddressForDMA         
00006631  I2C_init                                   
0000281d  I2C_initMaster                             
0000287f  I2C_initSlave                              
00002973  I2C_isBusBusy                              
00002de5  I2C_masterIsStartSent                      
00002dd3  I2C_masterIsStopSent                       
00002cdd  I2C_masterReceiveMultiByteFinish           
00002d1b  I2C_masterReceiveMultiByteFinishWithTimeout
00002cc5  I2C_masterReceiveMultiByteNext             
00002d79  I2C_masterReceiveMultiByteStop             
00002d8d  I2C_masterReceiveSingle                    
00002915  I2C_masterReceiveSingleByte                
00002cab  I2C_masterReceiveStart                     
00002b8b  I2C_masterSendMultiByteFinish              
00002bd9  I2C_masterSendMultiByteFinishWithTimeout   
00002b21  I2C_masterSendMultiByteNext                
00002b4d  I2C_masterSendMultiByteNextWithTimeout     
00002a77  I2C_masterSendMultiByteStart               
00002ac5  I2C_masterSendMultiByteStartWithTimeout    
00002c45  I2C_masterSendMultiByteStop                
00002c6f  I2C_masterSendMultiByteStopWithTimeout     
00002985  I2C_masterSendSingleByte                   
000029eb  I2C_masterSendSingleByteWithTimeout        
00002dfd  I2C_masterSendStart                        
00006649  I2C_read16                                 
00002ed1  I2C_registerInterrupt                      
000028f9  I2C_setMode                                
000028e5  I2C_setSlaveAddress                        
00006713  I2C_setslave                               
0000295f  I2C_slaveGetData                           
00002949  I2C_slavePutData                           
00002f93  I2C_slaveSendNAK                           
00002f37  I2C_unregisterInterrupt                    
000066cf  I2C_write16                                
00006619  Init_I2C_GPIO                              
00004fdf  Interrupt_disableInterrupt                 
00004e2f  Interrupt_disableMaster                    
000051dd  Interrupt_disableSleepOnIsrExit            
00004f6d  Interrupt_enableInterrupt                  
00004e1f  Interrupt_enableMaster                     
000051cb  Interrupt_enableSleepOnIsrExit             
00004f47  Interrupt_getPriority                      
00004ebf  Interrupt_getPriorityGrouping              
000051ab  Interrupt_getPriorityMask                  
000051c5  Interrupt_getVectorTableAddress            
00005051  Interrupt_isEnabled                        
000050dd  Interrupt_pendInterrupt                    
00004e3f  Interrupt_registerInterrupt                
00004ef7  Interrupt_setPriority                      
00004ea5  Interrupt_setPriorityGrouping              
0000519b  Interrupt_setPriorityMask                  
000051b5  Interrupt_setVectorTableAddress            
0000514d  Interrupt_unpendInterrupt                  
00004e91  Interrupt_unregisterInterrupt              
2000030a  Lcd_FlagRead                               
2000030b  Lcd_FontSolid                              
2000030c  Lcd_Orientation                            
2000030d  Lcd_PenSolid                               
20000304  Lcd_ScreenHeigth                           
20000306  Lcd_ScreenWidth                            
20000308  Lcd_TouchTrim                              
UNDEFED   SHT$$INIT_ARRAY$$Base                      
UNDEFED   SHT$$INIT_ARRAY$$Limit                     
0000213b  SPI_changeClockPhasePolarity               
00002095  SPI_changeMasterClock                      
000022ed  SPI_clearInterruptFlag                     
0000226f  SPI_disableInterrupt                       
000021c9  SPI_disableModule                          
00002249  SPI_enableInterrupt                        
000021ad  SPI_enableModule                           
000022bd  SPI_getEnabledInterruptStatus              
00002295  SPI_getInterruptStatus                     
000021e5  SPI_getReceiveBufferAddressForDMA          
00002201  SPI_getTransmitBufferAddressForDMA         
00001fa9  SPI_initMaster                             
000020bd  SPI_initSlave                              
0000222d  SPI_isBusy                                 
00002191  SPI_receiveData                            
00002313  SPI_registerInterrupt                      
0000206f  SPI_selectFourPinFunctionality             
0000216b  SPI_transmitData                           
000023d1  SPI_unregisterInterrupt                    
00005c7b  SysCtl_disableGlitchFilter                 
00005b0b  SysCtl_disableNMISource                    
00005c13  SysCtl_disablePeripheralAtCPUHalt          
00005b55  SysCtl_disableSRAMBank                     
00005bd9  SysCtl_disableSRAMBankRetention            
00005c6f  SysCtl_enableGlitchFilter                  
00005b1f  SysCtl_enableNMISource                     
00005bff  SysCtl_enablePeripheralAtCPUHalt           
00005b39  SysCtl_enableSRAMBank                      
00005bbd  SysCtl_enableSRAMBankRetention             
00005b05  SysCtl_getFlashSize                        
00005b33  SysCtl_getNMISourceStatus                  
00005aff  SysCtl_getSRAMSize                         
00005a89  SysCtl_getTLVInfo                          
00005c87  SysCtl_getTempCalibrationConstant          
00005bf5  SysCtl_rebootDevice                        
00005c4b  SysCtl_setWDTPasswordViolationResetType    
00005c27  SysCtl_setWDTTimeoutResetType              
200002d8  SystemCoreClock                            
0000520d  SystemCoreClockUpdate                      
00005481  SystemInit                                 
00004a7b  TMP006_getTemp                             
00004a15  TMP006_init                                
00004a6b  TMP006_readAmbientTemperature              
00004a4b  TMP006_readDeviceId                        
00004a5b  TMP006_readObjectVoltage                   
4000480c  WDTCTL_SYM                                 
000072ad  _Dclass                                    
20000198  _Denorm                                    
0000693d  _Dint                                      
000069fd  _Dnorm                                     
00006731  _Dscale                                    
00006edf  _Dunscale                                  
200001a8  _Eps                                       
200002d0  _Errno                                     
00005ccd  _Exp                                       
20000218  _FDenorm                                   
20000228  _FEps                                      
20000238  _FInf                                      
20000248  _FNan                                      
20000268  _FRteps                                    
20000258  _FSnan                                     
20000278  _FXbig                                     
2000027c  _FZero                                     
200002c8  _Fenv                                      
000072dd  _Feraise                                   
200001b8  _Hugeval                                   
200001c8  _Inf                                       
00005535  _Log                                       
200001d8  _Nan                                       
200001f8  _Rteps                                     
200001e8  _Snan                                      
200002cc  _Tls_setup__Fenv                           
20000208  _Xbig                                      
20000210  _Zero                                      
20010000  __STACK_END                                
00000200  __STACK_SIZE                               
00007b98  __TI_CINIT_Base                            
00007bb0  __TI_CINIT_Limit                           
00007b78  __TI_Handler_Table_Base                    
00007b84  __TI_Handler_Table_Limit                   
00006e09  __TI_auto_init                             
200002c0  __TI_cleanup_ptr                           
00007433  __TI_decompress_none                       
0000744d  __TI_decompress_rle24                      
200002c4  __TI_dtors_ptr                             
00000ef5  __TI_printfi                               
00000000  __TI_static_base__                         
00007441  __TI_zero_init                             
00006c15  __aeabi_cdcmpeq                            
00006c15  __aeabi_cdcmple                            
00006c9b  __aeabi_cdrcmple                           
00006d9b  __aeabi_d2f                                
00007135  __aeabi_d2iz                               
000060c7  __aeabi_dadd                               
000063ad  __aeabi_ddiv                               
00006841  __aeabi_dmul                               
000060bd  __aeabi_dsub                               
0000723f  __aeabi_f2d                                
0000730d  __aeabi_i2d                                
00006d21  __aeabi_memclr                             
00006d21  __aeabi_memclr4                            
00006d21  __aeabi_memclr8                            
00006b79  __aeabi_memcpy                             
00006b79  __aeabi_memcpy4                            
00006b79  __aeabi_memcpy8                            
00006d23  __aeabi_memset                             
00006d23  __aeabi_memset4                            
00006d23  __aeabi_memset8                            
00005ec9  __aeabi_uldivmod                           
ffffffff  __binit__                                  
ffffffff  __c_args__                                 
2000fe00  __stack                                    
000073c9  _args_main                                 
0000704d  _c_int00                                   
00007750  _ctypes_                                   
200002b8  _lock                                      
00007407  _nop                                       
000073ff  _register_lock                             
000073f9  _register_unlock                           
00007453  _system_pre_init                           
200002bc  _unlock                                    
00007181  abort                                      
0000709d  atoi                                       
ffffffff  binit                                      
000070e9  copy_in                                    
00007189  exit                                       
00007279  feraiseexcept                              
00007369  frexp                                      
20000000  g_pfnRAMVectors                            
200002dc  g_sContext                                 
00007a60  g_sCrystalfontz128x128                     
00007854  g_sFontFixed6x8                            
00007ac4  i2cConfig                                  
00000000  interruptVectors                           
00006ffb  ldexp                                      
000073af  log                                        
00006fa5  ltoa                                       
00006275  main                                       
200002d4  main_func_sp                               
00007393  memccpy                                    
00006b79  memcpy                                     
00006d29  memset                                     
00003c6d  pow                                        
0000733b  raise                                      
000071c1  signal                                     
00006f45  sprintf                                    
000073e1  strchr                                     
0000740d  strlen                                     
20000300  temp                                       


GLOBAL SYMBOLS: SORTED BY Symbol Address 

address   name                                       
-------   ----                                       
00000000  __TI_static_base__                         
00000000  interruptVectors                           
00000200  __STACK_SIZE                               
00000ef5  __TI_printfi                               
00001461  CS_setExternalClockSourceFrequency         
0000149d  CS_initClockSignal                         
000015a1  CS_startHFXT                               
000015c5  CS_startHFXTWithTimeout                    
00001689  CS_startLFXT                               
000016ad  CS_startLFXTWithTimeout                    
0000177d  CS_enableClockRequest                      
000017a5  CS_disableClockRequest                     
000017c7  CS_setReferenceOscillatorFrequency         
000017ed  CS_enableDCOExternalResistor               
00001815  CS_setDCOExternalResistorCalibration       
0000188b  CS_disableDCOExternalResistor              
000018a9  CS_setDCOCenteredFrequency                 
000018e1  CS_tuneDCOFrequency                        
00001985  CS_getDCOFrequency                         
00001b25  CS_setDCOFrequency                         
00001cfd  CS_getBCLK                                 
00001d19  CS_getHSMCLK                               
00001d3d  CS_getACLK                                 
00001d61  CS_getSMCLK                                
00001d83  CS_getMCLK                                 
00001da5  CS_enableFaultCounter                      
00001dd1  CS_disableFaultCounter                     
00001dfd  CS_resetFaultCounter                       
00001e49  CS_startFaultCounter                       
00001e99  CS_enableInterrupt                         
00001ebb  CS_disableInterrupt                        
00001edd  CS_getInterruptStatus                      
00001ee3  CS_getEnabledInterruptStatus               
00001efd  CS_clearInterruptFlag                      
00001f1f  CS_registerInterrupt                       
00001f33  CS_unregisterInterrupt                     
00001fa9  SPI_initMaster                             
0000206f  SPI_selectFourPinFunctionality             
00002095  SPI_changeMasterClock                      
000020bd  SPI_initSlave                              
0000213b  SPI_changeClockPhasePolarity               
0000216b  SPI_transmitData                           
00002191  SPI_receiveData                            
000021ad  SPI_enableModule                           
000021c9  SPI_disableModule                          
000021e5  SPI_getReceiveBufferAddressForDMA          
00002201  SPI_getTransmitBufferAddressForDMA         
0000222d  SPI_isBusy                                 
00002249  SPI_enableInterrupt                        
0000226f  SPI_disableInterrupt                       
00002295  SPI_getInterruptStatus                     
000022bd  SPI_getEnabledInterruptStatus              
000022ed  SPI_clearInterruptFlag                     
00002313  SPI_registerInterrupt                      
000023d1  SPI_unregisterInterrupt                    
0000247d  EUSCI_B_SPI_select4PinFunctionality        
0000249d  EUSCI_B_SPI_masterChangeClock              
000024cf  EUSCI_B_SPI_slaveInit                      
00002519  EUSCI_B_SPI_changeClockPhasePolarity       
0000255b  EUSCI_B_SPI_transmitData                   
00002571  EUSCI_B_SPI_receiveData                    
00002581  EUSCI_B_SPI_enableInterrupt                
0000259b  EUSCI_B_SPI_disableInterrupt               
000025b5  EUSCI_B_SPI_getInterruptStatus             
000025cd  EUSCI_B_SPI_clearInterruptFlag             
000025e7  EUSCI_B_SPI_enable                         
000025fd  EUSCI_B_SPI_disable                        
00002613  EUSCI_B_SPI_getReceiveBufferAddressForDMA  
00002621  EUSCI_B_SPI_getTransmitBufferAddressForDMA 
0000262f  EUSCI_B_SPI_isBusy                         
00002647  EUSCI_A_SPI_select4PinFunctionality        
00002667  EUSCI_A_SPI_masterChangeClock              
0000269d  EUSCI_A_SPI_slaveInit                      
000026e7  EUSCI_A_SPI_changeClockPhasePolarity       
00002729  EUSCI_A_SPI_transmitData                   
0000273f  EUSCI_A_SPI_receiveData                    
0000274f  EUSCI_A_SPI_enableInterrupt                
00002769  EUSCI_A_SPI_disableInterrupt               
00002783  EUSCI_A_SPI_getInterruptStatus             
0000279b  EUSCI_A_SPI_clearInterruptFlag             
000027b5  EUSCI_A_SPI_enable                         
000027cb  EUSCI_A_SPI_disable                        
000027e1  EUSCI_A_SPI_getReceiveBufferAddressForDMA  
000027ef  EUSCI_A_SPI_getTransmitBufferAddressForDMA 
000027fd  EUSCI_A_SPI_isBusy                         
0000281d  I2C_initMaster                             
0000287f  I2C_initSlave                              
000028b9  I2C_enableModule                           
000028cf  I2C_disableModule                          
000028e5  I2C_setSlaveAddress                        
000028f9  I2C_setMode                                
00002915  I2C_masterReceiveSingleByte                
00002949  I2C_slavePutData                           
0000295f  I2C_slaveGetData                           
00002973  I2C_isBusBusy                              
00002985  I2C_masterSendSingleByte                   
000029eb  I2C_masterSendSingleByteWithTimeout        
00002a77  I2C_masterSendMultiByteStart               
00002ac5  I2C_masterSendMultiByteStartWithTimeout    
00002b21  I2C_masterSendMultiByteNext                
00002b4d  I2C_masterSendMultiByteNextWithTimeout     
00002b8b  I2C_masterSendMultiByteFinish              
00002bd9  I2C_masterSendMultiByteFinishWithTimeout   
00002c45  I2C_masterSendMultiByteStop                
00002c6f  I2C_masterSendMultiByteStopWithTimeout     
00002cab  I2C_masterReceiveStart                     
00002cc5  I2C_masterReceiveMultiByteNext             
00002cdd  I2C_masterReceiveMultiByteFinish           
00002d1b  I2C_masterReceiveMultiByteFinishWithTimeout
00002d79  I2C_masterReceiveMultiByteStop             
00002d8d  I2C_masterReceiveSingle                    
00002db7  I2C_getReceiveBufferAddressForDMA          
00002dc5  I2C_getTransmitBufferAddressForDMA         
00002dd3  I2C_masterIsStopSent                       
00002de5  I2C_masterIsStartSent                      
00002dfd  I2C_masterSendStart                        
00002e11  I2C_enableMultiMasterMode                  
00002e31  I2C_disableMultiMasterMode                 
00002e51  I2C_enableInterrupt                        
00002e67  I2C_disableInterrupt                       
00002e7d  I2C_clearInterruptFlag                     
00002e93  I2C_getInterruptStatus                     
00002eab  I2C_getEnabledInterruptStatus              
00002ebb  I2C_getMode                                
00002ed1  I2C_registerInterrupt                      
00002f37  I2C_unregisterInterrupt                    
00002f93  I2C_slaveSendNAK                           
00002fc5  Crystalfontz128x128_Init                   
000030d9  Crystalfontz128x128_SetDrawFrame           
00003207  Crystalfontz128x128_SetOrientation         
0000367d  Graphics_getStringWidth                    
00003777  Graphics_drawString                        
00003bf5  Graphics_getStringBaseline                 
00003c05  Graphics_drawStringCentered                
00003c4d  Graphics_getStringHeight                   
00003c5d  Graphics_getStringMaxWidth                 
00003c6d  pow                                        
00004105  Graphics_drawLineH                         
000041a1  Graphics_drawLineV                         
00004421  Graphics_drawLine                          
00004595  GPIO_setAsOutputPin                        
000045cf  GPIO_setAsInputPin                         
00004615  GPIO_setAsPeripheralModuleFunctionOutputPin
00004699  GPIO_setAsPeripheralModuleFunctionInputPin 
0000471d  GPIO_setOutputHighOnPin                    
0000473f  GPIO_setOutputLowOnPin                     
00004761  GPIO_toggleOutputOnPin                     
00004783  GPIO_setAsInputPinWithPullDownResistor     
000047d5  GPIO_setAsInputPinWithPullUpResistor       
00004827  GPIO_getInputPinValue                      
00004855  GPIO_enableInterrupt                       
00004877  GPIO_disableInterrupt                      
00004899  GPIO_getInterruptStatus                    
000048b7  GPIO_clearInterruptFlag                    
000048d9  GPIO_interruptEdgeSelect                   
0000490f  GPIO_getEnabledInterruptStatus             
0000498b  GPIO_setDriveStrengthHigh                  
000049ad  GPIO_setDriveStrengthLow                   
000049cf  GPIO_registerInterrupt                     
000049ef  GPIO_unregisterInterrupt                   
00004a15  TMP006_init                                
00004a4b  TMP006_readDeviceId                        
00004a5b  TMP006_readObjectVoltage                   
00004a6b  TMP006_readAmbientTemperature              
00004a7b  TMP006_getTemp                             
00004e1f  Interrupt_enableMaster                     
00004e2f  Interrupt_disableMaster                    
00004e3f  Interrupt_registerInterrupt                
00004e91  Interrupt_unregisterInterrupt              
00004ea5  Interrupt_setPriorityGrouping              
00004ebf  Interrupt_getPriorityGrouping              
00004ef7  Interrupt_setPriority                      
00004f47  Interrupt_getPriority                      
00004f6d  Interrupt_enableInterrupt                  
00004fdf  Interrupt_disableInterrupt                 
00005051  Interrupt_isEnabled                        
000050dd  Interrupt_pendInterrupt                    
0000514d  Interrupt_unpendInterrupt                  
0000519b  Interrupt_setPriorityMask                  
000051ab  Interrupt_getPriorityMask                  
000051b5  Interrupt_setVectorTableAddress            
000051c5  Interrupt_getVectorTableAddress            
000051cb  Interrupt_enableSleepOnIsrExit             
000051dd  Interrupt_disableSleepOnIsrExit            
0000520d  SystemCoreClockUpdate                      
00005481  SystemInit                                 
00005535  _Log                                       
00005821  Graphics_initContext                       
0000586b  Graphics_setClipRegion                     
00005935  Graphics_setBackgroundColor                
0000594f  Graphics_setBackgroundColorTranslated      
00005965  Graphics_setFont                           
0000597f  Graphics_getFontBaseline                   
0000598d  Graphics_setForegroundColor                
000059a3  Graphics_setForegroundColorTranslated      
000059b5  Graphics_getFontHeight                     
000059c3  Graphics_getFontMaxWidth                   
000059d1  Graphics_getDisplayWidth                   
000059e1  Graphics_getDisplayHeight                  
000059f1  Graphics_getHeightOfDisplay                
000059ff  Graphics_flushBuffer                       
00005a0d  Graphics_clearDisplay                      
00005a1f  Graphics_drawPixel                         
00005a79  Graphics_getWidthOfDisplay                 
00005a89  SysCtl_getTLVInfo                          
00005aff  SysCtl_getSRAMSize                         
00005b05  SysCtl_getFlashSize                        
00005b0b  SysCtl_disableNMISource                    
00005b1f  SysCtl_enableNMISource                     
00005b33  SysCtl_getNMISourceStatus                  
00005b39  SysCtl_enableSRAMBank                      
00005b55  SysCtl_disableSRAMBank                     
00005bbd  SysCtl_enableSRAMBankRetention             
00005bd9  SysCtl_disableSRAMBankRetention            
00005bf5  SysCtl_rebootDevice                        
00005bff  SysCtl_enablePeripheralAtCPUHalt           
00005c13  SysCtl_disablePeripheralAtCPUHalt          
00005c27  SysCtl_setWDTTimeoutResetType              
00005c4b  SysCtl_setWDTPasswordViolationResetType    
00005c6f  SysCtl_enableGlitchFilter                  
00005c7b  SysCtl_disableGlitchFilter                 
00005c87  SysCtl_getTempCalibrationConstant          
00005ccd  _Exp                                       
00005ec9  __aeabi_uldivmod                           
000060bd  __aeabi_dsub                               
000060c7  __aeabi_dadd                               
00006275  main                                       
000063ad  __aeabi_ddiv                               
000064e3  Graphics_drawPixelOnDisplay                
0000650d  Graphics_drawMultiplePixelsOnDisplay       
00006551  Graphics_drawHorizontalLineOnDisplay       
00006585  Graphics_drawVerticalLineOnDisplay         
000065b9  Graphics_fillRectangleOnDisplay            
000065d7  Graphics_translateColorOnDisplay           
000065ed  Graphics_flushOnDisplay                    
000065ff  Graphics_clearDisplayOnDisplay             
00006619  Init_I2C_GPIO                              
00006631  I2C_init                                   
00006649  I2C_read16                                 
000066cf  I2C_write16                                
00006713  I2C_setslave                               
00006731  _Dscale                                    
00006841  __aeabi_dmul                               
0000693d  _Dint                                      
000069fd  _Dnorm                                     
00006abd  HAL_LCD_PortInit                           
00006aed  HAL_LCD_SpiInit                            
00006b23  HAL_LCD_writeCommand                       
00006b51  HAL_LCD_writeData                          
00006b79  __aeabi_memcpy                             
00006b79  __aeabi_memcpy4                            
00006b79  __aeabi_memcpy8                            
00006b79  memcpy                                     
00006c15  __aeabi_cdcmpeq                            
00006c15  __aeabi_cdcmple                            
00006c9b  __aeabi_cdrcmple                           
00006d21  __aeabi_memclr                             
00006d21  __aeabi_memclr4                            
00006d21  __aeabi_memclr8                            
00006d23  __aeabi_memset                             
00006d23  __aeabi_memset4                            
00006d23  __aeabi_memset8                            
00006d29  memset                                     
00006d9b  __aeabi_d2f                                
00006e09  __TI_auto_init                             
00006edf  _Dunscale                                  
00006f45  sprintf                                    
00006fa5  ltoa                                       
00006ffb  ldexp                                      
0000704d  _c_int00                                   
0000709d  atoi                                       
000070e9  copy_in                                    
00007135  __aeabi_d2iz                               
0000717d  C$$EXIT                                    
00007181  abort                                      
00007189  exit                                       
000071c1  signal                                     
00007201  CPU_cpsid                                  
0000720d  CPU_primask                                
00007217  CPU_cpsie                                  
00007223  CPU_wfi                                    
00007227  CPU_basepriSet                             
00007235  CPU_basepriGet                             
0000723f  __aeabi_f2d                                
00007279  feraiseexcept                              
000072ad  _Dclass                                    
000072dd  _Feraise                                   
0000730d  __aeabi_i2d                                
0000733b  raise                                      
00007369  frexp                                      
00007393  memccpy                                    
000073af  log                                        
000073c9  _args_main                                 
000073e1  strchr                                     
000073f9  _register_unlock                           
000073ff  _register_lock                             
00007407  _nop                                       
0000740d  strlen                                     
00007433  __TI_decompress_none                       
00007441  __TI_zero_init                             
0000744d  __TI_decompress_rle24                      
00007453  _system_pre_init                           
00007750  _ctypes_                                   
00007854  g_sFontFixed6x8                            
00007a60  g_sCrystalfontz128x128                     
00007ac4  i2cConfig                                  
00007b78  __TI_Handler_Table_Base                    
00007b84  __TI_Handler_Table_Limit                   
00007b98  __TI_CINIT_Base                            
00007bb0  __TI_CINIT_Limit                           
20000000  g_pfnRAMVectors                            
20000198  _Denorm                                    
200001a8  _Eps                                       
200001b8  _Hugeval                                   
200001c8  _Inf                                       
200001d8  _Nan                                       
200001e8  _Snan                                      
200001f8  _Rteps                                     
20000208  _Xbig                                      
20000210  _Zero                                      
20000218  _FDenorm                                   
20000228  _FEps                                      
20000238  _FInf                                      
20000248  _FNan                                      
20000258  _FSnan                                     
20000268  _FRteps                                    
20000278  _FXbig                                     
2000027c  _FZero                                     
200002b8  _lock                                      
200002bc  _unlock                                    
200002c0  __TI_cleanup_ptr                           
200002c4  __TI_dtors_ptr                             
200002c8  _Fenv                                      
200002cc  _Tls_setup__Fenv                           
200002d0  _Errno                                     
200002d4  main_func_sp                               
200002d8  SystemCoreClock                            
200002dc  g_sContext                                 
20000300  temp                                       
20000304  Lcd_ScreenHeigth                           
20000306  Lcd_ScreenWidth                            
20000308  Lcd_TouchTrim                              
2000030a  Lcd_FlagRead                               
2000030b  Lcd_FontSolid                              
2000030c  Lcd_Orientation                            
2000030d  Lcd_PenSolid                               
2000fe00  __stack                                    
20010000  __STACK_END                                
4000480c  WDTCTL_SYM                                 
ffffffff  __binit__                                  
ffffffff  __c_args__                                 
ffffffff  binit                                      
UNDEFED   SHT$$INIT_ARRAY$$Base                      
UNDEFED   SHT$$INIT_ARRAY$$Limit                     

[354 symbols]
